Component: ARM Compiler 5.06 update 6 (build 750) Tool: armlink [4d35ed]

==============================================================================

Section Cross References

    main.o(.text) refers to misc.o(.text) for NVIC_PriorityGroupConfig
    main.o(.text) refers to delay.o(.text) for delay_init
    main.o(.text) refers to usart.o(.text) for uart_init
    main.o(.text) refers to key.o(.text) for switch_Init
    main.o(.text) refers to wifi.o(.text) for wifi_init
    main.o(.text) refers to relay_control.o(.text) for chip_74hc573_init
    main.o(.text) refers to 74hc4051.o(.text) for chip_74hc4051_adc_init
    main.o(.text) refers to led.o(.text) for LED_Init
    main.o(.text) refers to ads1256.o(.text) for ADS1256_GPIO_init
    main.o(.text) refers to pwm_check.o(.text) for PWM_Gpio_Init
    main.o(.text) refers to stm32f4xx_gpio.o(.text) for GPIO_ReadInputDataBit
    main.o(.text) refers to main.o(.data) for first_start
    system_stm32f4xx.o(.text) refers to system_stm32f4xx.o(.data) for SystemCoreClock
    led.o(.text) refers to stm32f4xx_rcc.o(.text) for RCC_AHB1PeriphClockCmd
    led.o(.text) refers to stm32f4xx_gpio.o(.text) for GPIO_Init
    key.o(.text) refers to stm32f4xx_rcc.o(.text) for RCC_AHB1PeriphClockCmd
    key.o(.text) refers to stm32f4xx_gpio.o(.text) for GPIO_Init
    key.o(.text) refers to delay.o(.text) for delay_ms
    key.o(.text) refers to key.o(.data) for switch_vlaue
    dma.o(.text) refers to stm32f4xx_rcc.o(.text) for RCC_AHB1PeriphClockCmd
    dma.o(.text) refers to stm32f4xx_dma.o(.text) for DMA_DeInit
    dma.o(.text) refers to misc.o(.text) for NVIC_Init
    relay_control.o(.text) refers to stm32f4xx_rcc.o(.text) for RCC_AHB1PeriphClockCmd
    relay_control.o(.text) refers to stm32f4xx_gpio.o(.text) for GPIO_Init
    relay_control.o(.text) refers to delay.o(.text) for delay_ms
    relay_control.o(.text) refers to relay_control.o(.bss) for lock_io_infos
    wifi.o(.text) refers to stm32f4xx_dma.o(.text) for DMA_GetCurrDataCounter
    wifi.o(.text) refers to dma.o(.text) for MYDMA_Config
    wifi.o(.text) refers to stm32f4xx_rcc.o(.text) for RCC_APB1PeriphClockCmd
    wifi.o(.text) refers to stm32f4xx_tim.o(.text) for TIM_TimeBaseInit
    wifi.o(.text) refers to misc.o(.text) for NVIC_Init
    wifi.o(.text) refers to relay_control.o(.text) for chip_74hc573_send_data
    wifi.o(.text) refers to stm32f4xx_gpio.o(.text) for GPIO_Init
    wifi.o(.text) refers to usart.o(.text) for uart6_init
    wifi.o(.text) refers to stm32f4xx_usart.o(.text) for USART_DMACmd
    wifi.o(.text) refers to wifi.o(.data) for frame_s
    wifi.o(.text) refers to key.o(.data) for switch_vlaue
    wifi.o(.text) refers to wifi.o(.bss) for frame_send_char
    wifi.o(.data) refers to wifi.o(.bss) for RecBuff
    74hc4051.o(.text) refers to stm32f4xx_rcc.o(.text) for RCC_AHB1PeriphClockCmd
    74hc4051.o(.text) refers to stm32f4xx_gpio.o(.text) for GPIO_Init
    74hc4051.o(.text) refers to stm32f4xx_adc.o(.text) for ADC_CommonInit
    74hc4051.o(.text) refers to delay.o(.text) for delay_ms
    74hc4051.o(.text) refers to dflt_clz.o(x$fpl$dfltu) for __aeabi_ui2d
    74hc4051.o(.text) refers to ddiv.o(x$fpl$ddiv) for __aeabi_ddiv
    74hc4051.o(.text) refers to dmul.o(x$fpl$dmul) for __aeabi_dmul
    74hc4051.o(.text) refers to dfixu.o(x$fpl$dfixu) for __aeabi_d2uiz
    74hc4051.o(.text) refers to 74hc4051.o(.data) for chanenl
    74hc4051.o(.text) refers to wifi.o(.data) for frame_s
    ads1256.o(.text) refers to _printf_percent.o(.ARM.Collect$$_printf_percent$$00000000) for _printf_percent
    ads1256.o(.text) refers to _printf_d.o(.ARM.Collect$$_printf_percent$$00000009) for _printf_d
    ads1256.o(.text) refers to _printf_dec.o(.text) for _printf_int_dec
    ads1256.o(.text) refers to stm32f4xx_gpio.o(.text) for GPIO_ReadInputDataBit
    ads1256.o(.text) refers to stm32f4xx_spi.o(.text) for SPI_I2S_GetFlagStatus
    ads1256.o(.text) refers to delay.o(.text) for delay_us
    ads1256.o(.text) refers to stm32f4xx_rcc.o(.text) for RCC_AHB1PeriphClockCmd
    ads1256.o(.text) refers to noretval__2printf.o(.text) for __2printf
    ads1256.o(.text) refers to dflt_clz.o(x$fpl$dflt) for __aeabi_i2d
    ads1256.o(.text) refers to dmul.o(x$fpl$dmul) for __aeabi_dmul
    ads1256.o(.text) refers to d2f.o(x$fpl$d2f) for __aeabi_d2f
    ads1256.o(.text) refers to ads1256.o(.data) for ADS_CS
    ads1256.o(.text) refers to wifi.o(.data) for frame_s
    pwm_check.o(.text) refers to delay.o(.text) for delay_ms
    pwm_check.o(.text) refers to noretval__2printf.o(.text) for __2printf
    pwm_check.o(.text) refers to stm32f4xx_exti.o(.text) for EXTI_ClearITPendingBit
    pwm_check.o(.text) refers to stm32f4xx_rcc.o(.text) for RCC_APB1PeriphClockCmd
    pwm_check.o(.text) refers to stm32f4xx_tim.o(.text) for TIM_TimeBaseInit
    pwm_check.o(.text) refers to misc.o(.text) for NVIC_Init
[...]
    ..\\SYSTEM\\delay\\delay.c               0x00000000   Number         0  delay.o ABSOLUTE
    ..\\SYSTEM\\sys\\sys.c                   0x00000000   Number         0  sys.o ABSOLUTE
    ..\\SYSTEM\\usart\\usart.c               0x00000000   Number         0  usart.o ABSOLUTE
    dc.s                                     0x00000000   Number         0  dc.o ABSOLUTE
    main.c                                   0x00000000   Number         0  main.o ABSOLUTE
    main.c                                   0x00000000   Number         0  main.o ABSOLUTE
    stm32f4xx_it.c                           0x00000000   Number         0  stm32f4xx_it.o ABSOLUTE
    stm32f4xx_it.c                           0x00000000   Number         0  stm32f4xx_it.o ABSOLUTE
    system_stm32f4xx.c                       0x00000000   Number         0  system_stm32f4xx.o ABSOLUTE
    system_stm32f4xx.c                       0x00000000   Number         0  system_stm32f4xx.o ABSOLUTE
    RESET                                    0x08000000   Section      392  startup_stm32f40_41xxx.o(RESET)
    !!!main                                  0x08000188   Section        8  __main.o(!!!main)
    !!!scatter                               0x08000190   Section       52  __scatter.o(!!!scatter)
    !!handler_copy                           0x080001c4   Section       26  __scatter_copy.o(!!handler_copy)
    !!handler_zi                             0x080001e0   Section       28  __scatter_zi.o(!!handler_zi)
    .ARM.Collect$$_printf_percent$$00000000  0x080001fc   Section        0  _printf_percent.o(.ARM.Collect$$_printf_percent$$00000000)
    .ARM.Collect$$_printf_percent$$00000009  0x080001fc   Section        6  _printf_d.o(.ARM.Collect$$_printf_percent$$00000009)
    .ARM.Collect$$_printf_percent$$00000017  0x08000202   Section        4  _printf_percent_end.o(.ARM.Collect$$_printf_percent$$00000017)
    .ARM.Collect$$libinit$$00000000          0x08000206   Section        2  libinit.o(.ARM.Collect$$libinit$$00000000)
    .ARM.Collect$$libinit$$00000001          0x08000208   Section        4  libinit2.o(.ARM.Collect$$libinit$$00000001)
    .ARM.Collect$$libinit$$00000004          0x0800020c   Section        0  libinit2.o(.ARM.Collect$$libinit$$00000004)
    .ARM.Collect$$libinit$$0000000A          0x0800020c   Section        0  libinit2.o(.ARM.Collect$$libinit$$0000000A)
    .ARM.Collect$$libinit$$0000000C          0x0800020c   Section        0  libinit2.o(.ARM.Collect$$libinit$$0000000C)
    .ARM.Collect$$libinit$$0000000E          0x0800020c   Section        0  libinit2.o(.ARM.Collect$$libinit$$0000000E)
    .ARM.Collect$$libinit$$00000011          0x0800020c   Section        0  libinit2.o(.ARM.Collect$$libinit$$00000011)
    .ARM.Collect$$libinit$$00000013          0x0800020c   Section        0  libinit2.o(.ARM.Collect$$libinit$$00000013)
    .ARM.Collect$$libinit$$00000015          0x0800020c   Section        0  libinit2.o(.ARM.Collect$$libinit$$00000015)
    .ARM.Collect$$libinit$$00000017          0x0800020c   Section        0  libinit2.o(.ARM.Collect$$libinit$$00000017)
    .ARM.Collect$$libinit$$00000019          0x0800020c   Section        0  libinit2.o(.ARM.Collect$$libinit$$00000019)
    .ARM.Collect$$libinit$$0000001B          0x0800020c   Section        0  libinit2.o(.ARM.Collect$$libinit$$0000001B)
    .ARM.Collect$$libinit$$0000001D          0x0800020c   Section        0  libinit2.o(.ARM.Collect$$libinit$$0000001D)
    .ARM.Collect$$libinit$$0000001F          0x0800020c   Section        0  libinit2.o(.ARM.Collect$$libinit$$0000001F)
    .ARM.Collect$$libinit$$00000021          0x0800020c   Section        0  libinit2.o(.ARM.Collect$$libinit$$00000021)
    .ARM.Collect$$libinit$$00000023          0x0800020c   Section        0  libinit2.o(.ARM.Collect$$libinit$$00000023)
    .ARM.Collect$$libinit$$00000025          0x0800020c   Section        0  libinit2.o(.ARM.Collect$$libinit$$00000025)
    .ARM.Collect$$libinit$$0000002C          0x0800020c   Section        0  libinit2.o(.ARM.Collect$$libinit$$0000002C)
    .ARM.Collect$$libinit$$0000002E          0x0800020c   Section        0  libinit2.o(.ARM.Collect$$libinit$$0000002E)
    .ARM.Collect$$libinit$$00000030          0x0800020c   Section        0  libinit2.o(.ARM.Collect$$libinit$$00000030)
    .ARM.Collect$$libinit$$00000032          0x0800020c   Section        0  libinit2.o(.ARM.Collect$$libinit$$00000032)
    .ARM.Collect$$libinit$$00000033          0x0800020c   Section        2  libinit2.o(.ARM.Collect$$libinit$$00000033)
    .ARM.Collect$$libshutdown$$00000000      0x0800020e   Section        2  libshutdown.o(.ARM.Collect$$libshutdown$$00000000)
    .ARM.Collect$$libshutdown$$00000002      0x08000210   Section        0  libshutdown2.o(.ARM.Collect$$libshutdown$$00000002)
    .ARM.Collect$$libshutdown$$00000004      0x08000210   Section        0  libshutdown2.o(.ARM.Collect$$libshutdown$$00000004)
    .ARM.Collect$$libshutdown$$00000007      0x08000210   Section        0  libshutdown2.o(.ARM.Collect$$libshutdown$$00000007)
    .ARM.Collect$$libshutdown$$0000000A      0x08000210   Section        0  libshutdown2.o(.ARM.Collect$$libshutdown$$0000000A)
    .ARM.Collect$$libshutdown$$0000000C      0x08000210   Section        0  libshutdown2.o(.ARM.Collect$$libshutdown$$0000000C)
    .ARM.Collect$$libshutdown$$0000000F      0x08000210   Section        0  libshutdown2.o(.ARM.Collect$$libshutdown$$0000000F)
    .ARM.Collect$$libshutdown$$00000010      0x08000210   Section        2  libshutdown2.o(.ARM.Collect$$libshutdown$$00000010)
    .ARM.Collect$$rtentry$$00000000          0x08000212   Section        0  __rtentry.o(.ARM.Collect$$rtentry$$00000000)
    .ARM.Collect$$rtentry$$00000002          0x08000212   Section        0  __rtentry2.o(.ARM.Collect$$rtentry$$00000002)
    .ARM.Collect$$rtentry$$00000004          0x08000212   Section        6  __rtentry4.o(.ARM.Collect$$rtentry$$00000004)
    .ARM.Collect$$rtentry$$00000009          0x08000218   Section        0  __rtentry2.o(.ARM.Collect$$rtentry$$00000009)
    .ARM.Collect$$rtentry$$0000000A          0x08000218   Section        4  __rtentry2.o(.ARM.Collect$$rtentry$$0000000A)
    .ARM.Collect$$rtentry$$0000000C          0x0800021c   Section        0  __rtentry2.o(.ARM.Collect$$rtentry$$0000000C)
    .ARM.Collect$$rtentry$$0000000D          0x0800021c   Section        8  __rtentry2.o(.ARM.Collect$$rtentry$$0000000D)
    .ARM.Collect$$rtexit$$00000000           0x08000224   Section        2  rtexit.o(.ARM.Collect$$rtexit$$00000000)
    .ARM.Collect$$rtexit$$00000002           0x08000226   Section        0  rtexit2.o(.ARM.Collect$$rtexit$$00000002)
    .ARM.Collect$$rtexit$$00000003           0x08000226   Section        4  rtexit2.o(.ARM.Collect$$rtexit$$00000003)
    .ARM.Collect$$rtexit$$00000004           0x0800022a   Section        6  rtexit2.o(.ARM.Collect$$rtexit$$00000004)
    .text                                    0x08000230   Section        0  main.o(.text)
    .text                                    0x08000308   Section        0  stm32f4xx_it.o(.text)
    .text                                    0x08000324   Section        0  system_stm32f4xx.o(.text)
    SetSysClock                              0x08000325   Thumb Code   220  system_stm32f4xx.o(.text)
    .text                                    0x08000534   Section        0  led.o(.text)
    .text                                    0x08000570   Section        0  key.o(.text)
    .text                                    0x08000614   Section        0  dma.o(.text)
    .text                                    0x08000720   Section        0  relay_control.o(.text)
    data_init                                0x08000721   Thumb Code   300  relay_control.o(.text)
    chip_74hc573_data_refresh                0x080008eb   Thumb Code    38  relay_control.o(.text)
    .text                                    0x08000994   Section        0  wifi.o(.text)
    .text                                    0x08000c98   Section        0  74hc4051.o(.text)
    .text                                    0x080010a0   Section        0  ads1256.o(.text)
    .text                                    0x080015dc   Section        0  pwm_check.o(.text)
    .text                                    0x08001824   Section        0  delay.o(.text)
    .text                                    0x08001928   Section        0  usart.o(.text)
    .text                                    0x08001a64   Section       64  startup_stm32f40_41xxx.o(.text)
    $v0                                      0x08001a64   Number         0  startup_stm32f40_41xxx.o(.text)
    .text                                    0x08001aa4   Section        0  misc.o(.text)
    .text                                    0x08001b84   Section        0  stm32f4xx_dma.o(.text)
    .text                                    0x08001f2c   Section        0  stm32f4xx_gpio.o(.text)
    .text                                    0x080021c0   Section        0  stm32f4xx_usart.o(.text)
    .text                                    0x08002614   Section        0  stm32f4xx_rcc.o(.text)
    .text                                    0x08002c70   Section        0  stm32f4xx_adc.o(.text)
    .text                                    0x080030d4   Section        0  stm32f4xx_spi.o(.text)
    .text                                    0x08003554   Section        0  stm32f4xx_tim.o(.text)
    TI4_Config                               0x08003cf3   Thumb Code    80  stm32f4xx_tim.o(.text)
    TI3_Config                               0x08003d55   Thumb Code    72  stm32f4xx_tim.o(.text)
    TI2_Config                               0x08003db7   Thumb Code    90  stm32f4xx_tim.o(.text)
    TI1_Config                               0x08003e23   Thumb Code    58  stm32f4xx_tim.o(.text)
    .text                                    0x080041f8   Section        0  stm32f4xx_exti.o(.text)
    .text                                    0x08004308   Section        2  use_no_semi_2.o(.text)
    .text                                    0x0800430c   Section        0  noretval__2printf.o(.text)
    .text                                    0x08004324   Section        0  _printf_dec.o(.text)
    .text                                    0x0800439c   Section        0  __printf_ss.o(.text)
    .text                                    0x08004454   Section        0  heapauxi.o(.text)
    .text                                    0x0800445a   Section        2  use_no_semi.o(.text)
    .text                                    0x0800445c   Section        0  _printf_intcommon.o(.text)
    .text                                    0x08004510   Section        0  _printf_char_file.o(.text)
    .text                                    0x08004534   Section        0  _printf_char_common.o(.text)
    _printf_input_char                       0x08004535   Thumb Code    10  _printf_char_common.o(.text)
    .text                                    0x08004564   Section        0  ferror.o(.text)
    .text                                    0x0800456c   Section       74  sys_stackheap_outer.o(.text)
    .text                                    0x080045b6   Section        0  exit.o(.text)
    .text                                    0x080045c8   Section        8  libspace.o(.text)
    x$fpl$d2f                                0x080045d0   Section       98  d2f.o(x$fpl$d2f)
    $v0                                      0x080045d0   Number         0  d2f.o(x$fpl$d2f)
    x$fpl$ddiv                               0x08004634   Section      688  ddiv.o(x$fpl$ddiv)
    $v0                                      0x08004634   Number         0  ddiv.o(x$fpl$ddiv)
    ddiv_entry                               0x0800463b   Thumb Code     0  ddiv.o(x$fpl$ddiv)
    x$fpl$dfixu                              0x080048e4   Section       90  dfixu.o(x$fpl$dfixu)
    $v0                                      0x080048e4   Number         0  dfixu.o(x$fpl$dfixu)
    x$fpl$dflt                               0x0800493e   Section       46  dflt_clz.o(x$fpl$dflt)
    $v0                                      0x0800493e   Number         0  dflt_clz.o(x$fpl$dflt)
    x$fpl$dfltu                              0x0800496c   Section       38  dflt_clz.o(x$fpl$dfltu)
    $v0                                      0x0800496c   Number         0  dflt_clz.o(x$fpl$dfltu)
    x$fpl$dmul                               0x08004994   Section      340  dmul.o(x$fpl$dmul)
    $v0                                      0x08004994   Number         0  dmul.o(x$fpl$dmul)
    x$fpl$dnaninf                            0x08004ae8   Section      156  dnaninf.o(x$fpl$dnaninf)
    $v0                                      0x08004ae8   Number         0  dnaninf.o(x$fpl$dnaninf)
    x$fpl$dretinf                            0x08004b84   Section       12  dretinf.o(x$fpl$dretinf)
    $v0                                      0x08004b84   Number         0  dretinf.o(x$fpl$dretinf)
    x$fpl$fpinit                             0x08004b90   Section       10  fpinit.o(x$fpl$fpinit)
    $v0                                      0x08004b90   Number         0  fpinit.o(x$fpl$fpinit)
    x$fpl$fretinf                            0x08004b9a   Section       10  fretinf.o(x$fpl$fretinf)
    $v0                                      0x08004b9a   Number         0  fretinf.o(x$fpl$fretinf)
    x$fpl$usenofp                            0x08004ba4   Section        0  usenofp.o(x$fpl$usenofp)
    .data                                    0x20000000   Section        4  main.o(.data)
    .data                                    0x20000004   Section       20  system_stm32f4xx.o(.data)
    .data                                    0x20000018   Section        4  key.o(.data)
    .data                                    0x2000001c   Section       24  wifi.o(.data)
    .data                                    0x20000034   Section       12  74hc4051.o(.data)
    .data                                    0x20000040   Section       12  ads1256.o(.data)
    .data                                    0x2000004c   Section       12  pwm_check.o(.data)
    .data                                    0x20000058   Section        4  delay.o(.data)
    fac_us                                   0x20000058   Data           1  delay.o(.data)
    fac_ms                                   0x2000005a   Data           2  delay.o(.data)
    .data                                    0x2000005c   Section        4  usart.o(.data)
    .data                                    0x20000060   Section       16  stm32f4xx_rcc.o(.data)
    APBAHBPrescTable                         0x20000060   Data          16  stm32f4xx_rcc.o(.data)
    .bss                                     0x20000070   Section      472  relay_control.o(.bss)
    .bss                                     0x20000248   Section      104  wifi.o(.bss)
    .bss                                     0x200002b0   Section       96  libspace.o(.bss)
    HEAP                                     0x20000310   Section      512  startup_stm32f40_41xxx.o(HEAP)
    Heap_Mem                                 0x20000310   Data         512  startup_stm32f40_41xxx.o(HEAP)
    STACK                                    0x20000510   Section     1024  startup_stm32f40_41xxx.o(STACK)
    Stack_Mem                                0x20000510   Data        1024  startup_stm32f40_41xxx.o(STACK)
    __initial_sp                             0x20000910   Data           0  startup_stm32f40_41xxx.o(STACK)

    Global Symbols

    Symbol Name                              Value     Ov Type        Size  Object(Section)

    BuildAttributes$$THM_ISAv4$E$P$D$K$B$S$7EM$VFPi3$EXTD16$VFPS$VFMA$PE$A:L22UL41UL21$X:L11$S22US41US21$IEEE1$IW$USESV6$~STKCKD$USESV7$~SHL$OSPACE$ROPI$EBA8$UX$STANDARDLIB$REQ8$PRES8$EABIv2 0x00000000   Number         0  anon$$obj.o ABSOLUTE
    __ARM_use_no_argv                        0x00000000   Number         0  main.o ABSOLUTE
    _printf_flags                            0x00000000   Number         0  printf_stubs.o ABSOLUTE
    _printf_return_value                     0x00000000   Number         0  printf_stubs.o ABSOLUTE
    _printf_sizespec                         0x00000000   Number         0  printf_stubs.o ABSOLUTE
    _printf_widthprec                        0x00000000   Number         0  printf_stubs.o ABSOLUTE
    __ARM_exceptions_init                     - Undefined Weak Reference
    __alloca_initialize                       - Undefined Weak Reference
    __arm_preinit_                            - Undefined Weak Reference
    __cpp_initialize__aeabi_                  - Undefined Weak Reference
    __cxa_finalize                            - Undefined Weak Reference
    __rt_locale                               - Undefined Weak Reference
    __sigvec_lookup                           - Undefined Weak Reference
    _atexit_init                              - Undefined Weak Reference
    _call_atexit_fns                          - Undefined Weak Reference
    _clock_init                               - Undefined Weak Reference
    _fp_trap_init                             - Undefined Weak Reference
    _fp_trap_shutdown                         - Undefined Weak Reference
    _get_lc_collate                           - Undefined Weak Reference
    _get_lc_ctype                             - Undefined Weak Reference
    _get_lc_monetary                          - Undefined Weak Reference
    _get_lc_numeric                           - Undefined Weak Reference
    _get_lc_time                              - Undefined Weak Reference
    _getenv_init                              - Undefined Weak Reference
    _handle_redirection                       - Undefined Weak Reference
    _init_alloc                               - Undefined Weak Reference
    _init_user_alloc                          - Undefined Weak Reference
    _initio                                   - Undefined Weak Reference
    _mutex_acquire                            - Undefined Weak Reference
    _mutex_release                            - Undefined Weak Reference
    _printf_post_padding                      - Undefined Weak Reference
    _printf_pre_padding                       - Undefined Weak Reference
    _printf_truncate_signed                   - Undefined Weak Reference
    _printf_truncate_unsigned                 - Undefined Weak Reference
    _rand_init                                - Undefined Weak Reference
    _signal_finish                            - Undefined Weak Reference
    _signal_init                              - Undefined Weak Reference
    _terminate_alloc                          - Undefined Weak Reference
    _terminate_user_alloc                     - Undefined Weak Reference
    _terminateio                              - Undefined Weak Reference
    __Vectors_Size                           0x00000188   Number         0  startup_stm32f40_41xxx.o ABSOLUTE
    __Vectors                                0x08000000   Data           4  startup_stm32f40_41xxx.o(RESET)
    __Vectors_End                            0x08000188   Data           0  startup_stm32f40_41xxx.o(RESET)
    __main                                   0x08000189   Thumb Code     8  __main.o(!!!main)
    __scatterload                            0x08000191   Thumb Code     0  __scatter.o(!!!scatter)
    __scatterload_rt2                        0x08000191   Thumb Code    44  __scatter.o(!!!scatter)
    __scatterload_rt2_thumb_only             0x08000191   Thumb Code     0  __scatter.o(!!!scatter)
    __scatterload_null                       0x0800019f   Thumb Code     0  __scatter.o(!!!scatter)
    __scatterload_copy                       0x080001c5   Thumb Code    26  __scatter_copy.o(!!handler_copy)
    __scatterload_zeroinit                   0x080001e1   Thumb Code    28  __scatter_zi.o(!!handler_zi)
    _printf_d                                0x080001fd   Thumb Code     0  _printf_d.o(.ARM.Collect$$_printf_percent$$00000009)
    _printf_percent                          0x080001fd   Thumb Code     0  _printf_percent.o(.ARM.Collect$$_printf_percent$$00000000)
    _printf_percent_end                      0x08000203   Thumb Code     0  _printf_percent_end.o(.ARM.Collect$$_printf_percent$$00000017)
    __rt_lib_init                            0x08000207   Thumb Code     0  libinit.o(.ARM.Collect$$libinit$$00000000)
    __rt_lib_init_fp_1                       0x08000209   Thumb Code     0  libinit2.o(.ARM.Collect$$libinit$$00000001)
    __rt_lib_init_alloca_1                   0x0800020d   Thumb Code     0  libinit2.o(.ARM.Collect$$libinit$$0000002E)
    __rt_lib_init_argv_1                     0x0800020d   Thumb Code     0  libinit2.o(.ARM.Collect$$libinit$$0000002C)
    __rt_lib_init_atexit_1                   0x0800020d   Thumb Code     0  libinit2.o(.ARM.Collect$$libinit$$0000001B)
    __rt_lib_init_clock_1                    0x0800020d   Thumb Code     0  libinit2.o(.ARM.Collect$$libinit$$00000021)
    __rt_lib_init_cpp_1                      0x0800020d   Thumb Code     0  libinit2.o(.ARM.Collect$$libinit$$00000032)
    __rt_lib_init_exceptions_1               0x0800020d   Thumb Code     0  libinit2.o(.ARM.Collect$$libinit$$00000030)
    __rt_lib_init_fp_trap_1                  0x0800020d   Thumb Code     0  libinit2.o(.ARM.Collect$$libinit$$0000001F)
    __rt_lib_init_getenv_1                   0x0800020d   Thumb Code     0  libinit2.o(.ARM.Collect$$libinit$$00000023)
    __rt_lib_init_heap_1                     0x0800020d   Thumb Code     0  libinit2.o(.ARM.Collect$$libinit$$0000000A)
    __rt_lib_init_lc_collate_1               0x0800020d   Thumb Code     0  libinit2.o(.ARM.Collect$$libinit$$00000011)
    __rt_lib_init_lc_ctype_1                 0x0800020d   Thumb Code     0  libinit2.o(.ARM.Collect$$libinit$$00000013)
    __rt_lib_init_lc_monetary_1              0x0800020d   Thumb Code     0  libinit2.o(.ARM.Collect$$libinit$$00000015)
    __rt_lib_init_lc_numeric_1               0x0800020d   Thumb Code     0  libinit2.o(.ARM.Collect$$libinit$$00000017)
    __rt_lib_init_lc_time_1                  0x0800020d   Thumb Code     0  libinit2.o(.ARM.Collect$$libinit$$00000019)
    __rt_lib_init_preinit_1                  0x0800020d   Thumb Code     0  libinit2.o(.ARM.Collect$$libinit$$00000004)
    __rt_lib_init_rand_1                     0x0800020d   Thumb Code     0  libinit2.o(.ARM.Collect$$libinit$$0000000E)
    __rt_lib_init_return                     0x0800020d   Thumb Code     0  libinit2.o(.ARM.Collect$$libinit$$00000033)
    __rt_lib_init_signal_1                   0x0800020d   Thumb Code     0  libinit2.o(.ARM.Collect$$libinit$$0000001D)
    __rt_lib_init_stdio_1                    0x0800020d   Thumb Code     0  libinit2.o(.ARM.Collect$$libinit$$00000025)
    __rt_lib_init_user_alloc_1               0x0800020d   Thumb Code     0  libinit2.o(.ARM.Collect$$libinit$$0000000C)
    __rt_lib_shutdown                        0x0800020f   Thumb Code     0  libshutdown.o(.ARM.Collect$$libshutdown$$00000000)
    __rt_lib_shutdown_cpp_1                  0x08000211   Thumb Code     0  libshutdown2.o(.ARM.Collect$$libshutdown$$00000002)
    __rt_lib_shutdown_fp_trap_1              0x08000211   Thumb Code     0  libshutdown2.o(.ARM.Collect$$libshutdown$$00000007)
    __rt_lib_shutdown_heap_1                 0x08000211   Thumb Code     0  libshutdown2.o(.ARM.Collect$$libshutdown$$0000000F)
    __rt_lib_shutdown_return                 0x08000211   Thumb Code     0  libshutdown2.o(.ARM.Collect$$libshutdown$$00000010)
    __rt_lib_shutdown_signal_1               0x08000211   Thumb Code     0  libshutdown2.o(.ARM.Collect$$libshutdown$$0000000A)
    __rt_lib_shutdown_stdio_1                0x08000211   Thumb Code     0  libshutdown2.o(.ARM.Collect$$libshutdown$$00000004)
    __rt_lib_shutdown_user_alloc_1           0x08000211   Thumb Code     0  libshutdown2.o(.ARM.Collect$$libshutdown$$0000000C)
    __rt_entry                               0x08000213   Thumb Code     0  __rtentry.o(.ARM.Collect$$rtentry$$00000000)
    __rt_entry_presh_1                       0x08000213   Thumb Code     0  __rtentry2.o(.ARM.Collect$$rtentry$$00000002)
    __rt_entry_sh                            0x08000213   Thumb Code     0  __rtentry4.o(.ARM.Collect$$rtentry$$00000004)
    __rt_entry_li                            0x08000219   Thumb Code     0  __rtentry2.o(.ARM.Collect$$rtentry$$0000000A)
    __rt_entry_postsh_1                      0x08000219   Thumb Code     0  __rtentry2.o(.ARM.Collect$$rtentry$$00000009)
    __rt_entry_main                          0x0800021d   Thumb Code     0  __rtentry2.o(.ARM.Collect$$rtentry$$0000000D)
    __rt_entry_postli_1                      0x0800021d   Thumb Code     0  __rtentry2.o(.ARM.Collect$$rtentry$$0000000C)
    __rt_exit                                0x08000225   Thumb Code     0  rtexit.o(.ARM.Collect$$rtexit$$00000000)
    __rt_exit_ls                             0x08000227   Thumb Code     0  rtexit2.o(.ARM.Collect$$rtexit$$00000003)
    __rt_exit_prels_1                        0x08000227   Thumb Code     0  rtexit2.o(.ARM.Collect$$rtexit$$00000002)
    __rt_exit_exit                           0x0800022b   Thumb Code     0  rtexit2.o(.ARM.Collect$$rtexit$$00000004)
    main                                     0x08000231   Thumb Code   206  main.o(.text)
    NMI_Handler                              0x08000309   Thumb Code     2  stm32f4xx_it.o(.text)
    HardFault_Handler                        0x0800030b   Thumb Code     4  stm32f4xx_it.o(.text)
    MemManage_Handler                        0x0800030f   Thumb Code     4  stm32f4xx_it.o(.text)
    BusFault_Handler                         0x08000313   Thumb Code     4  stm32f4xx_it.o(.text)
    UsageFault_Handler                       0x08000317   Thumb Code     4  stm32f4xx_it.o(.text)
    SVC_Handler                              0x0800031b   Thumb Code     2  stm32f4xx_it.o(.text)
    DebugMon_Handler                         0x0800031d   Thumb Code     2  stm32f4xx_it.o(.text)
    PendSV_Handler                           0x0800031f   Thumb Code     2  stm32f4xx_it.o(.text)
    SysTick_Handler                          0x08000321   Thumb Code     2  stm32f4xx_it.o(.text)
    SystemInit                               0x08000401   Thumb Code    88  system_stm32f4xx.o(.text)
    SystemCoreClockUpdate                    0x08000459   Thumb Code   174  system_stm32f4xx.o(.text)
    LED_Init                                 0x08000535   Thumb Code    56  led.o(.text)
    switch_Init                              0x08000571   Thumb Code   156  key.o(.text)
    MYDMA_Config                             0x08000615   Thumb Code   138  dma.o(.text)
    MYDMA_Enable                             0x0800069f   Thumb Code    44  dma.o(.text)
    NVIC_DMA                                 0x080006cb   Thumb Code    80  dma.o(.text)
    chip_74hc573_init                        0x0800084d   Thumb Code   158  relay_control.o(.text)
    chip_74hc573_send_data                   0x08000911   Thumb Code   102  relay_control.o(.text)
    send_fram_init                           0x08000995   Thumb Code    64  wifi.o(.text)
    uart_send_message                        0x080009d5   Thumb Code    50  wifi.o(.text)
    uart_send_adc_message                    0x08000a07   Thumb Code    12  wifi.o(.text)
    information_retrieval                    0x08000a13   Thumb Code    12  wifi.o(.text)
    TIM3_Int_Init                            0x08000a1f   Thumb Code    94  wifi.o(.text)
    TIM3_IRQHandler                          0x08000a7d   Thumb Code   164  wifi.o(.text)
    wifi_gpio_init                           0x08000b21   Thumb Code   104  wifi.o(.text)
    wifi_init                                0x08000b89   Thumb Code   124  wifi.o(.text)
    DMA2_Stream6_IRQHandler                  0x08000c05   Thumb Code    22  wifi.o(.text)
    DMA2_Stream2_IRQHandler                  0x08000c1b   Thumb Code    66  wifi.o(.text)
    Adc_Init                                 0x08000c99   Thumb Code   124  74hc4051.o(.text)
    Get_Adc                                  0x08000d15   Thumb Code    64  74hc4051.o(.text)
    chip_74hc4051_adc_init                   0x08000d55   Thumb Code    54  74hc4051.o(.text)
    change_channel                           0x08000d8b   Thumb Code    54  74hc4051.o(.text)
    voltage_get                              0x08000dc1   Thumb Code   700  74hc4051.o(.text)
    ADS_WAIT_DRDY1                           0x080010a1   Thumb Code    18  ads1256.o(.text)
    ADS_WAIT_DRDY2                           0x080010b3   Thumb Code    18  ads1256.o(.text)
    ADS_CS1                                  0x080010c5   Thumb Code    18  ads1256.o(.text)
    ADS_CS2                                  0x080010d7   Thumb Code    20  ads1256.o(.text)
    change_cs_and_ready_chip                 0x080010eb   Thumb Code    54  ads1256.o(.text)
    SPI_SendByte                             0x08001121   Thumb Code    50  ads1256.o(.text)
    ADS1256WREG                              0x08001153   Thumb Code    60  ads1256.o(.text)
    ADS1256_Init                             0x0800118f   Thumb Code    58  ads1256.o(.text)
    ADS1256_GPIO_init                        0x080011c9   Thumb Code   116  ads1256.o(.text)
    SPI_ADS1256_Init                         0x0800123d   Thumb Code   200  ads1256.o(.text)
    SPI2_SetSpeed                            0x08001305   Thumb Code    36  ads1256.o(.text)
    ADS1256RREG                              0x08001329   Thumb Code    64  ads1256.o(.text)
    ADS1256ReadData                          0x08001369   Thumb Code   238  ads1256.o(.text)
    ADS_Read                                 0x08001457   Thumb Code   386  ads1256.o(.text)
    EXTI0_IRQHandler                         0x080015dd   Thumb Code    22  pwm_check.o(.text)
    EXTI1_IRQHandler                         0x080015f3   Thumb Code    22  pwm_check.o(.text)
    TIM2_Init                                0x08001609   Thumb Code    98  pwm_check.o(.text)
    PWM_Gpio_Init                            0x0800166b   Thumb Code    54  pwm_check.o(.text)
    READ_Pwm_chanel                          0x080016a1   Thumb Code   178  pwm_check.o(.text)
    pwm_get                                  0x08001753   Thumb Code   108  pwm_check.o(.text)
    TIM2_IRQHandler                          0x080017bf   Thumb Code    40  pwm_check.o(.text)
    delay_init                               0x08001825   Thumb Code    52  delay.o(.text)
    delay_us                                 0x08001859   Thumb Code    72  delay.o(.text)
    delay_xms                                0x080018a1   Thumb Code    72  delay.o(.text)
    delay_ms                                 0x080018e9   Thumb Code    56  delay.o(.text)
    _sys_exit                                0x08001929   Thumb Code     4  usart.o(.text)
    fputc                                    0x0800192d   Thumb Code    22  usart.o(.text)
    uart_init                                0x08001943   Thumb Code   124  usart.o(.text)
    USART1_IRQHandler                        0x080019bf   Thumb Code    26  usart.o(.text)
    uart6_init                               0x080019d9   Thumb Code   122  usart.o(.text)
    Reset_Handler                            0x08001a65   Thumb Code     8  startup_stm32f40_41xxx.o(.text)
    ADC_IRQHandler                           0x08001a7f   Thumb Code     0  startup_stm32f40_41xxx.o(.text)
    CAN1_RX0_IRQHandler                      0x08001a7f   Thumb Code     0  startup_stm32f40_41xxx.o(.text)
    CAN1_RX1_IRQHandler                      0x08001a7f   Thumb Code     0  startup_stm32f40_41xxx.o(.text)
    CAN1_SCE_IRQHandler                      0x08001a7f   Thumb Code     0  startup_stm32f40_41xxx.o(.text)
    CAN1_TX_IRQHandler                       0x08001a7f   Thumb Code     0  startup_stm32f40_41xxx.o(.text)
    CAN2_RX0_IRQHandler                      0x08001a7f   Thumb Code     0  startup_stm32f40_41xxx.o(.text)
    CAN2_RX1_IRQHandler                      0x08001a7f   Thumb Code     0  startup_stm32f40_41xxx.o(.text)
    CAN2_SCE_IRQHandler                      0x08001a7f   Thumb Code     0  startup_stm32f40_41xxx.o(.text)
    CAN2_TX_IRQHandler                       0x08001a7f   Thumb Code     0  startup_stm32f40_41xxx.o(.text)
    CRYP_IRQHandler                          0x08001a7f   Thumb Code     0  startup_stm32f40_41xxx.o(.text)
    DCMI_IRQHandler                          0x08001a7f   Thumb Code     0  startup_stm32f40_41xxx.o(.text)
    DMA1_Stream0_IRQHandler                  0x08001a7f   Thumb Code     0  startup_stm32f40_41xxx.o(.text)
    DMA1_Stream1_IRQHandler                  0x08001a7f   Thumb Code     0  startup_stm32f40_41xxx.o(.text)
    DMA1_Stream2_IRQHandler                  0x08001a7f   Thumb Code     0  startup_stm32f40_41xxx.o(.text)
    DMA1_Stream3_IRQHandler                  0x08001a7f   Thumb Code     0  startup_stm32f40_41xxx.o(.text)
    DMA1_Stream4_IRQHandler                  0x08001a7f   Thumb Code     0  startup_stm32f40_41xxx.o(.text)
    DMA1_Stream5_IRQHandler                  0x08001a7f   Thumb Code     0  startup_stm32f40_41xxx.o(.text)
    DMA1_Stream6_IRQHandler                  0x08001a7f   Thumb Code     0  startup_stm32f40_41xxx.o(.text)
    DMA1_Stream7_IRQHandler                  0x08001a7f   Thumb Code     0  startup_stm32f40_41xxx.o(.text)
    DMA2_Stream0_IRQHandler                  0x08001a7f   Thumb Code     0  startup_stm32f40_41xxx.o(.text)
    DMA2_Stream1_IRQHandler                  0x08001a7f   Thumb Code     0  startup_stm32f40_41xxx.o(.text)
    DMA2_Stream3_IRQHandler                  0x08001a7f   Thumb Code     0  startup_stm32f40_41xxx.o(.text)
    DMA2_Stream4_IRQHandler                  0x08001a7f   Thumb Code     0  startup_stm32f40_41xxx.o(.text)
    DMA2_Stream5_IRQHandler                  0x08001a7f   Thumb Code     0  startup_stm32f40_41xxx.o(.text)
    DMA2_Stream7_IRQHandler                  0x08001a7f   Thumb Code     0  startup_stm32f40_41xxx.o(.text)
    ETH_IRQHandler                           0x08001a7f   Thumb Code     0  startup_stm32f40_41xxx.o(.text)
    ETH_WKUP_IRQHandler                      0x08001a7f   Thumb Code     0  startup_stm32f40_41xxx.o(.text)
    EXTI15_10_IRQHandler                     0x08001a7f   Thumb Code     0  startup_stm32f40_41xxx.o(.text)
    EXTI2_IRQHandler                         0x08001a7f   Thumb Code     0  startup_stm32f40_41xxx.o(.text)
    EXTI3_IRQHandler                         0x08001a7f   Thumb Code     0  startup_stm32f40_41xxx.o(.text)
    EXTI4_IRQHandler                         0x08001a7f   Thumb Code     0  startup_stm32f40_41xxx.o(.text)
    EXTI9_5_IRQHandler                       0x08001a7f   Thumb Code     0  startup_stm32f40_41xxx.o(.text)
    FLASH_IRQHandler                         0x08001a7f   Thumb Code     0  startup_stm32f40_41xxx.o(.text)
    FPU_IRQHandler                           0x08001a7f   Thumb Code     0  startup_stm32f40_41xxx.o(.text)
    FSMC_IRQHandler                          0x08001a7f   Thumb Code     0  startup_stm32f40_41xxx.o(.text)
    HASH_RNG_IRQHandler                      0x08001a7f   Thumb Code     0  startup_stm32f40_41xxx.o(.text)
    I2C1_ER_IRQHandler                       0x08001a7f   Thumb Code     0  startup_stm32f40_41xxx.o(.text)
    I2C1_EV_IRQHandler                       0x08001a7f   Thumb Code     0  startup_stm32f40_41xxx.o(.text)
    I2C2_ER_IRQHandler                       0x08001a7f   Thumb Code     0  startup_stm32f40_41xxx.o(.text)
    I2C2_EV_IRQHandler                       0x08001a7f   Thumb Code     0  startup_stm32f40_41xxx.o(.text)
    I2C3_ER_IRQHandler                       0x08001a7f   Thumb Code     0  startup_stm32f40_41xxx.o(.text)
    I2C3_EV_IRQHandler                       0x08001a7f   Thumb Code     0  startup_stm32f40_41xxx.o(.text)
    OTG_FS_IRQHandler                        0x08001a7f   Thumb Code     0  startup_stm32f40_41xxx.o(.text)
    OTG_FS_WKUP_IRQHandler                   0x08001a7f   Thumb Code     0  startup_stm32f40_41xxx.o(.text)
    OTG_HS_EP1_IN_IRQHandler                 0x08001a7f   Thumb Code     0  startup_stm32f40_41xxx.o(.text)
    OTG_HS_EP1_OUT_IRQHandler                0x08001a7f   Thumb Code     0  startup_stm32f40_41xxx.o(.text)
    OTG_HS_IRQHandler                        0x08001a7f   Thumb Code     0  startup_stm32f40_41xxx.o(.text)
    OTG_HS_WKUP_IRQHandler                   0x08001a7f   Thumb Code     0  startup_stm32f40_41xxx.o(.text)
    PVD_IRQHandler                           0x08001a7f   Thumb Code     0  startup_stm32f40_41xxx.o(.text)
    RCC_IRQHandler                           0x08001a7f   Thumb Code     0  startup_stm32f40_41xxx.o(.text)
    RTC_Alarm_IRQHandler                     0x08001a7f   Thumb Code     0  startup_stm32f40_41xxx.o(.text)
    RTC_WKUP_IRQHandler                      0x08001a7f   Thumb Code     0  startup_stm32f40_41xxx.o(.text)
    SDIO_IRQHandler                          0x08001a7f   Thumb Code     0  startup_stm32f40_41xxx.o(.text)
    SPI1_IRQHandler                          0x08001a7f   Thumb Code     0  startup_stm32f40_41xxx.o(.text)
    SPI2_IRQHandler                          0x08001a7f   Thumb Code     0  startup_stm32f40_41xxx.o(.text)
    SPI3_IRQHandler                          0x08001a7f   Thumb Code     0  startup_stm32f40_41xxx.o(.text)
    TAMP_STAMP_IRQHandler                    0x08001a7f   Thumb Code     0  startup_stm32f40_41xxx.o(.text)
    TIM1_BRK_TIM9_IRQHandler                 0x08001a7f   Thumb Code     0  startup_stm32f40_41xxx.o(.text)
    TIM1_CC_IRQHandler                       0x08001a7f   Thumb Code     0  startup_stm32f40_41xxx.o(.text)
    TIM1_TRG_COM_TIM11_IRQHandler            0x08001a7f   Thumb Code     0  startup_stm32f40_41xxx.o(.text)
    TIM1_UP_TIM10_IRQHandler                 0x08001a7f   Thumb Code     0  startup_stm32f40_41xxx.o(.text)
    TIM4_IRQHandler                          0x08001a7f   Thumb Code     0  startup_stm32f40_41xxx.o(.text)
    TIM5_IRQHandler                          0x08001a7f   Thumb Code     0  startup_stm32f40_41xxx.o(.text)
    TIM6_DAC_IRQHandler                      0x08001a7f   Thumb Code     0  startup_stm32f40_41xxx.o(.text)
    TIM7_IRQHandler                          0x08001a7f   Thumb Code     0  startup_stm32f40_41xxx.o(.text)
    TIM8_BRK_TIM12_IRQHandler                0x08001a7f   Thumb Code     0  startup_stm32f40_41xxx.o(.text)
    TIM8_CC_IRQHandler                       0x08001a7f   Thumb Code     0  startup_stm32f40_41xxx.o(.text)
    TIM8_TRG_COM_TIM14_IRQHandler            0x08001a7f   Thumb Code     0  startup_stm32f40_41xxx.o(.text)
    TIM8_UP_TIM13_IRQHandler                 0x08001a7f   Thumb Code     0  startup_stm32f40_41xxx.o(.text)
    UART4_IRQHandler                         0x08001a7f   Thumb Code     0  startup_stm32f40_41xxx.o(.text)
    UART5_IRQHandler                         0x08001a7f   Thumb Code     0  startup_stm32f40_41xxx.o(.text)
    USART2_IRQHandler                        0x08001a7f   Thumb Code     0  startup_stm32f40_41xxx.o(.text)
    USART3_IRQHandler                        0x08001a7f   Thumb Code     0  startup_stm32f40_41xxx.o(.text)
    USART6_IRQHandler                        0x08001a7f   Thumb Code     0  startup_stm32f40_41xxx.o(.text)
    WWDG_IRQHandler                          0x08001a7f   Thumb Code     0  startup_stm32f40_41xxx.o(.text)
    __user_initial_stackheap                 0x08001a81   Thumb Code     0  startup_stm32f40_41xxx.o(.text)
    NVIC_PriorityGroupConfig                 0x08001aa5   Thumb Code    10  misc.o(.text)
    NVIC_Init                                0x08001aaf   Thumb Code   106  misc.o(.text)
    NVIC_SetVectorTable                      0x08001b19   Thumb Code    14  misc.o(.text)
    NVIC_SystemLPConfig                      0x08001b27   Thumb Code    34  misc.o(.text)
    SysTick_CLKSourceConfig                  0x08001b49   Thumb Code    40  misc.o(.text)
    DMA_DeInit                               0x08001b85   Thumb Code   324  stm32f4xx_dma.o(.text)
    DMA_Init                                 0x08001cc9   Thumb Code    82  stm32f4xx_dma.o(.text)
    DMA_StructInit                           0x08001d1b   Thumb Code    34  stm32f4xx_dma.o(.text)
    DMA_Cmd                                  0x08001d3d   Thumb Code    22  stm32f4xx_dma.o(.text)
    DMA_PeriphIncOffsetSizeConfig            0x08001d53   Thumb Code    22  stm32f4xx_dma.o(.text)
    DMA_FlowControllerConfig                 0x08001d69   Thumb Code    22  stm32f4xx_dma.o(.text)
    DMA_SetCurrDataCounter                   0x08001d7f   Thumb Code     4  stm32f4xx_dma.o(.text)
    DMA_GetCurrDataCounter                   0x08001d83   Thumb Code     8  stm32f4xx_dma.o(.text)
    DMA_DoubleBufferModeConfig               0x08001d8b   Thumb Code    24  stm32f4xx_dma.o(.text)
    DMA_DoubleBufferModeCmd                  0x08001da3   Thumb Code    22  stm32f4xx_dma.o(.text)
    DMA_MemoryTargetConfig                   0x08001db9   Thumb Code    10  stm32f4xx_dma.o(.text)
    DMA_GetCurrentMemoryTarget               0x08001dc3   Thumb Code    20  stm32f4xx_dma.o(.text)
    DMA_GetCmdStatus                         0x08001dd7   Thumb Code    20  stm32f4xx_dma.o(.text)
    DMA_GetFIFOStatus                        0x08001deb   Thumb Code    12  stm32f4xx_dma.o(.text)
    DMA_GetFlagStatus                        0x08001df7   Thumb Code    56  stm32f4xx_dma.o(.text)
    DMA_ClearFlag                            0x08001e2f   Thumb Code    40  stm32f4xx_dma.o(.text)
    DMA_ITConfig                             0x08001e57   Thumb Code    58  stm32f4xx_dma.o(.text)
    DMA_GetITStatus                          0x08001e91   Thumb Code    84  stm32f4xx_dma.o(.text)
    DMA_ClearITPendingBit                    0x08001ee5   Thumb Code    40  stm32f4xx_dma.o(.text)
    GPIO_DeInit                              0x08001f2d   Thumb Code   268  stm32f4xx_gpio.o(.text)
    GPIO_Init                                0x08002039   Thumb Code   144  stm32f4xx_gpio.o(.text)
    GPIO_StructInit                          0x080020c9   Thumb Code    18  stm32f4xx_gpio.o(.text)
    GPIO_PinLockConfig                       0x080020db   Thumb Code    34  stm32f4xx_gpio.o(.text)
    GPIO_ReadInputDataBit                    0x080020fd   Thumb Code    18  stm32f4xx_gpio.o(.text)
    GPIO_ReadInputData                       0x0800210f   Thumb Code     8  stm32f4xx_gpio.o(.text)
    GPIO_ReadOutputDataBit                   0x08002117   Thumb Code    18  stm32f4xx_gpio.o(.text)
    GPIO_ReadOutputData                      0x08002129   Thumb Code     8  stm32f4xx_gpio.o(.text)
    GPIO_SetBits                             0x08002131   Thumb Code     4  stm32f4xx_gpio.o(.text)
    GPIO_ResetBits                           0x08002135   Thumb Code     4  stm32f4xx_gpio.o(.text)
    GPIO_WriteBit                            0x08002139   Thumb Code    10  stm32f4xx_gpio.o(.text)
    GPIO_Write                               0x08002143   Thumb Code     4  stm32f4xx_gpio.o(.text)
    GPIO_ToggleBits                          0x08002147   Thumb Code     8  stm32f4xx_gpio.o(.text)
    GPIO_PinAFConfig                         0x0800214f   Thumb Code    70  stm32f4xx_gpio.o(.text)
    USART_DeInit                             0x080021c1   Thumb Code   206  stm32f4xx_usart.o(.text)
    USART_Init                               0x0800228f   Thumb Code   204  stm32f4xx_usart.o(.text)
    USART_StructInit                         0x0800235b   Thumb Code    24  stm32f4xx_usart.o(.text)
    USART_ClockInit                          0x08002373   Thumb Code    32  stm32f4xx_usart.o(.text)
    USART_ClockStructInit                    0x08002393   Thumb Code    12  stm32f4xx_usart.o(.text)
    USART_Cmd                                0x0800239f   Thumb Code    24  stm32f4xx_usart.o(.text)
    USART_SetPrescaler                       0x080023b7   Thumb Code    16  stm32f4xx_usart.o(.text)
    USART_OverSampling8Cmd                   0x080023c7   Thumb Code    22  stm32f4xx_usart.o(.text)
    USART_OneBitMethodCmd                    0x080023dd   Thumb Code    24  stm32f4xx_usart.o(.text)
    USART_SendData                           0x080023f5   Thumb Code     8  stm32f4xx_usart.o(.text)
    USART_ReceiveData                        0x080023fd   Thumb Code    10  stm32f4xx_usart.o(.text)
    USART_SetAddress                         0x08002407   Thumb Code    18  stm32f4xx_usart.o(.text)
    USART_ReceiverWakeUpCmd                  0x08002419   Thumb Code    24  stm32f4xx_usart.o(.text)
    USART_WakeUpConfig                       0x08002431   Thumb Code    18  stm32f4xx_usart.o(.text)
    USART_LINBreakDetectLengthConfig         0x08002443   Thumb Code    18  stm32f4xx_usart.o(.text)
    USART_LINCmd                             0x08002455   Thumb Code    24  stm32f4xx_usart.o(.text)
    USART_SendBreak                          0x0800246d   Thumb Code    10  stm32f4xx_usart.o(.text)
    USART_HalfDuplexCmd                      0x08002477   Thumb Code    24  stm32f4xx_usart.o(.text)
    USART_SetGuardTime                       0x0800248f   Thumb Code    16  stm32f4xx_usart.o(.text)
    USART_SmartCardCmd                       0x0800249f   Thumb Code    24  stm32f4xx_usart.o(.text)
    USART_SmartCardNACKCmd                   0x080024b7   Thumb Code    24  stm32f4xx_usart.o(.text)
    USART_IrDAConfig                         0x080024cf   Thumb Code    18  stm32f4xx_usart.o(.text)
    USART_IrDACmd                            0x080024e1   Thumb Code    24  stm32f4xx_usart.o(.text)
    USART_DMACmd                             0x080024f9   Thumb Code    18  stm32f4xx_usart.o(.text)
    USART_ITConfig                           0x0800250b   Thumb Code    74  stm32f4xx_usart.o(.text)
    USART_GetFlagStatus                      0x08002555   Thumb Code    26  stm32f4xx_usart.o(.text)
    USART_ClearFlag                          0x0800256f   Thumb Code    18  stm32f4xx_usart.o(.text)
    USART_GetITStatus                        0x08002581   Thumb Code   118  stm32f4xx_usart.o(.text)
    USART_ClearITPendingBit                  0x080025f7   Thumb Code    30  stm32f4xx_usart.o(.text)
    RCC_DeInit                               0x08002615   Thumb Code    82  stm32f4xx_rcc.o(.text)
    RCC_HSEConfig                            0x08002667   Thumb Code    14  stm32f4xx_rcc.o(.text)
    RCC_GetFlagStatus                        0x08002675   Thumb Code    60  stm32f4xx_rcc.o(.text)
    RCC_WaitForHSEStartUp                    0x080026b1   Thumb Code    56  stm32f4xx_rcc.o(.text)
    RCC_AdjustHSICalibrationValue            0x080026e9   Thumb Code    20  stm32f4xx_rcc.o(.text)
    RCC_HSICmd                               0x080026fd   Thumb Code     6  stm32f4xx_rcc.o(.text)
    RCC_LSEConfig                            0x08002703   Thumb Code    46  stm32f4xx_rcc.o(.text)
    RCC_LSICmd                               0x08002731   Thumb Code     6  stm32f4xx_rcc.o(.text)
    RCC_PLLConfig                            0x08002737   Thumb Code    32  stm32f4xx_rcc.o(.text)
    RCC_PLLCmd                               0x08002757   Thumb Code     6  stm32f4xx_rcc.o(.text)
    RCC_PLLI2SConfig                         0x0800275d   Thumb Code    14  stm32f4xx_rcc.o(.text)
    RCC_PLLI2SCmd                            0x0800276b   Thumb Code     6  stm32f4xx_rcc.o(.text)
    RCC_PLLSAIConfig                         0x08002771   Thumb Code    20  stm32f4xx_rcc.o(.text)
    RCC_PLLSAICmd                            0x08002785   Thumb Code     6  stm32f4xx_rcc.o(.text)
    RCC_ClockSecuritySystemCmd               0x0800278b   Thumb Code     6  stm32f4xx_rcc.o(.text)
    RCC_MCO1Config                           0x08002791   Thumb Code    28  stm32f4xx_rcc.o(.text)
    RCC_MCO2Config                           0x080027ad   Thumb Code    28  stm32f4xx_rcc.o(.text)
    RCC_SYSCLKConfig                         0x080027c9   Thumb Code    20  stm32f4xx_rcc.o(.text)
    RCC_GetSYSCLKSource                      0x080027dd   Thumb Code    12  stm32f4xx_rcc.o(.text)
    RCC_HCLKConfig                           0x080027e9   Thumb Code    20  stm32f4xx_rcc.o(.text)
    RCC_PCLK1Config                          0x080027fd   Thumb Code    20  stm32f4xx_rcc.o(.text)
    RCC_PCLK2Config                          0x08002811   Thumb Code    22  stm32f4xx_rcc.o(.text)
    RCC_GetClocksFreq                        0x08002827   Thumb Code   222  stm32f4xx_rcc.o(.text)
    RCC_RTCCLKConfig                         0x08002905   Thumb Code    54  stm32f4xx_rcc.o(.text)
    RCC_RTCCLKCmd                            0x0800293b   Thumb Code     8  stm32f4xx_rcc.o(.text)
    RCC_BackupResetCmd                       0x08002943   Thumb Code     8  stm32f4xx_rcc.o(.text)
    RCC_I2SCLKConfig                         0x0800294b   Thumb Code     6  stm32f4xx_rcc.o(.text)
    RCC_SAIPLLI2SClkDivConfig                0x08002951   Thumb Code    26  stm32f4xx_rcc.o(.text)
    RCC_SAIPLLSAIClkDivConfig                0x0800296b   Thumb Code    28  stm32f4xx_rcc.o(.text)
    RCC_SAIBlockACLKConfig                   0x08002987   Thumb Code    20  stm32f4xx_rcc.o(.text)
    RCC_SAIBlockBCLKConfig                   0x0800299b   Thumb Code    20  stm32f4xx_rcc.o(.text)
    RCC_LTDCCLKDivConfig                     0x080029af   Thumb Code    20  stm32f4xx_rcc.o(.text)
    RCC_TIMCLKPresConfig                     0x080029c3   Thumb Code     6  stm32f4xx_rcc.o(.text)
    RCC_AHB1PeriphClockCmd                   0x080029c9   Thumb Code    34  stm32f4xx_rcc.o(.text)
    RCC_AHB2PeriphClockCmd                   0x080029eb   Thumb Code    78  stm32f4xx_rcc.o(.text)
    RCC_AHB3PeriphClockCmd                   0x08002a39   Thumb Code    34  stm32f4xx_rcc.o(.text)
    RCC_APB1PeriphClockCmd                   0x08002a5b   Thumb Code    34  stm32f4xx_rcc.o(.text)
    RCC_APB2PeriphClockCmd                   0x08002a7d   Thumb Code    34  stm32f4xx_rcc.o(.text)
    RCC_AHB1PeriphResetCmd                   0x08002a9f   Thumb Code    34  stm32f4xx_rcc.o(.text)
    RCC_AHB2PeriphResetCmd                   0x08002ac1   Thumb Code    34  stm32f4xx_rcc.o(.text)
    RCC_AHB3PeriphResetCmd                   0x08002ae3   Thumb Code    34  stm32f4xx_rcc.o(.text)
    RCC_APB1PeriphResetCmd                   0x08002b05   Thumb Code    34  stm32f4xx_rcc.o(.text)
    RCC_APB2PeriphResetCmd                   0x08002b27   Thumb Code    34  stm32f4xx_rcc.o(.text)
    RCC_AHB1PeriphClockLPModeCmd             0x08002b49   Thumb Code    34  stm32f4xx_rcc.o(.text)
    RCC_AHB2PeriphClockLPModeCmd             0x08002b6b   Thumb Code    34  stm32f4xx_rcc.o(.text)
    RCC_AHB3PeriphClockLPModeCmd             0x08002b8d   Thumb Code    34  stm32f4xx_rcc.o(.text)
    RCC_APB1PeriphClockLPModeCmd             0x08002baf   Thumb Code    34  stm32f4xx_rcc.o(.text)
    RCC_APB2PeriphClockLPModeCmd             0x08002bd1   Thumb Code    34  stm32f4xx_rcc.o(.text)
    RCC_LSEModeConfig                        0x08002bf3   Thumb Code    40  stm32f4xx_rcc.o(.text)
    RCC_ITConfig                             0x08002c1b   Thumb Code    34  stm32f4xx_rcc.o(.text)
    RCC_ClearFlag                            0x08002c3d   Thumb Code    18  stm32f4xx_rcc.o(.text)
    RCC_GetITStatus                          0x08002c4f   Thumb Code    22  stm32f4xx_rcc.o(.text)
    RCC_ClearITPendingBit                    0x08002c65   Thumb Code     8  stm32f4xx_rcc.o(.text)
    ADC_DeInit                               0x08002c71   Thumb Code    22  stm32f4xx_adc.o(.text)
    ADC_Init                                 0x08002c87   Thumb Code    74  stm32f4xx_adc.o(.text)
    ADC_StructInit                           0x08002cd1   Thumb Code    20  stm32f4xx_adc.o(.text)
    ADC_CommonInit                           0x08002ce5   Thumb Code    34  stm32f4xx_adc.o(.text)
    ADC_CommonStructInit                     0x08002d07   Thumb Code    12  stm32f4xx_adc.o(.text)
    ADC_Cmd                                  0x08002d13   Thumb Code    22  stm32f4xx_adc.o(.text)
    ADC_AnalogWatchdogCmd                    0x08002d29   Thumb Code    16  stm32f4xx_adc.o(.text)
    ADC_AnalogWatchdogThresholdsConfig       0x08002d39   Thumb Code     6  stm32f4xx_adc.o(.text)
    ADC_AnalogWatchdogSingleChannelConfig    0x08002d3f   Thumb Code    16  stm32f4xx_adc.o(.text)
    ADC_TempSensorVrefintCmd                 0x08002d4f   Thumb Code    34  stm32f4xx_adc.o(.text)
    ADC_VBATCmd                              0x08002d71   Thumb Code    34  stm32f4xx_adc.o(.text)
    ADC_RegularChannelConfig                 0x08002d93   Thumb Code   184  stm32f4xx_adc.o(.text)
    ADC_SoftwareStartConv                    0x08002e4b   Thumb Code    10  stm32f4xx_adc.o(.text)
    ADC_GetSoftwareStartConvStatus           0x08002e55   Thumb Code    20  stm32f4xx_adc.o(.text)
    ADC_EOCOnEachRegularChannelCmd           0x08002e69   Thumb Code    22  stm32f4xx_adc.o(.text)
    ADC_ContinuousModeCmd                    0x08002e7f   Thumb Code    22  stm32f4xx_adc.o(.text)
    ADC_DiscModeChannelCountConfig           0x08002e95   Thumb Code    24  stm32f4xx_adc.o(.text)
    ADC_DiscModeCmd                          0x08002ead   Thumb Code    22  stm32f4xx_adc.o(.text)
    ADC_GetConversionValue                   0x08002ec3   Thumb Code     8  stm32f4xx_adc.o(.text)
    ADC_GetMultiModeConversionValue          0x08002ecb   Thumb Code     8  stm32f4xx_adc.o(.text)
    ADC_DMACmd                               0x08002ed3   Thumb Code    22  stm32f4xx_adc.o(.text)
    ADC_DMARequestAfterLastTransferCmd       0x08002ee9   Thumb Code    22  stm32f4xx_adc.o(.text)
    ADC_MultiModeDMARequestAfterLastTransferCmd 0x08002eff   Thumb Code    34  stm32f4xx_adc.o(.text)
    ADC_InjectedChannelConfig                0x08002f21   Thumb Code   130  stm32f4xx_adc.o(.text)
    ADC_InjectedSequencerLengthConfig        0x08002fa3   Thumb Code    24  stm32f4xx_adc.o(.text)
    ADC_SetInjectedOffset                    0x08002fbb   Thumb Code    20  stm32f4xx_adc.o(.text)
    ADC_ExternalTrigInjectedConvConfig       0x08002fcf   Thumb Code    16  stm32f4xx_adc.o(.text)
    ADC_ExternalTrigInjectedConvEdgeConfig   0x08002fdf   Thumb Code    16  stm32f4xx_adc.o(.text)
    ADC_SoftwareStartInjectedConv            0x08002fef   Thumb Code    10  stm32f4xx_adc.o(.text)
    ADC_GetSoftwareStartInjectedConvCmdStatus 0x08002ff9   Thumb Code    20  stm32f4xx_adc.o(.text)
    ADC_AutoInjectedConvCmd                  0x0800300d   Thumb Code    22  stm32f4xx_adc.o(.text)
    ADC_InjectedDiscModeCmd                  0x08003023   Thumb Code    22  stm32f4xx_adc.o(.text)
    ADC_GetInjectedConversionValue           0x08003039   Thumb Code    28  stm32f4xx_adc.o(.text)
    ADC_ITConfig                             0x08003055   Thumb Code    56  stm32f4xx_adc.o(.text)
    ADC_GetFlagStatus                        0x0800308d   Thumb Code    18  stm32f4xx_adc.o(.text)
    ADC_ClearFlag                            0x0800309f   Thumb Code     6  stm32f4xx_adc.o(.text)
    ADC_GetITStatus                          0x080030a5   Thumb Code    38  stm32f4xx_adc.o(.text)
    ADC_ClearITPendingBit                    0x080030cb   Thumb Code    10  stm32f4xx_adc.o(.text)
    SPI_I2S_DeInit                           0x080030d5   Thumb Code   152  stm32f4xx_spi.o(.text)
    SPI_Init                                 0x0800316d   Thumb Code    60  stm32f4xx_spi.o(.text)
    I2S_Init                                 0x080031a9   Thumb Code   396  stm32f4xx_spi.o(.text)
    SPI_StructInit                           0x08003335   Thumb Code    24  stm32f4xx_spi.o(.text)
    I2S_StructInit                           0x0800334d   Thumb Code    20  stm32f4xx_spi.o(.text)
    SPI_Cmd                                  0x08003361   Thumb Code    24  stm32f4xx_spi.o(.text)
    I2S_Cmd                                  0x08003379   Thumb Code    24  stm32f4xx_spi.o(.text)
    SPI_DataSizeConfig                       0x08003391   Thumb Code    18  stm32f4xx_spi.o(.text)
    SPI_BiDirectionalLineConfig              0x080033a3   Thumb Code    28  stm32f4xx_spi.o(.text)
    SPI_NSSInternalSoftwareConfig            0x080033bf   Thumb Code    30  stm32f4xx_spi.o(.text)
    SPI_SSOutputCmd                          0x080033dd   Thumb Code    24  stm32f4xx_spi.o(.text)
    SPI_TIModeCmd                            0x080033f5   Thumb Code    24  stm32f4xx_spi.o(.text)
    I2S_FullDuplexConfig                     0x0800340d   Thumb Code    80  stm32f4xx_spi.o(.text)
    SPI_I2S_ReceiveData                      0x0800345d   Thumb Code     6  stm32f4xx_spi.o(.text)
    SPI_I2S_SendData                         0x08003463   Thumb Code     4  stm32f4xx_spi.o(.text)
    SPI_CalculateCRC                         0x08003467   Thumb Code    24  stm32f4xx_spi.o(.text)
    SPI_TransmitCRC                          0x0800347f   Thumb Code    10  stm32f4xx_spi.o(.text)
    SPI_GetCRC                               0x08003489   Thumb Code    16  stm32f4xx_spi.o(.text)
    SPI_GetCRCPolynomial                     0x08003499   Thumb Code     6  stm32f4xx_spi.o(.text)
    SPI_I2S_DMACmd                           0x0800349f   Thumb Code    18  stm32f4xx_spi.o(.text)
    SPI_I2S_ITConfig                         0x080034b1   Thumb Code    68  stm32f4xx_spi.o(.text)
    SPI_I2S_GetFlagStatus                    0x080034f5   Thumb Code    18  stm32f4xx_spi.o(.text)
    SPI_I2S_ClearFlag                        0x08003507   Thumb Code     6  stm32f4xx_spi.o(.text)
    SPI_I2S_GetITStatus                      0x0800350d   Thumb Code    52  stm32f4xx_spi.o(.text)
    SPI_I2S_ClearITPendingBit                0x08003541   Thumb Code    20  stm32f4xx_spi.o(.text)
    TIM_DeInit                               0x08003555   Thumb Code   346  stm32f4xx_tim.o(.text)
    TIM_TimeBaseInit                         0x080036af   Thumb Code   104  stm32f4xx_tim.o(.text)
    TIM_TimeBaseStructInit                   0x08003717   Thumb Code    18  stm32f4xx_tim.o(.text)
    TIM_PrescalerConfig                      0x08003729   Thumb Code     6  stm32f4xx_tim.o(.text)
    TIM_CounterModeConfig                    0x0800372f   Thumb Code    18  stm32f4xx_tim.o(.text)
    TIM_SetCounter                           0x08003741   Thumb Code     4  stm32f4xx_tim.o(.text)
    TIM_SetAutoreload                        0x08003745   Thumb Code     4  stm32f4xx_tim.o(.text)
    TIM_GetCounter                           0x08003749   Thumb Code     6  stm32f4xx_tim.o(.text)
    TIM_GetPrescaler                         0x0800374f   Thumb Code     6  stm32f4xx_tim.o(.text)
    TIM_UpdateDisableConfig                  0x08003755   Thumb Code    24  stm32f4xx_tim.o(.text)
    TIM_UpdateRequestConfig                  0x0800376d   Thumb Code    24  stm32f4xx_tim.o(.text)
    TIM_ARRPreloadConfig                     0x08003785   Thumb Code    24  stm32f4xx_tim.o(.text)
    TIM_SelectOnePulseMode                   0x0800379d   Thumb Code    18  stm32f4xx_tim.o(.text)
    TIM_SetClockDivision                     0x080037af   Thumb Code    18  stm32f4xx_tim.o(.text)
    TIM_Cmd                                  0x080037c1   Thumb Code    24  stm32f4xx_tim.o(.text)
    TIM_OC1Init                              0x080037d9   Thumb Code   114  stm32f4xx_tim.o(.text)
    TIM_OC2Init                              0x0800384b   Thumb Code   154  stm32f4xx_tim.o(.text)
    TIM_OC3Init                              0x080038e5   Thumb Code   204  stm32f4xx_tim.o(.text)
    TIM_OC4Init                              0x080039b1   Thumb Code   112  stm32f4xx_tim.o(.text)
    TIM_OCStructInit                         0x08003a21   Thumb Code    20  stm32f4xx_tim.o(.text)
    TIM_SelectOCxM                           0x08003a35   Thumb Code    86  stm32f4xx_tim.o(.text)
    TIM_SetCompare1                          0x08003a8b   Thumb Code     4  stm32f4xx_tim.o(.text)
    TIM_SetCompare2                          0x08003a8f   Thumb Code     4  stm32f4xx_tim.o(.text)
    TIM_SetCompare3                          0x08003a93   Thumb Code     4  stm32f4xx_tim.o(.text)
    TIM_SetCompare4                          0x08003a97   Thumb Code     4  stm32f4xx_tim.o(.text)
    TIM_ForcedOC1Config                      0x08003a9b   Thumb Code    18  stm32f4xx_tim.o(.text)
    TIM_ForcedOC2Config                      0x08003aad   Thumb Code    26  stm32f4xx_tim.o(.text)
    TIM_ForcedOC3Config                      0x08003ac7   Thumb Code    18  stm32f4xx_tim.o(.text)
    TIM_ForcedOC4Config                      0x08003ad9   Thumb Code    26  stm32f4xx_tim.o(.text)
    TIM_OC1PreloadConfig                     0x08003af3   Thumb Code    18  stm32f4xx_tim.o(.text)
    TIM_OC2PreloadConfig                     0x08003b05   Thumb Code    26  stm32f4xx_tim.o(.text)
    TIM_OC3PreloadConfig                     0x08003b1f   Thumb Code    18  stm32f4xx_tim.o(.text)
    TIM_OC4PreloadConfig                     0x08003b31   Thumb Code    26  stm32f4xx_tim.o(.text)
    TIM_OC1FastConfig                        0x08003b4b   Thumb Code    18  stm32f4xx_tim.o(.text)
    TIM_OC2FastConfig                        0x08003b5d   Thumb Code    26  stm32f4xx_tim.o(.text)
    TIM_OC3FastConfig                        0x08003b77   Thumb Code    18  stm32f4xx_tim.o(.text)
    TIM_OC4FastConfig                        0x08003b89   Thumb Code    26  stm32f4xx_tim.o(.text)
    TIM_ClearOC1Ref                          0x08003ba3   Thumb Code    18  stm32f4xx_tim.o(.text)
    TIM_ClearOC2Ref                          0x08003bb5   Thumb Code    24  stm32f4xx_tim.o(.text)
    TIM_ClearOC3Ref                          0x08003bcd   Thumb Code    18  stm32f4xx_tim.o(.text)
    TIM_ClearOC4Ref                          0x08003bdf   Thumb Code    24  stm32f4xx_tim.o(.text)
    TIM_OC1PolarityConfig                    0x08003bf7   Thumb Code    18  stm32f4xx_tim.o(.text)
    TIM_OC1NPolarityConfig                   0x08003c09   Thumb Code    18  stm32f4xx_tim.o(.text)
    TIM_OC2PolarityConfig                    0x08003c1b   Thumb Code    26  stm32f4xx_tim.o(.text)
    TIM_OC2NPolarityConfig                   0x08003c35   Thumb Code    26  stm32f4xx_tim.o(.text)
    TIM_OC3PolarityConfig                    0x08003c4f   Thumb Code    26  stm32f4xx_tim.o(.text)
    TIM_OC3NPolarityConfig                   0x08003c69   Thumb Code    26  stm32f4xx_tim.o(.text)
    TIM_OC4PolarityConfig                    0x08003c83   Thumb Code    26  stm32f4xx_tim.o(.text)
    TIM_CCxCmd                               0x08003c9d   Thumb Code    30  stm32f4xx_tim.o(.text)
    TIM_CCxNCmd                              0x08003cbb   Thumb Code    30  stm32f4xx_tim.o(.text)
    TIM_SetIC4Prescaler                      0x08003cd9   Thumb Code    26  stm32f4xx_tim.o(.text)
    TIM_SetIC3Prescaler                      0x08003d43   Thumb Code    18  stm32f4xx_tim.o(.text)
    TIM_SetIC2Prescaler                      0x08003d9d   Thumb Code    26  stm32f4xx_tim.o(.text)
    TIM_SetIC1Prescaler                      0x08003e11   Thumb Code    18  stm32f4xx_tim.o(.text)
    TIM_ICInit                               0x08003e5d   Thumb Code   110  stm32f4xx_tim.o(.text)
    TIM_ICStructInit                         0x08003ecb   Thumb Code    18  stm32f4xx_tim.o(.text)
    TIM_PWMIConfig                           0x08003edd   Thumb Code   124  stm32f4xx_tim.o(.text)
    TIM_GetCapture1                          0x08003f59   Thumb Code     6  stm32f4xx_tim.o(.text)
    TIM_GetCapture2                          0x08003f5f   Thumb Code     6  stm32f4xx_tim.o(.text)
    TIM_GetCapture3                          0x08003f65   Thumb Code     6  stm32f4xx_tim.o(.text)
    TIM_GetCapture4                          0x08003f6b   Thumb Code     6  stm32f4xx_tim.o(.text)
    TIM_BDTRConfig                           0x08003f71   Thumb Code    32  stm32f4xx_tim.o(.text)
    TIM_BDTRStructInit                       0x08003f91   Thumb Code    18  stm32f4xx_tim.o(.text)
    TIM_CtrlPWMOutputs                       0x08003fa3   Thumb Code    30  stm32f4xx_tim.o(.text)
    TIM_SelectCOM                            0x08003fc1   Thumb Code    24  stm32f4xx_tim.o(.text)
    TIM_CCPreloadControl                     0x08003fd9   Thumb Code    24  stm32f4xx_tim.o(.text)
    TIM_ITConfig                             0x08003ff1   Thumb Code    18  stm32f4xx_tim.o(.text)
    TIM_GenerateEvent                        0x08004003   Thumb Code     4  stm32f4xx_tim.o(.text)
    TIM_GetFlagStatus                        0x08004007   Thumb Code    18  stm32f4xx_tim.o(.text)
    TIM_ClearFlag                            0x08004019   Thumb Code     6  stm32f4xx_tim.o(.text)
    TIM_GetITStatus                          0x0800401f   Thumb Code    34  stm32f4xx_tim.o(.text)
    TIM_ClearITPendingBit                    0x08004041   Thumb Code     6  stm32f4xx_tim.o(.text)
    TIM_DMAConfig                            0x08004047   Thumb Code    10  stm32f4xx_tim.o(.text)
    TIM_DMACmd                               0x08004051   Thumb Code    18  stm32f4xx_tim.o(.text)
    TIM_SelectCCDMA                          0x08004063   Thumb Code    24  stm32f4xx_tim.o(.text)
    TIM_InternalClockConfig                  0x0800407b   Thumb Code    12  stm32f4xx_tim.o(.text)
    TIM_SelectInputTrigger                   0x08004087   Thumb Code    18  stm32f4xx_tim.o(.text)
    TIM_ITRxExternalClockConfig              0x08004099   Thumb Code    24  stm32f4xx_tim.o(.text)
    TIM_TIxExternalClockConfig               0x080040b1   Thumb Code    62  stm32f4xx_tim.o(.text)
    TIM_ETRConfig                            0x080040ef   Thumb Code    28  stm32f4xx_tim.o(.text)
    TIM_ETRClockMode1Config                  0x0800410b   Thumb Code    54  stm32f4xx_tim.o(.text)
    TIM_ETRClockMode2Config                  0x08004141   Thumb Code    32  stm32f4xx_tim.o(.text)
    TIM_SelectOutputTrigger                  0x08004161   Thumb Code    18  stm32f4xx_tim.o(.text)
    TIM_SelectSlaveMode                      0x08004173   Thumb Code    18  stm32f4xx_tim.o(.text)
    TIM_SelectMasterSlaveMode                0x08004185   Thumb Code    18  stm32f4xx_tim.o(.text)
    TIM_EncoderInterfaceConfig               0x08004197   Thumb Code    66  stm32f4xx_tim.o(.text)
    TIM_SelectHallSensor                     0x080041d9   Thumb Code    24  stm32f4xx_tim.o(.text)
    TIM_RemapConfig                          0x080041f1   Thumb Code     6  stm32f4xx_tim.o(.text)
    EXTI_DeInit                              0x080041f9   Thumb Code    28  stm32f4xx_exti.o(.text)
    EXTI_Init                                0x08004215   Thumb Code   142  stm32f4xx_exti.o(.text)
    EXTI_StructInit                          0x080042a3   Thumb Code    16  stm32f4xx_exti.o(.text)
    EXTI_GenerateSWInterrupt                 0x080042b3   Thumb Code    16  stm32f4xx_exti.o(.text)
    EXTI_GetFlagStatus                       0x080042c3   Thumb Code    22  stm32f4xx_exti.o(.text)
    EXTI_ClearFlag                           0x080042d9   Thumb Code     8  stm32f4xx_exti.o(.text)
    EXTI_GetITStatus                         0x080042e1   Thumb Code    22  stm32f4xx_exti.o(.text)
    EXTI_ClearITPendingBit                   0x080042f7   Thumb Code     8  stm32f4xx_exti.o(.text)
    __use_no_semihosting                     0x08004309   Thumb Code     2  use_no_semi_2.o(.text)
    __2printf                                0x0800430d   Thumb Code    20  noretval__2printf.o(.text)
    _printf_int_dec                          0x08004325   Thumb Code   104  _printf_dec.o(.text)
    __printf                                 0x0800439d   Thumb Code   184  __printf_ss.o(.text)
    __use_two_region_memory                  0x08004455   Thumb Code     2  heapauxi.o(.text)
    __rt_heap_escrow$2region                 0x08004457   Thumb Code     2  heapauxi.o(.text)
    __rt_heap_expand$2region                 0x08004459   Thumb Code     2  heapauxi.o(.text)
    __I$use$semihosting                      0x0800445b   Thumb Code     0  use_no_semi.o(.text)
    __use_no_semihosting_swi                 0x0800445b   Thumb Code     2  use_no_semi.o(.text)
    _printf_int_common                       0x0800445d   Thumb Code   178  _printf_intcommon.o(.text)
    _printf_char_file                        0x08004511   Thumb Code    32  _printf_char_file.o(.text)
    _printf_char_common                      0x0800453f   Thumb Code    32  _printf_char_common.o(.text)
    ferror                                   0x08004565   Thumb Code     8  ferror.o(.text)
    __user_setup_stackheap                   0x0800456d   Thumb Code    74  sys_stackheap_outer.o(.text)
    exit                                     0x080045b7   Thumb Code    18  exit.o(.text)
    __user_libspace                          0x080045c9   Thumb Code     8  libspace.o(.text)
    __user_perproc_libspace                  0x080045c9   Thumb Code     0  libspace.o(.text)
    __user_perthread_libspace                0x080045c9   Thumb Code     0  libspace.o(.text)
    __aeabi_d2f                              0x080045d1   Thumb Code     0  d2f.o(x$fpl$d2f)
    _d2f                                     0x080045d1   Thumb Code    98  d2f.o(x$fpl$d2f)
    __aeabi_ddiv                             0x08004635   Thumb Code     0  ddiv.o(x$fpl$ddiv)
    _ddiv                                    0x08004635   Thumb Code   552  ddiv.o(x$fpl$ddiv)
    __aeabi_d2uiz                            0x080048e5   Thumb Code     0  dfixu.o(x$fpl$dfixu)
    _dfixu                                   0x080048e5   Thumb Code    90  dfixu.o(x$fpl$dfixu)
    __aeabi_i2d                              0x0800493f   Thumb Code     0  dflt_clz.o(x$fpl$dflt)
    _dflt                                    0x0800493f   Thumb Code    46  dflt_clz.o(x$fpl$dflt)
    __aeabi_ui2d                             0x0800496d   Thumb Code     0  dflt_clz.o(x$fpl$dfltu)
    _dfltu                                   0x0800496d   Thumb Code    38  dflt_clz.o(x$fpl$dfltu)
    __aeabi_dmul                             0x08004995   Thumb Code     0  dmul.o(x$fpl$dmul)
    _dmul                                    0x08004995   Thumb Code   332  dmul.o(x$fpl$dmul)
    __fpl_dnaninf                            0x08004ae9   Thumb Code   156  dnaninf.o(x$fpl$dnaninf)
    __fpl_dretinf                            0x08004b85   Thumb Code    12  dretinf.o(x$fpl$dretinf)
    _fp_init                                 0x08004b91   Thumb Code    10  fpinit.o(x$fpl$fpinit)
    __fplib_config_fpu_vfp                   0x08004b99   Thumb Code     0  fpinit.o(x$fpl$fpinit)
    __fplib_config_pureend_doubles           0x08004b99   Thumb Code     0  fpinit.o(x$fpl$fpinit)
    __fpl_fretinf                            0x08004b9b   Thumb Code    10  fretinf.o(x$fpl$fretinf)
    Region$$Table$$Base                      0x08004ba4   Number         0  anon$$obj.o(Region$$Table)
    __I$use$fp                               0x08004ba4   Number         0  usenofp.o(x$fpl$usenofp)
    Region$$Table$$Limit                     0x08004bc4   Number         0  anon$$obj.o(Region$$Table)
    first_start                              0x20000000   Data           4  main.o(.data)
    SystemCoreClock                          0x20000004   Data           4  system_stm32f4xx.o(.data)
    AHBPrescTable                            0x20000008   Data          16  system_stm32f4xx.o(.data)
    switch_vlaue                             0x20000018   Data           4  key.o(.data)
    ok_ack                                   0x2000001c   Data           8  wifi.o(.data)
    get_value                                0x20000024   Data           8  wifi.o(.data)
    point                                    0x2000002c   Data           4  wifi.o(.data)
    frame_s                                  0x20000030   Data           4  wifi.o(.data)
    chanenl                                  0x20000034   Data           8  74hc4051.o(.data)
    bak                                      0x2000003c   Data           4  74hc4051.o(.data)
    ADS_CS                                   0x20000040   Data           4  ads1256.o(.data)
    ADS_WAIT_DRDY                            0x20000044   Data           4  ads1256.o(.data)
    kk                                       0x20000048   Data           4  ads1256.o(.data)
    high                                     0x2000004c   Data           4  pwm_check.o(.data)
    all                                      0x20000050   Data           4  pwm_check.o(.data)
    flag                                     0x20000054   Data           4  pwm_check.o(.data)
    __stdout                                 0x2000005c   Data           4  usart.o(.data)
    data_io_infos                            0x20000070   Data          72  relay_control.o(.bss)
    lock_io_infos                            0x200000b8   Data          72  relay_control.o(.bss)
    relay                                    0x20000100   Data         328  relay_control.o(.bss)
    RecBuff                                  0x20000248   Data          17  wifi.o(.bss)
    frame_send_char                          0x20000259   Data          87  wifi.o(.bss)
    __libspace_start                         0x200002b0   Data          96  libspace.o(.bss)
    __temporary_stack_top$libspace           0x20000310   Data           0  libspace.o(.bss)



==============================================================================

Memory Map of the image

  Image Entry point : 0x08000189

  Load Region LR_IROM1 (Base: 0x08000000, Size: 0x00004c34, Max: 0x00100000, ABSOLUTE)

    Execution Region ER_IROM1 (Exec base: 0x08000000, Load base: 0x08000000, Size: 0x00004bc4, Max: 0x00100000, ABSOLUTE)

    Exec Addr    Load Addr    Size         Type   Attr      Idx    E Section Name        Object

    0x08000000   0x08000000   0x00000188   Data   RO          788    RESET               startup_stm32f40_41xxx.o
    0x08000188   0x08000188   0x00000008   Code   RO         1054  * !!!main             c_w.l(__main.o)
    0x08000190   0x08000190   0x00000034   Code   RO         1247    !!!scatter          c_w.l(__scatter.o)
    0x080001c4   0x080001c4   0x0000001a   Code   RO         1249    !!handler_copy      c_w.l(__scatter_copy.o)
    0x080001de   0x080001de   0x00000002   PAD
    0x080001e0   0x080001e0   0x0000001c   Code   RO         1251    !!handler_zi        c_w.l(__scatter_zi.o)
    0x080001fc   0x080001fc   0x00000000   Code   RO         1051    .ARM.Collect$$_printf_percent$$00000000  c_w.l(_printf_percent.o)
    0x080001fc   0x080001fc   0x00000006   Code   RO         1050    .ARM.Collect$$_printf_percent$$00000009  c_w.l(_printf_d.o)
    0x08000202   0x08000202   0x00000004   Code   RO         1081    .ARM.Collect$$_printf_percent$$00000017  c_w.l(_printf_percent_end.o)
    0x08000206   0x08000206   0x00000002   Code   RO         1121    .ARM.Collect$$libinit$$00000000  c_w.l(libinit.o)
    0x08000208   0x08000208   0x00000004   Code   RO         1127    .ARM.Collect$$libinit$$00000001  c_w.l(libinit2.o)
    0x0800020c   0x0800020c   0x00000000   Code   RO         1130    .ARM.Collect$$libinit$$00000004  c_w.l(libinit2.o)
    0x0800020c   0x0800020c   0x00000000   Code   RO         1133    .ARM.Collect$$libinit$$0000000A  c_w.l(libinit2.o)
    0x0800020c   0x0800020c   0x00000000   Code   RO         1135    .ARM.Collect$$libinit$$0000000C  c_w.l(libinit2.o)
    0x0800020c   0x0800020c   0x00000000   Code   RO         1137    .ARM.Collect$$libinit$$0000000E  c_w.l(libinit2.o)
    0x0800020c   0x0800020c   0x00000000   Code   RO         1140    .ARM.Collect$$libinit$$00000011  c_w.l(libinit2.o)
    0x0800020c   0x0800020c   0x00000000   Code   RO         1142    .ARM.Collect$$libinit$$00000013  c_w.l(libinit2.o)
    0x0800020c   0x0800020c   0x00000000   Code   RO         1144    .ARM.Collect$$libinit$$00000015  c_w.l(libinit2.o)
    0x0800020c   0x0800020c   0x00000000   Code   RO         1146    .ARM.Collect$$libinit$$00000017  c_w.l(libinit2.o)
    0x0800020c   0x0800020c   0x00000000   Code   RO         1148    .ARM.Collect$$libinit$$00000019  c_w.l(libinit2.o)
    0x0800020c   0x0800020c   0x00000000   Code   RO         1150    .ARM.Collect$$libinit$$0000001B  c_w.l(libinit2.o)
    0x0800020c   0x0800020c   0x00000000   Code   RO         1152    .ARM.Collect$$libinit$$0000001D  c_w.l(libinit2.o)
    0x0800020c   0x0800020c   0x00000000   Code   RO         1154    .ARM.Collect$$libinit$$0000001F  c_w.l(libinit2.o)
    0x0800020c   0x0800020c   0x00000000   Code   RO         1156    .ARM.Collect$$libinit$$00000021  c_w.l(libinit2.o)
    0x0800020c   0x0800020c   0x00000000   Code   RO         1158    .ARM.Collect$$libinit$$00000023  c_w.l(libinit2.o)
    0x0800020c   0x0800020c   0x00000000   Code   RO         1160    .ARM.Collect$$libinit$$00000025  c_w.l(libinit2.o)
    0x0800020c   0x0800020c   0x00000000   Code   RO         1164    .ARM.Collect$$libinit$$0000002C  c_w.l(libinit2.o)
    0x0800020c   0x0800020c   0x00000000   Code   RO         1166    .ARM.Collect$$libinit$$0000002E  c_w.l(libinit2.o)
    0x0800020c   0x0800020c   0x00000000   Code   RO         1168    .ARM.Collect$$libinit$$00000030  c_w.l(libinit2.o)
    0x0800020c   0x0800020c   0x00000000   Code   RO         1170    .ARM.Collect$$libinit$$00000032  c_w.l(libinit2.o)
    0x0800020c   0x0800020c   0x00000002   Code   RO         1171    .ARM.Collect$$libinit$$00000033  c_w.l(libinit2.o)
    0x0800020e   0x0800020e   0x00000002   Code   RO         1189    .ARM.Collect$$libshutdown$$00000000  c_w.l(libshutdown.o)
    0x08000210   0x08000210   0x00000000   Code   RO         1199    .ARM.Collect$$libshutdown$$00000002  c_w.l(libshutdown2.o)
    0x08000210   0x08000210   0x00000000   Code   RO         1201    .ARM.Collect$$libshutdown$$00000004  c_w.l(libshutdown2.o)
    0x08000210   0x08000210   0x00000000   Code   RO         1204    .ARM.Collect$$libshutdown$$00000007  c_w.l(libshutdown2.o)
    0x08000210   0x08000210   0x00000000   Code   RO         1207    .ARM.Collect$$libshutdown$$0000000A  c_w.l(libshutdown2.o)
    0x08000210   0x08000210   0x00000000   Code   RO         1209    .ARM.Collect$$libshutdown$$0000000C  c_w.l(libshutdown2.o)
    0x08000210   0x08000210   0x00000000   Code   RO         1212    .ARM.Collect$$libshutdown$$0000000F  c_w.l(libshutdown2.o)
    0x08000210   0x08000210   0x00000002   Code   RO         1213    .ARM.Collect$$libshutdown$$00000010  c_w.l(libshutdown2.o)
    0x08000212   0x08000212   0x00000000   Code   RO         1076    .ARM.Collect$$rtentry$$00000000  c_w.l(__rtentry.o)
    0x08000212   0x08000212   0x00000000   Code   RO         1090    .ARM.Collect$$rtentry$$00000002  c_w.l(__rtentry2.o)
    0x08000212   0x08000212   0x00000006   Code   RO         1102    .ARM.Collect$$rtentry$$00000004  c_w.l(__rtentry4.o)
    0x08000218   0x08000218   0x00000000   Code   RO         1092    .ARM.Collect$$rtentry$$00000009  c_w.l(__rtentry2.o)
    0x08000218   0x08000218   0x00000004   Code   RO         1093    .ARM.Collect$$rtentry$$0000000A  c_w.l(__rtentry2.o)
    0x0800021c   0x0800021c   0x00000000   Code   RO         1095    .ARM.Collect$$rtentry$$0000000C  c_w.l(__rtentry2.o)
    0x0800021c   0x0800021c   0x00000008   Code   RO         1096    .ARM.Collect$$rtentry$$0000000D  c_w.l(__rtentry2.o)
    0x08000224   0x08000224   0x00000002   Code   RO         1125    .ARM.Collect$$rtexit$$00000000  c_w.l(rtexit.o)
    0x08000226   0x08000226   0x00000000   Code   RO         1173    .ARM.Collect$$rtexit$$00000002  c_w.l(rtexit2.o)
    0x08000226   0x08000226   0x00000004   Code   RO         1174    .ARM.Collect$$rtexit$$00000003  c_w.l(rtexit2.o)
    0x0800022a   0x0800022a   0x00000006   Code   RO         1175    .ARM.Collect$$rtexit$$00000004  c_w.l(rtexit2.o)
    0x08000230   0x08000230   0x000000d8   Code   RO            3    .text               main.o
    0x08000308   0x08000308   0x0000001a   Code   RO          176    .text               stm32f4xx_it.o
    0x08000322   0x08000322   0x00000002   PAD
    0x08000324   0x08000324   0x00000210   Code   RO          335    .text               system_stm32f4xx.o
    0x08000534   0x08000534   0x0000003c   Code   RO          361    .text               led.o
    0x08000570   0x08000570   0x000000a4   Code   RO          418    .text               key.o
    0x08000614   0x08000614   0x0000010c   Code   RO          441    .text               dma.o
    0x08000720   0x08000720   0x00000274   Code   RO          461    .text               relay_control.o
    0x08000994   0x08000994   0x00000304   Code   RO          484    .text               wifi.o
    0x08000c98   0x08000c98   0x00000408   Code   RO          645    .text               74hc4051.o
    0x080010a0   0x080010a0   0x0000053c   Code   RO          669    .text               ads1256.o
    0x080015dc   0x080015dc   0x00000248   Code   RO          697    .text               pwm_check.o
    0x08001824   0x08001824   0x00000104   Code   RO          721    .text               delay.o
    0x08001928   0x08001928   0x0000013c   Code   RO          761    .text               usart.o
    0x08001a64   0x08001a64   0x00000040   Code   RO          789    .text               startup_stm32f40_41xxx.o
    0x08001aa4   0x08001aa4   0x000000e0   Code   RO          795    .text               misc.o
    0x08001b84   0x08001b84   0x000003a8   Code   RO          815    .text               stm32f4xx_dma.o
    0x08001f2c   0x08001f2c   0x00000294   Code   RO          835    .text               stm32f4xx_gpio.o
    0x080021c0   0x080021c0   0x00000454   Code   RO          878    .text               stm32f4xx_usart.o
    0x08002614   0x08002614   0x0000065c   Code   RO          918    .text               stm32f4xx_rcc.o
    0x08002c70   0x08002c70   0x00000464   Code   RO          940    .text               stm32f4xx_adc.o
    0x080030d4   0x080030d4   0x00000480   Code   RO          960    .text               stm32f4xx_spi.o
    0x08003554   0x08003554   0x00000ca2   Code   RO          980    .text               stm32f4xx_tim.o
    0x080041f6   0x080041f6   0x00000002   PAD
    0x080041f8   0x080041f8   0x00000110   Code   RO         1000    .text               stm32f4xx_exti.o
    0x08004308   0x08004308   0x00000002   Code   RO         1020    .text               c_w.l(use_no_semi_2.o)
    0x0800430a   0x0800430a   0x00000002   PAD
    0x0800430c   0x0800430c   0x00000018   Code   RO         1024    .text               c_w.l(noretval__2printf.o)
    0x08004324   0x08004324   0x00000078   Code   RO         1028    .text               c_w.l(_printf_dec.o)
    0x0800439c   0x0800439c   0x000000b8   Code   RO         1033    .text               c_w.l(__printf_ss.o)
    0x08004454   0x08004454   0x00000006   Code   RO         1052    .text               c_w.l(heapauxi.o)
    0x0800445a   0x0800445a   0x00000002   Code   RO         1074    .text               c_w.l(use_no_semi.o)
    0x0800445c   0x0800445c   0x000000b2   Code   RO         1077    .text               c_w.l(_printf_intcommon.o)
    0x0800450e   0x0800450e   0x00000002   PAD
    0x08004510   0x08004510   0x00000024   Code   RO         1079    .text               c_w.l(_printf_char_file.o)
    0x08004534   0x08004534   0x00000030   Code   RO         1104    .text               c_w.l(_printf_char_common.o)
    0x08004564   0x08004564   0x00000008   Code   RO         1106    .text               c_w.l(ferror.o)
    0x0800456c   0x0800456c   0x0000004a   Code   RO         1110    .text               c_w.l(sys_stackheap_outer.o)
    0x080045b6   0x080045b6   0x00000012   Code   RO         1114    .text               c_w.l(exit.o)
    0x080045c8   0x080045c8   0x00000008   Code   RO         1122    .text               c_w.l(libspace.o)
    0x080045d0   0x080045d0   0x00000062   Code   RO         1056    x$fpl$d2f           fz_wm.l(d2f.o)
    0x08004632   0x08004632   0x00000002   PAD
    0x08004634   0x08004634   0x000002b0   Code   RO         1059    x$fpl$ddiv          fz_wm.l(ddiv.o)
    0x080048e4   0x080048e4   0x0000005a   Code   RO         1062    x$fpl$dfixu         fz_wm.l(dfixu.o)
    0x0800493e   0x0800493e   0x0000002e   Code   RO         1067    x$fpl$dflt          fz_wm.l(dflt_clz.o)
    0x0800496c   0x0800496c   0x00000026   Code   RO         1066    x$fpl$dfltu         fz_wm.l(dflt_clz.o)
    0x08004992   0x08004992   0x00000002   PAD
    0x08004994   0x08004994   0x00000154   Code   RO         1072    x$fpl$dmul          fz_wm.l(dmul.o)
    0x08004ae8   0x08004ae8   0x0000009c   Code   RO         1082    x$fpl$dnaninf       fz_wm.l(dnaninf.o)
    0x08004b84   0x08004b84   0x0000000c   Code   RO         1084    x$fpl$dretinf       fz_wm.l(dretinf.o)
    0x08004b90   0x08004b90   0x0000000a   Code   RO         1181    x$fpl$fpinit        fz_wm.l(fpinit.o)
    0x08004b9a   0x08004b9a   0x0000000a   Code   RO         1086    x$fpl$fretinf       fz_wm.l(fretinf.o)
    0x08004ba4   0x08004ba4   0x00000000   Code   RO         1088    x$fpl$usenofp       fz_wm.l(usenofp.o)
    0x08004ba4   0x08004ba4   0x00000020   Data   RO         1245    Region$$Table       anon$$obj.o


    Execution Region RW_IRAM1 (Exec base: 0x20000000, Load base: 0x08004bc4, Size: 0x00000910, Max: 0x00020000, ABSOLUTE)

    Exec Addr    Load Addr    Size         Type   Attr      Idx    E Section Name        Object

    0x20000000   0x08004bc4   0x00000004   Data   RW            4    .data               main.o
    0x20000004   0x08004bc8   0x00000014   Data   RW          336    .data               system_stm32f4xx.o
    0x20000018   0x08004bdc   0x00000004   Data   RW          419    .data               key.o
    0x2000001c   0x08004be0   0x00000018   Data   RW          486    .data               wifi.o
    0x20000034   0x08004bf8   0x0000000c   Data   RW          646    .data               74hc4051.o
    0x20000040   0x08004c04   0x0000000c   Data   RW          671    .data               ads1256.o
    0x2000004c   0x08004c10   0x0000000c   Data   RW          698    .data               pwm_check.o
    0x20000058   0x08004c1c   0x00000004   Data   RW          722    .data               delay.o
    0x2000005c   0x08004c20   0x00000004   Data   RW          762    .data               usart.o
    0x20000060   0x08004c24   0x00000010   Data   RW          919    .data               stm32f4xx_rcc.o
    0x20000070        -       0x000001d8   Zero   RW          462    .bss                relay_control.o
    0x20000248        -       0x00000068   Zero   RW          485    .bss                wifi.o
    0x200002b0        -       0x00000060   Zero   RW         1123    .bss                c_w.l(libspace.o)
    0x20000310        -       0x00000200   Zero   RW          787    HEAP                startup_stm32f40_41xxx.o
    0x20000510        -       0x00000400   Zero   RW          786    STACK               startup_stm32f40_41xxx.o


==============================================================================

Image component sizes


      Code (inc. data)   RO Data    RW Data    ZI Data      Debug   Object Name

      1032         36          0         12          0       2685   74hc4051.o
      1340         52          0         12          0       4375   ads1256.o
       260          8          0          4          0       1489   delay.o
       268          6          0          0          0       1605   dma.o
       164          8          0          4          0        773   key.o
        60          4          0          0          0     246579   led.o
       216         10          0          4          0     254461   main.o
       224         20          0          0          0       1825   misc.o
       584         62          0         12          0       2390   pwm_check.o
       628         30          0          0        472       2167   relay_control.o
        64         26        392          0       1536        828   startup_stm32f40_41xxx.o
      1124         24          0          0          0      10694   stm32f4xx_adc.o
       936         32          0          0          0       6405   stm32f4xx_dma.o
       272         10          0          0          0       2295   stm32f4xx_exti.o
       660         44          0          0          0       4169   stm32f4xx_gpio.o
        26          0          0          0          0      69818   stm32f4xx_it.o
      1628         52          0         16          0      13044   stm32f4xx_rcc.o
      1152         36          0          0          0       6917   stm32f4xx_spi.o
      3234         60          0          0          0      23024   stm32f4xx_tim.o
      1108         34          0          0          0       7892   stm32f4xx_usart.o
       528         46          0         20          0       1791   system_stm32f4xx.o
       316         18          0          4          0       3347   usart.o
       772         60          0         24        104     267846   wifi.o

    ----------------------------------------------------------------------
     16600        678        424        112       2112     936419   Object Totals
         0          0         32          0          0          0   (incl. Generated)
         4          0          0          0          0          0   (incl. Padding)

    ----------------------------------------------------------------------

      Code (inc. data)   RO Data    RW Data    ZI Data      Debug   Library Member Name

         8          0          0          0          0         68   __main.o
       184          0          0          0          0         84   __printf_ss.o
         0          0          0          0          0          0   __rtentry.o
        12          0          0          0          0          0   __rtentry2.o
         6          0          0          0          0          0   __rtentry4.o
        52          8          0          0          0          0   __scatter.o
        26          0          0          0          0          0   __scatter_copy.o
        28          0          0          0          0          0   __scatter_zi.o
        48          6          0          0          0         96   _printf_char_common.o
        36          4          0          0          0         80   _printf_char_file.o
         6          0          0          0          0          0   _printf_d.o
       120         16          0          0          0         92   _printf_dec.o
       178          0          0          0          0         88   _printf_intcommon.o
         0          0          0          0          0          0   _printf_percent.o
         4          0          0          0          0          0   _printf_percent_end.o
        18          0          0          0          0         80   exit.o
         8          0          0          0          0         68   ferror.o
         6          0          0          0          0        152   heapauxi.o
         2          0          0          0          0          0   libinit.o
         6          0          0          0          0          0   libinit2.o
         2          0          0          0          0          0   libshutdown.o
         2          0          0          0          0          0   libshutdown2.o
         8          4          0          0         96         68   libspace.o
        24          4          0          0          0         84   noretval__2printf.o
         2          0          0          0          0          0   rtexit.o
        10          0          0          0          0          0   rtexit2.o
        74          0          0          0          0         80   sys_stackheap_outer.o
         2          0          0          0          0         68   use_no_semi.o
         2          0          0          0          0         68   use_no_semi_2.o
        98          4          0          0          0        140   d2f.o
       688        140          0          0          0        256   ddiv.o
        90          4          0          0          0        140   dfixu.o
        84          0          0          0          0        232   dflt_clz.o
       340         12          0          0          0        152   dmul.o
       156          4          0          0          0        140   dnaninf.o
        12          0          0          0          0        116   dretinf.o
        10          0          0          0          0        116   fpinit.o
        10          0          0          0          0        116   fretinf.o
         0          0          0          0          0          0   usenofp.o

    ----------------------------------------------------------------------
      2372        206          0          0         96       2584   Library Totals
        10          0          0          0          0          0   (incl. Padding)

    ----------------------------------------------------------------------

      Code (inc. data)   RO Data    RW Data    ZI Data      Debug   Library Name

       874         42          0          0         96       1176   c_w.l
      1488        164          0          0          0       1408   fz_wm.l

    ----------------------------------------------------------------------
      2372        206          0          0         96       2584   Library Totals

    ----------------------------------------------------------------------

==============================================================================


      Code (inc. data)   RO Data    RW Data    ZI Data      Debug   

     18972        884        424        112       2208     933083   Grand Totals
     18972        884        424        112       2208     933083   ELF Image Totals
     18972        884        424        112          0          0   ROM Totals

==============================================================================

    Total RO  Size (Code + RO Data)                19396 (  18.94kB)
    Total RW  Size (RW Data + ZI Data)              2320 (   2.27kB)
    Total ROM Size (Code + RO Data + RW Data)      19508 (  19.05kB)

==============================================================================

