Component: ARM Compiler 5.06 update 6 (build 750) Tool: armlink [4d35ed]

==============================================================================

Section Cross References

    main.o(.text) refers to _printf_percent.o(.ARM.Collect$$_printf_percent$$00000000) for _printf_percent
    main.o(.text) refers to _printf_f.o(.ARM.Collect$$_printf_percent$$00000003) for _printf_f
    main.o(.text) refers to printf1.o(x$fpl$printf1) for _printf_fp_dec
    main.o(.text) refers to misc.o(.text) for NVIC_PriorityGroupConfig
    main.o(.text) refers to delay.o(.text) for delay_init
    main.o(.text) refers to usart.o(.text) for uart_init
    main.o(.text) refers to key.o(.text) for switch_Init
    main.o(.text) refers to wifi.o(.text) for wifi_init
    main.o(.text) refers to relay_control.o(.text) for chip_74hc573_init
    main.o(.text) refers to 74hc4051.o(.text) for chip_74hc4051_adc_init
    main.o(.text) refers to led.o(.text) for LED_Init
    main.o(.text) refers to ads1256.o(.text) for ADS1256_GPIO_init
    main.o(.text) refers to pwm_check.o(.text) for PWM_Gpio_Init
    main.o(.text) refers to f2d.o(x$fpl$f2d) for __aeabi_f2d
    main.o(.text) refers to noretval__2printf.o(.text) for __2printf
    main.o(.text) refers to pwm_check.o(.data) for high
    system_stm32f4xx.o(.text) refers to system_stm32f4xx.o(.data) for SystemCoreClock
    led.o(.text) refers to stm32f4xx_rcc.o(.text) for RCC_AHB1PeriphClockCmd
    led.o(.text) refers to stm32f4xx_gpio.o(.text) for GPIO_Init
    key.o(.text) refers to stm32f4xx_rcc.o(.text) for RCC_AHB1PeriphClockCmd
    key.o(.text) refers to stm32f4xx_gpio.o(.text) for GPIO_Init
    key.o(.text) refers to delay.o(.text) for delay_ms
    key.o(.text) refers to key.o(.data) for switch_vlaue
    dma.o(.text) refers to stm32f4xx_rcc.o(.text) for RCC_AHB1PeriphClockCmd
    dma.o(.text) refers to stm32f4xx_dma.o(.text) for DMA_DeInit
    dma.o(.text) refers to misc.o(.text) for NVIC_Init
    relay_control.o(.text) refers to stm32f4xx_rcc.o(.text) for RCC_AHB1PeriphClockCmd
    relay_control.o(.text) refers to stm32f4xx_gpio.o(.text) for GPIO_Init
    relay_control.o(.text) refers to delay.o(.text) for delay_ms
    relay_control.o(.text) refers to relay_control.o(.bss) for lock_io_infos
    wifi.o(.text) refers to stm32f4xx_dma.o(.text) for DMA_GetCurrDataCounter
    wifi.o(.text) refers to dma.o(.text) for MYDMA_Config
    wifi.o(.text) refers to stm32f4xx_rcc.o(.text) for RCC_APB1PeriphClockCmd
    wifi.o(.text) refers to stm32f4xx_tim.o(.text) for TIM_TimeBaseInit
    wifi.o(.text) refers to misc.o(.text) for NVIC_Init
    wifi.o(.text) refers to relay_control.o(.text) for chip_74hc573_send_data
    wifi.o(.text) refers to stm32f4xx_gpio.o(.text) for GPIO_Init
    wifi.o(.text) refers to usart.o(.text) for uart6_init
    wifi.o(.text) refers to stm32f4xx_usart.o(.text) for USART_DMACmd
    wifi.o(.text) refers to wifi.o(.data) for frame_s
    wifi.o(.text) refers to key.o(.data) for switch_vlaue
    wifi.o(.text) refers to wifi.o(.bss) for frame_send_char
    wifi.o(.data) refers to wifi.o(.bss) for RecBuff
    74hc4051.o(.text) refers to stm32f4xx_rcc.o(.text) for RCC_AHB1PeriphClockCmd
    74hc4051.o(.text) refers to stm32f4xx_gpio.o(.text) for GPIO_Init
    74hc4051.o(.text) refers to stm32f4xx_adc.o(.text) for ADC_CommonInit
    74hc4051.o(.text) refers to delay.o(.text) for delay_ms
    74hc4051.o(.text) refers to dflt_clz.o(x$fpl$dfltu) for __aeabi_ui2d
    74hc4051.o(.text) refers to ddiv.o(x$fpl$ddiv) for __aeabi_ddiv
    74hc4051.o(.text) refers to dmul.o(x$fpl$dmul) for __aeabi_dmul
    74hc4051.o(.text) refers to dfixu.o(x$fpl$dfixu) for __aeabi_d2uiz
    74hc4051.o(.text) refers to 74hc4051.o(.data) for chanenl
    74hc4051.o(.text) refers to wifi.o(.data) for frame_s
    ads1256.o(.text) refers to _printf_pad.o(.text) for _printf_pre_padding
    ads1256.o(.text) refers to _printf_percent.o(.ARM.Collect$$_printf_percent$$00000000) for _printf_percent
    ads1256.o(.text) refers to _printf_d.o(.ARM.Collect$$_printf_percent$$00000009) for _printf_d
    ads1256.o(.text) refers to _printf_dec.o(.text) for _printf_int_dec
    ads1256.o(.text) refers to stm32f4xx_gpio.o(.text) for GPIO_ReadInputDataBit
    ads1256.o(.text) refers to stm32f4xx_spi.o(.text) for SPI_I2S_GetFlagStatus
    ads1256.o(.text) refers to delay.o(.text) for delay_us
    ads1256.o(.text) refers to stm32f4xx_rcc.o(.text) for RCC_AHB1PeriphClockCmd
    ads1256.o(.text) refers to ads1256.o(.data) for ADS_CS
    ads1256.o(.text) refers to ads1256.o(.bss) for ADS_Value
    ads1256.o(.text) refers to noretval__2printf.o(.text) for __2printf
    pwm_check.o(.text) refers to delay.o(.text) for delay_ms
    pwm_check.o(.text) refers to noretval__2printf.o(.text) for __2printf
    pwm_check.o(.text) refers to stm32f4xx_exti.o(.text) for EXTI_ClearITPendingBit
[...]
    .text                                    0x08001ae8   Section       64  startup_stm32f40_41xxx.o(.text)
    $v0                                      0x08001ae8   Number         0  startup_stm32f40_41xxx.o(.text)
    .text                                    0x08001b28   Section        0  misc.o(.text)
    .text                                    0x08001c08   Section        0  stm32f4xx_dma.o(.text)
    .text                                    0x08001fb0   Section        0  stm32f4xx_gpio.o(.text)
    .text                                    0x08002244   Section        0  stm32f4xx_usart.o(.text)
    .text                                    0x08002698   Section        0  stm32f4xx_rcc.o(.text)
    .text                                    0x08002cf4   Section        0  stm32f4xx_adc.o(.text)
    .text                                    0x08003158   Section        0  stm32f4xx_spi.o(.text)
    .text                                    0x080035d8   Section        0  stm32f4xx_tim.o(.text)
    TI4_Config                               0x08003d77   Thumb Code    80  stm32f4xx_tim.o(.text)
    TI3_Config                               0x08003dd9   Thumb Code    72  stm32f4xx_tim.o(.text)
    TI2_Config                               0x08003e3b   Thumb Code    90  stm32f4xx_tim.o(.text)
    TI1_Config                               0x08003ea7   Thumb Code    58  stm32f4xx_tim.o(.text)
    .text                                    0x0800427c   Section        0  stm32f4xx_exti.o(.text)
    .text                                    0x0800438c   Section        2  use_no_semi_2.o(.text)
    .text                                    0x08004390   Section        0  noretval__2printf.o(.text)
    .text                                    0x080043a8   Section        0  _printf_pad.o(.text)
    .text                                    0x080043f8   Section        0  _printf_dec.o(.text)
    .text                                    0x08004470   Section        0  __printf_wp.o(.text)
    .text                                    0x0800457e   Section        0  heapauxi.o(.text)
    .text                                    0x08004584   Section        2  use_no_semi.o(.text)
    .text                                    0x08004586   Section        0  _printf_intcommon.o(.text)
    .text                                    0x08004638   Section        0  _printf_fp_dec.o(.text)
    _fp_digits                               0x0800463b   Thumb Code   432  _printf_fp_dec.o(.text)
    .text                                    0x08004a58   Section        0  _printf_char_file.o(.text)
    .text                                    0x08004a7c   Section        8  rt_locale_intlibspace.o(.text)
    .text                                    0x08004a84   Section      138  lludiv10.o(.text)
    .text                                    0x08004b10   Section        0  _printf_char_common.o(.text)
    _printf_input_char                       0x08004b11   Thumb Code    10  _printf_char_common.o(.text)
    .text                                    0x08004b40   Section        0  _printf_fp_infnan.o(.text)
    .text                                    0x08004bc0   Section        0  bigflt0.o(.text)
    .text                                    0x08004ca4   Section        0  ferror.o(.text)
    .text                                    0x08004cac   Section        8  libspace.o(.text)
    .text                                    0x08004cb4   Section       74  sys_stackheap_outer.o(.text)
    .text                                    0x08004cfe   Section        0  exit.o(.text)
    .text                                    0x08004d10   Section      128  strcmpv7m.o(.text)
    CL$$btod_d2e                             0x08004d90   Section       62  btod.o(CL$$btod_d2e)
    CL$$btod_d2e_denorm_low                  0x08004dce   Section       70  btod.o(CL$$btod_d2e_denorm_low)
    CL$$btod_d2e_norm_op1                    0x08004e14   Section       96  btod.o(CL$$btod_d2e_norm_op1)
    CL$$btod_div_common                      0x08004e74   Section      824  btod.o(CL$$btod_div_common)
    CL$$btod_e2e                             0x080051ac   Section      220  btod.o(CL$$btod_e2e)
    CL$$btod_ediv                            0x08005288   Section       42  btod.o(CL$$btod_ediv)
    CL$$btod_emul                            0x080052b2   Section       42  btod.o(CL$$btod_emul)
    CL$$btod_mult_common                     0x080052dc   Section      580  btod.o(CL$$btod_mult_common)
    i.__ARM_fpclassify                       0x08005520   Section        0  fpclassify.o(i.__ARM_fpclassify)
    i._is_digit                              0x08005550   Section        0  __printf_wp.o(i._is_digit)
    locale$$code                             0x08005560   Section       44  lc_numeric_c.o(locale$$code)
    x$fpl$ddiv                               0x0800558c   Section      688  ddiv.o(x$fpl$ddiv)
    $v0                                      0x0800558c   Number         0  ddiv.o(x$fpl$ddiv)
    ddiv_entry                               0x08005593   Thumb Code     0  ddiv.o(x$fpl$ddiv)
    x$fpl$dfixu                              0x0800583c   Section       90  dfixu.o(x$fpl$dfixu)
    $v0                                      0x0800583c   Number         0  dfixu.o(x$fpl$dfixu)
    x$fpl$dfltu                              0x08005896   Section       38  dflt_clz.o(x$fpl$dfltu)
    $v0                                      0x08005896   Number         0  dflt_clz.o(x$fpl$dfltu)
    x$fpl$dmul                               0x080058bc   Section      340  dmul.o(x$fpl$dmul)
    $v0                                      0x080058bc   Number         0  dmul.o(x$fpl$dmul)
    x$fpl$dnaninf                            0x08005a10   Section      156  dnaninf.o(x$fpl$dnaninf)
    $v0                                      0x08005a10   Number         0  dnaninf.o(x$fpl$dnaninf)
    x$fpl$dretinf                            0x08005aac   Section       12  dretinf.o(x$fpl$dretinf)
    $v0                                      0x08005aac   Number         0  dretinf.o(x$fpl$dretinf)
    x$fpl$f2d                                0x08005ab8   Section       86  f2d.o(x$fpl$f2d)
    $v0                                      0x08005ab8   Number         0  f2d.o(x$fpl$f2d)
    x$fpl$fnaninf                            0x08005b0e   Section      140  fnaninf.o(x$fpl$fnaninf)
    $v0                                      0x08005b0e   Number         0  fnaninf.o(x$fpl$fnaninf)
    x$fpl$fpinit                             0x08005b9a   Section       10  fpinit.o(x$fpl$fpinit)
    $v0                                      0x08005b9a   Number         0  fpinit.o(x$fpl$fpinit)
    x$fpl$printf1                            0x08005ba4   Section        4  printf1.o(x$fpl$printf1)
    $v0                                      0x08005ba4   Number         0  printf1.o(x$fpl$printf1)
    .constdata                               0x08005ba8   Section      148  bigflt0.o(.constdata)
    x$fpl$usenofp                            0x08005ba8   Section        0  usenofp.o(x$fpl$usenofp)
    tenpwrs_x                                0x08005ba8   Data          60  bigflt0.o(.constdata)
    tenpwrs_i                                0x08005be4   Data          64  bigflt0.o(.constdata)
    locale$$data                             0x08005c5c   Section       28  lc_numeric_c.o(locale$$data)
    __lcnum_c_name                           0x08005c60   Data           2  lc_numeric_c.o(locale$$data)
    __lcnum_c_start                          0x08005c68   Data           0  lc_numeric_c.o(locale$$data)
    __lcnum_c_point                          0x08005c74   Data           0  lc_numeric_c.o(locale$$data)
    __lcnum_c_thousands                      0x08005c76   Data           0  lc_numeric_c.o(locale$$data)
    __lcnum_c_grouping                       0x08005c77   Data           0  lc_numeric_c.o(locale$$data)
    __lcnum_c_end                            0x08005c78   Data           0  lc_numeric_c.o(locale$$data)
    .data                                    0x20000000   Section       20  system_stm32f4xx.o(.data)
    .data                                    0x20000014   Section        4  key.o(.data)
    .data                                    0x20000018   Section       16  wifi.o(.data)
    .data                                    0x20000028   Section       12  74hc4051.o(.data)
    .data                                    0x20000034   Section        9  ads1256.o(.data)
    j                                        0x2000003c   Data           1  ads1256.o(.data)
    .data                                    0x20000040   Section        8  pwm_check.o(.data)
    .data                                    0x20000048   Section        4  delay.o(.data)
    fac_us                                   0x20000048   Data           1  delay.o(.data)
    fac_ms                                   0x2000004a   Data           2  delay.o(.data)
    .data                                    0x2000004c   Section        4  usart.o(.data)
    .data                                    0x20000050   Section       16  stm32f4xx_rcc.o(.data)
    APBAHBPrescTable                         0x20000050   Data          16  stm32f4xx_rcc.o(.data)
    .bss                                     0x20000060   Section      472  relay_control.o(.bss)
    .bss                                     0x20000238   Section      104  wifi.o(.bss)
    .bss                                     0x200002a0   Section       32  ads1256.o(.bss)
    .bss                                     0x200002c0   Section       96  libspace.o(.bss)
    HEAP                                     0x20000320   Section      512  startup_stm32f40_41xxx.o(HEAP)
    Heap_Mem                                 0x20000320   Data         512  startup_stm32f40_41xxx.o(HEAP)
    STACK                                    0x20000520   Section     1024  startup_stm32f40_41xxx.o(STACK)
    Stack_Mem                                0x20000520   Data        1024  startup_stm32f40_41xxx.o(STACK)
    __initial_sp                             0x20000920   Data           0  startup_stm32f40_41xxx.o(STACK)

    Global Symbols

    Symbol Name                              Value     Ov Type        Size  Object(Section)

    BuildAttributes$$THM_ISAv4$E$P$D$K$B$S$7EM$VFPi3$EXTD16$VFPS$VFMA$PE$A:L22UL41UL21$X:L11$S22US41US21$IEEE1$IW$USESV6$~STKCKD$USESV7$~SHL$OTIME$ROPI$IEEEJ$EBA8$UX$STANDARDLIB$REQ8$PRES8$EABIv2 0x00000000   Number         0  anon$$obj.o ABSOLUTE
    __ARM_use_no_argv                        0x00000000   Number         0  main.o ABSOLUTE
    _printf_flags                            0x00000000   Number         0  printf_stubs.o ABSOLUTE
    _printf_return_value                     0x00000000   Number         0  printf_stubs.o ABSOLUTE
    _printf_sizespec                         0x00000000   Number         0  printf_stubs.o ABSOLUTE
    _printf_widthprec                        0x00000000   Number         0  printf_stubs.o ABSOLUTE
    __ARM_exceptions_init                     - Undefined Weak Reference
    __alloca_initialize                       - Undefined Weak Reference
    __arm_preinit_                            - Undefined Weak Reference
    __cpp_initialize__aeabi_                  - Undefined Weak Reference
    __cxa_finalize                            - Undefined Weak Reference
    __sigvec_lookup                           - Undefined Weak Reference
    _atexit_init                              - Undefined Weak Reference
    _call_atexit_fns                          - Undefined Weak Reference
    _clock_init                               - Undefined Weak Reference
    _fp_trap_init                             - Undefined Weak Reference
    _fp_trap_shutdown                         - Undefined Weak Reference
    _get_lc_collate                           - Undefined Weak Reference
    _get_lc_ctype                             - Undefined Weak Reference
    _get_lc_monetary                          - Undefined Weak Reference
    _get_lc_time                              - Undefined Weak Reference
    _getenv_init                              - Undefined Weak Reference
    _handle_redirection                       - Undefined Weak Reference
    _init_alloc                               - Undefined Weak Reference
    _init_user_alloc                          - Undefined Weak Reference
    _initio                                   - Undefined Weak Reference
    _mutex_acquire                            - Undefined Weak Reference
    _mutex_release                            - Undefined Weak Reference
    _printf_truncate_signed                   - Undefined Weak Reference
    _printf_truncate_unsigned                 - Undefined Weak Reference
    _rand_init                                - Undefined Weak Reference
    _signal_finish                            - Undefined Weak Reference
    _signal_init                              - Undefined Weak Reference
    _terminate_alloc                          - Undefined Weak Reference
    _terminate_user_alloc                     - Undefined Weak Reference
    _terminateio                              - Undefined Weak Reference
    __Vectors_Size                           0x00000188   Number         0  startup_stm32f40_41xxx.o ABSOLUTE
    __Vectors                                0x08000000   Data           4  startup_stm32f40_41xxx.o(RESET)
    __Vectors_End                            0x08000188   Data           0  startup_stm32f40_41xxx.o(RESET)
    __main                                   0x08000189   Thumb Code     8  __main.o(!!!main)
    __scatterload                            0x08000191   Thumb Code     0  __scatter.o(!!!scatter)
    __scatterload_rt2                        0x08000191   Thumb Code    44  __scatter.o(!!!scatter)
    __scatterload_rt2_thumb_only             0x08000191   Thumb Code     0  __scatter.o(!!!scatter)
    __scatterload_null                       0x0800019f   Thumb Code     0  __scatter.o(!!!scatter)
    __scatterload_copy                       0x080001c5   Thumb Code    26  __scatter_copy.o(!!handler_copy)
    __scatterload_zeroinit                   0x080001e1   Thumb Code    28  __scatter_zi.o(!!handler_zi)
    _printf_f                                0x080001fd   Thumb Code     0  _printf_f.o(.ARM.Collect$$_printf_percent$$00000003)
    _printf_percent                          0x080001fd   Thumb Code     0  _printf_percent.o(.ARM.Collect$$_printf_percent$$00000000)
    _printf_d                                0x08000203   Thumb Code     0  _printf_d.o(.ARM.Collect$$_printf_percent$$00000009)
    _printf_percent_end                      0x08000209   Thumb Code     0  _printf_percent_end.o(.ARM.Collect$$_printf_percent$$00000017)
    __rt_lib_init                            0x0800020d   Thumb Code     0  libinit.o(.ARM.Collect$$libinit$$00000000)
    __rt_lib_init_fp_1                       0x0800020f   Thumb Code     0  libinit2.o(.ARM.Collect$$libinit$$00000001)
    __rt_lib_init_heap_1                     0x08000213   Thumb Code     0  libinit2.o(.ARM.Collect$$libinit$$0000000A)
    __rt_lib_init_lc_common                  0x08000213   Thumb Code     0  libinit2.o(.ARM.Collect$$libinit$$0000000F)
    __rt_lib_init_preinit_1                  0x08000213   Thumb Code     0  libinit2.o(.ARM.Collect$$libinit$$00000004)
    __rt_lib_init_rand_1                     0x08000213   Thumb Code     0  libinit2.o(.ARM.Collect$$libinit$$0000000E)
    __rt_lib_init_user_alloc_1               0x08000213   Thumb Code     0  libinit2.o(.ARM.Collect$$libinit$$0000000C)
    __rt_lib_init_lc_collate_1               0x08000219   Thumb Code     0  libinit2.o(.ARM.Collect$$libinit$$00000011)
    __rt_lib_init_lc_ctype_1                 0x08000219   Thumb Code     0  libinit2.o(.ARM.Collect$$libinit$$00000013)
    __rt_lib_init_lc_monetary_1              0x08000219   Thumb Code     0  libinit2.o(.ARM.Collect$$libinit$$00000015)
    __rt_lib_init_lc_numeric_2               0x08000219   Thumb Code     0  libinit2.o(.ARM.Collect$$libinit$$00000016)
    __rt_lib_init_alloca_1                   0x08000223   Thumb Code     0  libinit2.o(.ARM.Collect$$libinit$$0000002E)
    __rt_lib_init_argv_1                     0x08000223   Thumb Code     0  libinit2.o(.ARM.Collect$$libinit$$0000002C)
    __rt_lib_init_atexit_1                   0x08000223   Thumb Code     0  libinit2.o(.ARM.Collect$$libinit$$0000001B)
    __rt_lib_init_clock_1                    0x08000223   Thumb Code     0  libinit2.o(.ARM.Collect$$libinit$$00000021)
    __rt_lib_init_cpp_1                      0x08000223   Thumb Code     0  libinit2.o(.ARM.Collect$$libinit$$00000032)
    __rt_lib_init_exceptions_1               0x08000223   Thumb Code     0  libinit2.o(.ARM.Collect$$libinit$$00000030)
    __rt_lib_init_fp_trap_1                  0x08000223   Thumb Code     0  libinit2.o(.ARM.Collect$$libinit$$0000001F)
    __rt_lib_init_getenv_1                   0x08000223   Thumb Code     0  libinit2.o(.ARM.Collect$$libinit$$00000023)
    __rt_lib_init_lc_numeric_1               0x08000223   Thumb Code     0  libinit2.o(.ARM.Collect$$libinit$$00000017)
    __rt_lib_init_lc_time_1                  0x08000223   Thumb Code     0  libinit2.o(.ARM.Collect$$libinit$$00000019)
    __rt_lib_init_return                     0x08000223   Thumb Code     0  libinit2.o(.ARM.Collect$$libinit$$00000033)
    __rt_lib_init_signal_1                   0x08000223   Thumb Code     0  libinit2.o(.ARM.Collect$$libinit$$0000001D)
    __rt_lib_init_stdio_1                    0x08000223   Thumb Code     0  libinit2.o(.ARM.Collect$$libinit$$00000025)
    __rt_lib_shutdown                        0x08000225   Thumb Code     0  libshutdown.o(.ARM.Collect$$libshutdown$$00000000)
    __rt_lib_shutdown_cpp_1                  0x08000227   Thumb Code     0  libshutdown2.o(.ARM.Collect$$libshutdown$$00000002)
    __rt_lib_shutdown_fp_trap_1              0x08000227   Thumb Code     0  libshutdown2.o(.ARM.Collect$$libshutdown$$00000007)
    __rt_lib_shutdown_heap_1                 0x08000227   Thumb Code     0  libshutdown2.o(.ARM.Collect$$libshutdown$$0000000F)
    __rt_lib_shutdown_return                 0x08000227   Thumb Code     0  libshutdown2.o(.ARM.Collect$$libshutdown$$00000010)
    __rt_lib_shutdown_signal_1               0x08000227   Thumb Code     0  libshutdown2.o(.ARM.Collect$$libshutdown$$0000000A)
    __rt_lib_shutdown_stdio_1                0x08000227   Thumb Code     0  libshutdown2.o(.ARM.Collect$$libshutdown$$00000004)
    __rt_lib_shutdown_user_alloc_1           0x08000227   Thumb Code     0  libshutdown2.o(.ARM.Collect$$libshutdown$$0000000C)
    __rt_entry                               0x08000229   Thumb Code     0  __rtentry.o(.ARM.Collect$$rtentry$$00000000)
    __rt_entry_presh_1                       0x08000229   Thumb Code     0  __rtentry2.o(.ARM.Collect$$rtentry$$00000002)
    __rt_entry_sh                            0x08000229   Thumb Code     0  __rtentry4.o(.ARM.Collect$$rtentry$$00000004)
    __rt_entry_li                            0x0800022f   Thumb Code     0  __rtentry2.o(.ARM.Collect$$rtentry$$0000000A)
    __rt_entry_postsh_1                      0x0800022f   Thumb Code     0  __rtentry2.o(.ARM.Collect$$rtentry$$00000009)
    __rt_entry_main                          0x08000233   Thumb Code     0  __rtentry2.o(.ARM.Collect$$rtentry$$0000000D)
    __rt_entry_postli_1                      0x08000233   Thumb Code     0  __rtentry2.o(.ARM.Collect$$rtentry$$0000000C)
    __rt_exit                                0x0800023b   Thumb Code     0  rtexit.o(.ARM.Collect$$rtexit$$00000000)
    __rt_exit_ls                             0x0800023d   Thumb Code     0  rtexit2.o(.ARM.Collect$$rtexit$$00000003)
    __rt_exit_prels_1                        0x0800023d   Thumb Code     0  rtexit2.o(.ARM.Collect$$rtexit$$00000002)
    __rt_exit_exit                           0x08000241   Thumb Code     0  rtexit2.o(.ARM.Collect$$rtexit$$00000004)
    main                                     0x08000249   Thumb Code   142  main.o(.text)
    NMI_Handler                              0x080002f1   Thumb Code     2  stm32f4xx_it.o(.text)
    HardFault_Handler                        0x080002f3   Thumb Code     4  stm32f4xx_it.o(.text)
    MemManage_Handler                        0x080002f7   Thumb Code     4  stm32f4xx_it.o(.text)
    BusFault_Handler                         0x080002fb   Thumb Code     4  stm32f4xx_it.o(.text)
    UsageFault_Handler                       0x080002ff   Thumb Code     4  stm32f4xx_it.o(.text)
    SVC_Handler                              0x08000303   Thumb Code     2  stm32f4xx_it.o(.text)
    DebugMon_Handler                         0x08000305   Thumb Code     2  stm32f4xx_it.o(.text)
    PendSV_Handler                           0x08000307   Thumb Code     2  stm32f4xx_it.o(.text)
    SysTick_Handler                          0x08000309   Thumb Code     2  stm32f4xx_it.o(.text)
    SystemInit                               0x080003e9   Thumb Code    88  system_stm32f4xx.o(.text)
    SystemCoreClockUpdate                    0x08000441   Thumb Code   174  system_stm32f4xx.o(.text)
    LED_Init                                 0x0800051d   Thumb Code    56  led.o(.text)
    switch_Init                              0x08000559   Thumb Code   156  key.o(.text)
    MYDMA_Config                             0x080005fd   Thumb Code   138  dma.o(.text)
    MYDMA_Enable                             0x08000687   Thumb Code    44  dma.o(.text)
    NVIC_DMA                                 0x080006b3   Thumb Code    80  dma.o(.text)
    chip_74hc573_init                        0x08000835   Thumb Code   158  relay_control.o(.text)
    chip_74hc573_send_data                   0x080008f9   Thumb Code   102  relay_control.o(.text)
    send_fram_init                           0x0800097d   Thumb Code    64  wifi.o(.text)
    uart_send_message                        0x080009bd   Thumb Code    50  wifi.o(.text)
    uart_send_adc_message                    0x080009ef   Thumb Code    12  wifi.o(.text)
    TIM3_Int_Init                            0x080009fb   Thumb Code    86  wifi.o(.text)
    TIM3_IRQHandler                          0x08000a51   Thumb Code   148  wifi.o(.text)
    wifi_gpio_init                           0x08000ae5   Thumb Code   104  wifi.o(.text)
    wifi_init                                0x08000b4d   Thumb Code   124  wifi.o(.text)
    DMA2_Stream6_IRQHandler                  0x08000bc9   Thumb Code    22  wifi.o(.text)
    DMA2_Stream2_IRQHandler                  0x08000bdf   Thumb Code    66  wifi.o(.text)
    Adc_Init                                 0x08000c59   Thumb Code   124  74hc4051.o(.text)
    Get_Adc                                  0x08000cd5   Thumb Code    64  74hc4051.o(.text)
    chip_74hc4051_adc_init                   0x08000d15   Thumb Code    54  74hc4051.o(.text)
    change_channel                           0x08000d4b   Thumb Code    54  74hc4051.o(.text)
    voltage_get                              0x08000d81   Thumb Code   700  74hc4051.o(.text)
    ADS_WAIT_DRDY1                           0x08001061   Thumb Code    18  ads1256.o(.text)
    ADS_WAIT_DRDY2                           0x08001073   Thumb Code    18  ads1256.o(.text)
    ADS_CS1                                  0x08001085   Thumb Code    18  ads1256.o(.text)
    ADS_CS2                                  0x08001097   Thumb Code    20  ads1256.o(.text)
    change_cs_and_ready_chip                 0x080010ab   Thumb Code    54  ads1256.o(.text)
    SPI_SendByte                             0x080010e1   Thumb Code    50  ads1256.o(.text)
    ADS1256WREG                              0x08001113   Thumb Code    60  ads1256.o(.text)
    ADS1256_Init                             0x0800114f   Thumb Code   118  ads1256.o(.text)
    ADS1256_GPIO_init                        0x080011c5   Thumb Code   114  ads1256.o(.text)
    SPI_ADS1256_Init                         0x08001237   Thumb Code   200  ads1256.o(.text)
    SPI2_SetSpeed                            0x080012ff   Thumb Code    36  ads1256.o(.text)
    ADS1256RREG                              0x08001323   Thumb Code    64  ads1256.o(.text)
    ADS1256ReadData                          0x08001363   Thumb Code    88  ads1256.o(.text)
    ADS_Read                                 0x080013bb   Thumb Code   894  ads1256.o(.text)
    EXTI0_IRQHandler                         0x0800174d   Thumb Code    22  pwm_check.o(.text)
    EXTI1_IRQHandler                         0x08001763   Thumb Code    22  pwm_check.o(.text)
    TIM2_Init                                0x08001779   Thumb Code    60  pwm_check.o(.text)
    PWM_Gpio_Init                            0x080017b5   Thumb Code    54  pwm_check.o(.text)
    READ_Pwm_chanel                          0x080017eb   Thumb Code   140  pwm_check.o(.text)
    delay_init                               0x080018a9   Thumb Code    52  delay.o(.text)
    delay_us                                 0x080018dd   Thumb Code    72  delay.o(.text)
    delay_xms                                0x08001925   Thumb Code    72  delay.o(.text)
    delay_ms                                 0x0800196d   Thumb Code    56  delay.o(.text)
    _sys_exit                                0x080019ad   Thumb Code     4  usart.o(.text)
    fputc                                    0x080019b1   Thumb Code    22  usart.o(.text)
    uart_init                                0x080019c7   Thumb Code   124  usart.o(.text)
    USART1_IRQHandler                        0x08001a43   Thumb Code    26  usart.o(.text)
    uart6_init                               0x08001a5d   Thumb Code   122  usart.o(.text)
    Reset_Handler                            0x08001ae9   Thumb Code     8  startup_stm32f40_41xxx.o(.text)
    ADC_IRQHandler                           0x08001b03   Thumb Code     0  startup_stm32f40_41xxx.o(.text)
    CAN1_RX0_IRQHandler                      0x08001b03   Thumb Code     0  startup_stm32f40_41xxx.o(.text)
    CAN1_RX1_IRQHandler                      0x08001b03   Thumb Code     0  startup_stm32f40_41xxx.o(.text)
    CAN1_SCE_IRQHandler                      0x08001b03   Thumb Code     0  startup_stm32f40_41xxx.o(.text)
    CAN1_TX_IRQHandler                       0x08001b03   Thumb Code     0  startup_stm32f40_41xxx.o(.text)
    CAN2_RX0_IRQHandler                      0x08001b03   Thumb Code     0  startup_stm32f40_41xxx.o(.text)
    CAN2_RX1_IRQHandler                      0x08001b03   Thumb Code     0  startup_stm32f40_41xxx.o(.text)
    CAN2_SCE_IRQHandler                      0x08001b03   Thumb Code     0  startup_stm32f40_41xxx.o(.text)
    CAN2_TX_IRQHandler                       0x08001b03   Thumb Code     0  startup_stm32f40_41xxx.o(.text)
    CRYP_IRQHandler                          0x08001b03   Thumb Code     0  startup_stm32f40_41xxx.o(.text)
    DCMI_IRQHandler                          0x08001b03   Thumb Code     0  startup_stm32f40_41xxx.o(.text)
    DMA1_Stream0_IRQHandler                  0x08001b03   Thumb Code     0  startup_stm32f40_41xxx.o(.text)
    DMA1_Stream1_IRQHandler                  0x08001b03   Thumb Code     0  startup_stm32f40_41xxx.o(.text)
    DMA1_Stream2_IRQHandler                  0x08001b03   Thumb Code     0  startup_stm32f40_41xxx.o(.text)
    DMA1_Stream3_IRQHandler                  0x08001b03   Thumb Code     0  startup_stm32f40_41xxx.o(.text)
    DMA1_Stream4_IRQHandler                  0x08001b03   Thumb Code     0  startup_stm32f40_41xxx.o(.text)
    DMA1_Stream5_IRQHandler                  0x08001b03   Thumb Code     0  startup_stm32f40_41xxx.o(.text)
    DMA1_Stream6_IRQHandler                  0x08001b03   Thumb Code     0  startup_stm32f40_41xxx.o(.text)
    DMA1_Stream7_IRQHandler                  0x08001b03   Thumb Code     0  startup_stm32f40_41xxx.o(.text)
    DMA2_Stream0_IRQHandler                  0x08001b03   Thumb Code     0  startup_stm32f40_41xxx.o(.text)
    DMA2_Stream1_IRQHandler                  0x08001b03   Thumb Code     0  startup_stm32f40_41xxx.o(.text)
    DMA2_Stream3_IRQHandler                  0x08001b03   Thumb Code     0  startup_stm32f40_41xxx.o(.text)
    DMA2_Stream4_IRQHandler                  0x08001b03   Thumb Code     0  startup_stm32f40_41xxx.o(.text)
    DMA2_Stream5_IRQHandler                  0x08001b03   Thumb Code     0  startup_stm32f40_41xxx.o(.text)
    DMA2_Stream7_IRQHandler                  0x08001b03   Thumb Code     0  startup_stm32f40_41xxx.o(.text)
    ETH_IRQHandler                           0x08001b03   Thumb Code     0  startup_stm32f40_41xxx.o(.text)
    ETH_WKUP_IRQHandler                      0x08001b03   Thumb Code     0  startup_stm32f40_41xxx.o(.text)
    EXTI15_10_IRQHandler                     0x08001b03   Thumb Code     0  startup_stm32f40_41xxx.o(.text)
    EXTI2_IRQHandler                         0x08001b03   Thumb Code     0  startup_stm32f40_41xxx.o(.text)
    EXTI3_IRQHandler                         0x08001b03   Thumb Code     0  startup_stm32f40_41xxx.o(.text)
    EXTI4_IRQHandler                         0x08001b03   Thumb Code     0  startup_stm32f40_41xxx.o(.text)
    EXTI9_5_IRQHandler                       0x08001b03   Thumb Code     0  startup_stm32f40_41xxx.o(.text)
    FLASH_IRQHandler                         0x08001b03   Thumb Code     0  startup_stm32f40_41xxx.o(.text)
    FPU_IRQHandler                           0x08001b03   Thumb Code     0  startup_stm32f40_41xxx.o(.text)
    FSMC_IRQHandler                          0x08001b03   Thumb Code     0  startup_stm32f40_41xxx.o(.text)
    HASH_RNG_IRQHandler                      0x08001b03   Thumb Code     0  startup_stm32f40_41xxx.o(.text)
    I2C1_ER_IRQHandler                       0x08001b03   Thumb Code     0  startup_stm32f40_41xxx.o(.text)
    I2C1_EV_IRQHandler                       0x08001b03   Thumb Code     0  startup_stm32f40_41xxx.o(.text)
    I2C2_ER_IRQHandler                       0x08001b03   Thumb Code     0  startup_stm32f40_41xxx.o(.text)
    I2C2_EV_IRQHandler                       0x08001b03   Thumb Code     0  startup_stm32f40_41xxx.o(.text)
    I2C3_ER_IRQHandler                       0x08001b03   Thumb Code     0  startup_stm32f40_41xxx.o(.text)
    I2C3_EV_IRQHandler                       0x08001b03   Thumb Code     0  startup_stm32f40_41xxx.o(.text)
    OTG_FS_IRQHandler                        0x08001b03   Thumb Code     0  startup_stm32f40_41xxx.o(.text)
    OTG_FS_WKUP_IRQHandler                   0x08001b03   Thumb Code     0  startup_stm32f40_41xxx.o(.text)
    OTG_HS_EP1_IN_IRQHandler                 0x08001b03   Thumb Code     0  startup_stm32f40_41xxx.o(.text)
    OTG_HS_EP1_OUT_IRQHandler                0x08001b03   Thumb Code     0  startup_stm32f40_41xxx.o(.text)
    OTG_HS_IRQHandler                        0x08001b03   Thumb Code     0  startup_stm32f40_41xxx.o(.text)
    OTG_HS_WKUP_IRQHandler                   0x08001b03   Thumb Code     0  startup_stm32f40_41xxx.o(.text)
    PVD_IRQHandler                           0x08001b03   Thumb Code     0  startup_stm32f40_41xxx.o(.text)
    RCC_IRQHandler                           0x08001b03   Thumb Code     0  startup_stm32f40_41xxx.o(.text)
    RTC_Alarm_IRQHandler                     0x08001b03   Thumb Code     0  startup_stm32f40_41xxx.o(.text)
    RTC_WKUP_IRQHandler                      0x08001b03   Thumb Code     0  startup_stm32f40_41xxx.o(.text)
    SDIO_IRQHandler                          0x08001b03   Thumb Code     0  startup_stm32f40_41xxx.o(.text)
    SPI1_IRQHandler                          0x08001b03   Thumb Code     0  startup_stm32f40_41xxx.o(.text)
    SPI2_IRQHandler                          0x08001b03   Thumb Code     0  startup_stm32f40_41xxx.o(.text)
    SPI3_IRQHandler                          0x08001b03   Thumb Code     0  startup_stm32f40_41xxx.o(.text)
    TAMP_STAMP_IRQHandler                    0x08001b03   Thumb Code     0  startup_stm32f40_41xxx.o(.text)
    TIM1_BRK_TIM9_IRQHandler                 0x08001b03   Thumb Code     0  startup_stm32f40_41xxx.o(.text)
    TIM1_CC_IRQHandler                       0x08001b03   Thumb Code     0  startup_stm32f40_41xxx.o(.text)
    TIM1_TRG_COM_TIM11_IRQHandler            0x08001b03   Thumb Code     0  startup_stm32f40_41xxx.o(.text)
    TIM1_UP_TIM10_IRQHandler                 0x08001b03   Thumb Code     0  startup_stm32f40_41xxx.o(.text)
    TIM2_IRQHandler                          0x08001b03   Thumb Code     0  startup_stm32f40_41xxx.o(.text)
    TIM4_IRQHandler                          0x08001b03   Thumb Code     0  startup_stm32f40_41xxx.o(.text)
    TIM5_IRQHandler                          0x08001b03   Thumb Code     0  startup_stm32f40_41xxx.o(.text)
    TIM6_DAC_IRQHandler                      0x08001b03   Thumb Code     0  startup_stm32f40_41xxx.o(.text)
    TIM7_IRQHandler                          0x08001b03   Thumb Code     0  startup_stm32f40_41xxx.o(.text)
    TIM8_BRK_TIM12_IRQHandler                0x08001b03   Thumb Code     0  startup_stm32f40_41xxx.o(.text)
    TIM8_CC_IRQHandler                       0x08001b03   Thumb Code     0  startup_stm32f40_41xxx.o(.text)
    TIM8_TRG_COM_TIM14_IRQHandler            0x08001b03   Thumb Code     0  startup_stm32f40_41xxx.o(.text)
    TIM8_UP_TIM13_IRQHandler                 0x08001b03   Thumb Code     0  startup_stm32f40_41xxx.o(.text)
    UART4_IRQHandler                         0x08001b03   Thumb Code     0  startup_stm32f40_41xxx.o(.text)
    UART5_IRQHandler                         0x08001b03   Thumb Code     0  startup_stm32f40_41xxx.o(.text)
    USART2_IRQHandler                        0x08001b03   Thumb Code     0  startup_stm32f40_41xxx.o(.text)
    USART3_IRQHandler                        0x08001b03   Thumb Code     0  startup_stm32f40_41xxx.o(.text)
    USART6_IRQHandler                        0x08001b03   Thumb Code     0  startup_stm32f40_41xxx.o(.text)
    WWDG_IRQHandler                          0x08001b03   Thumb Code     0  startup_stm32f40_41xxx.o(.text)
    __user_initial_stackheap                 0x08001b05   Thumb Code     0  startup_stm32f40_41xxx.o(.text)
    NVIC_PriorityGroupConfig                 0x08001b29   Thumb Code    10  misc.o(.text)
    NVIC_Init                                0x08001b33   Thumb Code   106  misc.o(.text)
    NVIC_SetVectorTable                      0x08001b9d   Thumb Code    14  misc.o(.text)
    NVIC_SystemLPConfig                      0x08001bab   Thumb Code    34  misc.o(.text)
    SysTick_CLKSourceConfig                  0x08001bcd   Thumb Code    40  misc.o(.text)
    DMA_DeInit                               0x08001c09   Thumb Code   324  stm32f4xx_dma.o(.text)
    DMA_Init                                 0x08001d4d   Thumb Code    82  stm32f4xx_dma.o(.text)
    DMA_StructInit                           0x08001d9f   Thumb Code    34  stm32f4xx_dma.o(.text)
    DMA_Cmd                                  0x08001dc1   Thumb Code    22  stm32f4xx_dma.o(.text)
    DMA_PeriphIncOffsetSizeConfig            0x08001dd7   Thumb Code    22  stm32f4xx_dma.o(.text)
    DMA_FlowControllerConfig                 0x08001ded   Thumb Code    22  stm32f4xx_dma.o(.text)
    DMA_SetCurrDataCounter                   0x08001e03   Thumb Code     4  stm32f4xx_dma.o(.text)
    DMA_GetCurrDataCounter                   0x08001e07   Thumb Code     8  stm32f4xx_dma.o(.text)
    DMA_DoubleBufferModeConfig               0x08001e0f   Thumb Code    24  stm32f4xx_dma.o(.text)
    DMA_DoubleBufferModeCmd                  0x08001e27   Thumb Code    22  stm32f4xx_dma.o(.text)
    DMA_MemoryTargetConfig                   0x08001e3d   Thumb Code    10  stm32f4xx_dma.o(.text)
    DMA_GetCurrentMemoryTarget               0x08001e47   Thumb Code    20  stm32f4xx_dma.o(.text)
    DMA_GetCmdStatus                         0x08001e5b   Thumb Code    20  stm32f4xx_dma.o(.text)
    DMA_GetFIFOStatus                        0x08001e6f   Thumb Code    12  stm32f4xx_dma.o(.text)
    DMA_GetFlagStatus                        0x08001e7b   Thumb Code    56  stm32f4xx_dma.o(.text)
    DMA_ClearFlag                            0x08001eb3   Thumb Code    40  stm32f4xx_dma.o(.text)
    DMA_ITConfig                             0x08001edb   Thumb Code    58  stm32f4xx_dma.o(.text)
    DMA_GetITStatus                          0x08001f15   Thumb Code    84  stm32f4xx_dma.o(.text)
    DMA_ClearITPendingBit                    0x08001f69   Thumb Code    40  stm32f4xx_dma.o(.text)
    GPIO_DeInit                              0x08001fb1   Thumb Code   268  stm32f4xx_gpio.o(.text)
    GPIO_Init                                0x080020bd   Thumb Code   144  stm32f4xx_gpio.o(.text)
    GPIO_StructInit                          0x0800214d   Thumb Code    18  stm32f4xx_gpio.o(.text)
    GPIO_PinLockConfig                       0x0800215f   Thumb Code    34  stm32f4xx_gpio.o(.text)
    GPIO_ReadInputDataBit                    0x08002181   Thumb Code    18  stm32f4xx_gpio.o(.text)
    GPIO_ReadInputData                       0x08002193   Thumb Code     8  stm32f4xx_gpio.o(.text)
    GPIO_ReadOutputDataBit                   0x0800219b   Thumb Code    18  stm32f4xx_gpio.o(.text)
    GPIO_ReadOutputData                      0x080021ad   Thumb Code     8  stm32f4xx_gpio.o(.text)
    GPIO_SetBits                             0x080021b5   Thumb Code     4  stm32f4xx_gpio.o(.text)
    GPIO_ResetBits                           0x080021b9   Thumb Code     4  stm32f4xx_gpio.o(.text)
    GPIO_WriteBit                            0x080021bd   Thumb Code    10  stm32f4xx_gpio.o(.text)
    GPIO_Write                               0x080021c7   Thumb Code     4  stm32f4xx_gpio.o(.text)
    GPIO_ToggleBits                          0x080021cb   Thumb Code     8  stm32f4xx_gpio.o(.text)
    GPIO_PinAFConfig                         0x080021d3   Thumb Code    70  stm32f4xx_gpio.o(.text)
    USART_DeInit                             0x08002245   Thumb Code   206  stm32f4xx_usart.o(.text)
    USART_Init                               0x08002313   Thumb Code   204  stm32f4xx_usart.o(.text)
    USART_StructInit                         0x080023df   Thumb Code    24  stm32f4xx_usart.o(.text)
    USART_ClockInit                          0x080023f7   Thumb Code    32  stm32f4xx_usart.o(.text)
    USART_ClockStructInit                    0x08002417   Thumb Code    12  stm32f4xx_usart.o(.text)
    USART_Cmd                                0x08002423   Thumb Code    24  stm32f4xx_usart.o(.text)
    USART_SetPrescaler                       0x0800243b   Thumb Code    16  stm32f4xx_usart.o(.text)
    USART_OverSampling8Cmd                   0x0800244b   Thumb Code    22  stm32f4xx_usart.o(.text)
    USART_OneBitMethodCmd                    0x08002461   Thumb Code    24  stm32f4xx_usart.o(.text)
    USART_SendData                           0x08002479   Thumb Code     8  stm32f4xx_usart.o(.text)
    USART_ReceiveData                        0x08002481   Thumb Code    10  stm32f4xx_usart.o(.text)
    USART_SetAddress                         0x0800248b   Thumb Code    18  stm32f4xx_usart.o(.text)
    USART_ReceiverWakeUpCmd                  0x0800249d   Thumb Code    24  stm32f4xx_usart.o(.text)
    USART_WakeUpConfig                       0x080024b5   Thumb Code    18  stm32f4xx_usart.o(.text)
    USART_LINBreakDetectLengthConfig         0x080024c7   Thumb Code    18  stm32f4xx_usart.o(.text)
    USART_LINCmd                             0x080024d9   Thumb Code    24  stm32f4xx_usart.o(.text)
    USART_SendBreak                          0x080024f1   Thumb Code    10  stm32f4xx_usart.o(.text)
    USART_HalfDuplexCmd                      0x080024fb   Thumb Code    24  stm32f4xx_usart.o(.text)
    USART_SetGuardTime                       0x08002513   Thumb Code    16  stm32f4xx_usart.o(.text)
    USART_SmartCardCmd                       0x08002523   Thumb Code    24  stm32f4xx_usart.o(.text)
    USART_SmartCardNACKCmd                   0x0800253b   Thumb Code    24  stm32f4xx_usart.o(.text)
    USART_IrDAConfig                         0x08002553   Thumb Code    18  stm32f4xx_usart.o(.text)
    USART_IrDACmd                            0x08002565   Thumb Code    24  stm32f4xx_usart.o(.text)
    USART_DMACmd                             0x0800257d   Thumb Code    18  stm32f4xx_usart.o(.text)
    USART_ITConfig                           0x0800258f   Thumb Code    74  stm32f4xx_usart.o(.text)
    USART_GetFlagStatus                      0x080025d9   Thumb Code    26  stm32f4xx_usart.o(.text)
    USART_ClearFlag                          0x080025f3   Thumb Code    18  stm32f4xx_usart.o(.text)
    USART_GetITStatus                        0x08002605   Thumb Code   118  stm32f4xx_usart.o(.text)
    USART_ClearITPendingBit                  0x0800267b   Thumb Code    30  stm32f4xx_usart.o(.text)
    RCC_DeInit                               0x08002699   Thumb Code    82  stm32f4xx_rcc.o(.text)
    RCC_HSEConfig                            0x080026eb   Thumb Code    14  stm32f4xx_rcc.o(.text)
    RCC_GetFlagStatus                        0x080026f9   Thumb Code    60  stm32f4xx_rcc.o(.text)
    RCC_WaitForHSEStartUp                    0x08002735   Thumb Code    56  stm32f4xx_rcc.o(.text)
    RCC_AdjustHSICalibrationValue            0x0800276d   Thumb Code    20  stm32f4xx_rcc.o(.text)
    RCC_HSICmd                               0x08002781   Thumb Code     6  stm32f4xx_rcc.o(.text)
    RCC_LSEConfig                            0x08002787   Thumb Code    46  stm32f4xx_rcc.o(.text)
    RCC_LSICmd                               0x080027b5   Thumb Code     6  stm32f4xx_rcc.o(.text)
    RCC_PLLConfig                            0x080027bb   Thumb Code    32  stm32f4xx_rcc.o(.text)
    RCC_PLLCmd                               0x080027db   Thumb Code     6  stm32f4xx_rcc.o(.text)
    RCC_PLLI2SConfig                         0x080027e1   Thumb Code    14  stm32f4xx_rcc.o(.text)
    RCC_PLLI2SCmd                            0x080027ef   Thumb Code     6  stm32f4xx_rcc.o(.text)
    RCC_PLLSAIConfig                         0x080027f5   Thumb Code    20  stm32f4xx_rcc.o(.text)
    RCC_PLLSAICmd                            0x08002809   Thumb Code     6  stm32f4xx_rcc.o(.text)
    RCC_ClockSecuritySystemCmd               0x0800280f   Thumb Code     6  stm32f4xx_rcc.o(.text)
    RCC_MCO1Config                           0x08002815   Thumb Code    28  stm32f4xx_rcc.o(.text)
    RCC_MCO2Config                           0x08002831   Thumb Code    28  stm32f4xx_rcc.o(.text)
    RCC_SYSCLKConfig                         0x0800284d   Thumb Code    20  stm32f4xx_rcc.o(.text)
    RCC_GetSYSCLKSource                      0x08002861   Thumb Code    12  stm32f4xx_rcc.o(.text)
    RCC_HCLKConfig                           0x0800286d   Thumb Code    20  stm32f4xx_rcc.o(.text)
    RCC_PCLK1Config                          0x08002881   Thumb Code    20  stm32f4xx_rcc.o(.text)
    RCC_PCLK2Config                          0x08002895   Thumb Code    22  stm32f4xx_rcc.o(.text)
    RCC_GetClocksFreq                        0x080028ab   Thumb Code   222  stm32f4xx_rcc.o(.text)
    RCC_RTCCLKConfig                         0x08002989   Thumb Code    54  stm32f4xx_rcc.o(.text)
    RCC_RTCCLKCmd                            0x080029bf   Thumb Code     8  stm32f4xx_rcc.o(.text)
    RCC_BackupResetCmd                       0x080029c7   Thumb Code     8  stm32f4xx_rcc.o(.text)
    RCC_I2SCLKConfig                         0x080029cf   Thumb Code     6  stm32f4xx_rcc.o(.text)
    RCC_SAIPLLI2SClkDivConfig                0x080029d5   Thumb Code    26  stm32f4xx_rcc.o(.text)
    RCC_SAIPLLSAIClkDivConfig                0x080029ef   Thumb Code    28  stm32f4xx_rcc.o(.text)
    RCC_SAIBlockACLKConfig                   0x08002a0b   Thumb Code    20  stm32f4xx_rcc.o(.text)
    RCC_SAIBlockBCLKConfig                   0x08002a1f   Thumb Code    20  stm32f4xx_rcc.o(.text)
    RCC_LTDCCLKDivConfig                     0x08002a33   Thumb Code    20  stm32f4xx_rcc.o(.text)
    RCC_TIMCLKPresConfig                     0x08002a47   Thumb Code     6  stm32f4xx_rcc.o(.text)
    RCC_AHB1PeriphClockCmd                   0x08002a4d   Thumb Code    34  stm32f4xx_rcc.o(.text)
    RCC_AHB2PeriphClockCmd                   0x08002a6f   Thumb Code    78  stm32f4xx_rcc.o(.text)
    RCC_AHB3PeriphClockCmd                   0x08002abd   Thumb Code    34  stm32f4xx_rcc.o(.text)
    RCC_APB1PeriphClockCmd                   0x08002adf   Thumb Code    34  stm32f4xx_rcc.o(.text)
    RCC_APB2PeriphClockCmd                   0x08002b01   Thumb Code    34  stm32f4xx_rcc.o(.text)
    RCC_AHB1PeriphResetCmd                   0x08002b23   Thumb Code    34  stm32f4xx_rcc.o(.text)
    RCC_AHB2PeriphResetCmd                   0x08002b45   Thumb Code    34  stm32f4xx_rcc.o(.text)
    RCC_AHB3PeriphResetCmd                   0x08002b67   Thumb Code    34  stm32f4xx_rcc.o(.text)
    RCC_APB1PeriphResetCmd                   0x08002b89   Thumb Code    34  stm32f4xx_rcc.o(.text)
    RCC_APB2PeriphResetCmd                   0x08002bab   Thumb Code    34  stm32f4xx_rcc.o(.text)
    RCC_AHB1PeriphClockLPModeCmd             0x08002bcd   Thumb Code    34  stm32f4xx_rcc.o(.text)
    RCC_AHB2PeriphClockLPModeCmd             0x08002bef   Thumb Code    34  stm32f4xx_rcc.o(.text)
    RCC_AHB3PeriphClockLPModeCmd             0x08002c11   Thumb Code    34  stm32f4xx_rcc.o(.text)
    RCC_APB1PeriphClockLPModeCmd             0x08002c33   Thumb Code    34  stm32f4xx_rcc.o(.text)
    RCC_APB2PeriphClockLPModeCmd             0x08002c55   Thumb Code    34  stm32f4xx_rcc.o(.text)
    RCC_LSEModeConfig                        0x08002c77   Thumb Code    40  stm32f4xx_rcc.o(.text)
    RCC_ITConfig                             0x08002c9f   Thumb Code    34  stm32f4xx_rcc.o(.text)
    RCC_ClearFlag                            0x08002cc1   Thumb Code    18  stm32f4xx_rcc.o(.text)
    RCC_GetITStatus                          0x08002cd3   Thumb Code    22  stm32f4xx_rcc.o(.text)
    RCC_ClearITPendingBit                    0x08002ce9   Thumb Code     8  stm32f4xx_rcc.o(.text)
    ADC_DeInit                               0x08002cf5   Thumb Code    22  stm32f4xx_adc.o(.text)
    ADC_Init                                 0x08002d0b   Thumb Code    74  stm32f4xx_adc.o(.text)
    ADC_StructInit                           0x08002d55   Thumb Code    20  stm32f4xx_adc.o(.text)
    ADC_CommonInit                           0x08002d69   Thumb Code    34  stm32f4xx_adc.o(.text)
    ADC_CommonStructInit                     0x08002d8b   Thumb Code    12  stm32f4xx_adc.o(.text)
    ADC_Cmd                                  0x08002d97   Thumb Code    22  stm32f4xx_adc.o(.text)
    ADC_AnalogWatchdogCmd                    0x08002dad   Thumb Code    16  stm32f4xx_adc.o(.text)
    ADC_AnalogWatchdogThresholdsConfig       0x08002dbd   Thumb Code     6  stm32f4xx_adc.o(.text)
    ADC_AnalogWatchdogSingleChannelConfig    0x08002dc3   Thumb Code    16  stm32f4xx_adc.o(.text)
    ADC_TempSensorVrefintCmd                 0x08002dd3   Thumb Code    34  stm32f4xx_adc.o(.text)
    ADC_VBATCmd                              0x08002df5   Thumb Code    34  stm32f4xx_adc.o(.text)
    ADC_RegularChannelConfig                 0x08002e17   Thumb Code   184  stm32f4xx_adc.o(.text)
    ADC_SoftwareStartConv                    0x08002ecf   Thumb Code    10  stm32f4xx_adc.o(.text)
    ADC_GetSoftwareStartConvStatus           0x08002ed9   Thumb Code    20  stm32f4xx_adc.o(.text)
    ADC_EOCOnEachRegularChannelCmd           0x08002eed   Thumb Code    22  stm32f4xx_adc.o(.text)
    ADC_ContinuousModeCmd                    0x08002f03   Thumb Code    22  stm32f4xx_adc.o(.text)
    ADC_DiscModeChannelCountConfig           0x08002f19   Thumb Code    24  stm32f4xx_adc.o(.text)
    ADC_DiscModeCmd                          0x08002f31   Thumb Code    22  stm32f4xx_adc.o(.text)
    ADC_GetConversionValue                   0x08002f47   Thumb Code     8  stm32f4xx_adc.o(.text)
    ADC_GetMultiModeConversionValue          0x08002f4f   Thumb Code     8  stm32f4xx_adc.o(.text)
    ADC_DMACmd                               0x08002f57   Thumb Code    22  stm32f4xx_adc.o(.text)
    ADC_DMARequestAfterLastTransferCmd       0x08002f6d   Thumb Code    22  stm32f4xx_adc.o(.text)
    ADC_MultiModeDMARequestAfterLastTransferCmd 0x08002f83   Thumb Code    34  stm32f4xx_adc.o(.text)
    ADC_InjectedChannelConfig                0x08002fa5   Thumb Code   130  stm32f4xx_adc.o(.text)
    ADC_InjectedSequencerLengthConfig        0x08003027   Thumb Code    24  stm32f4xx_adc.o(.text)
    ADC_SetInjectedOffset                    0x0800303f   Thumb Code    20  stm32f4xx_adc.o(.text)
    ADC_ExternalTrigInjectedConvConfig       0x08003053   Thumb Code    16  stm32f4xx_adc.o(.text)
    ADC_ExternalTrigInjectedConvEdgeConfig   0x08003063   Thumb Code    16  stm32f4xx_adc.o(.text)
    ADC_SoftwareStartInjectedConv            0x08003073   Thumb Code    10  stm32f4xx_adc.o(.text)
    ADC_GetSoftwareStartInjectedConvCmdStatus 0x0800307d   Thumb Code    20  stm32f4xx_adc.o(.text)
    ADC_AutoInjectedConvCmd                  0x08003091   Thumb Code    22  stm32f4xx_adc.o(.text)
    ADC_InjectedDiscModeCmd                  0x080030a7   Thumb Code    22  stm32f4xx_adc.o(.text)
    ADC_GetInjectedConversionValue           0x080030bd   Thumb Code    28  stm32f4xx_adc.o(.text)
    ADC_ITConfig                             0x080030d9   Thumb Code    56  stm32f4xx_adc.o(.text)
    ADC_GetFlagStatus                        0x08003111   Thumb Code    18  stm32f4xx_adc.o(.text)
    ADC_ClearFlag                            0x08003123   Thumb Code     6  stm32f4xx_adc.o(.text)
    ADC_GetITStatus                          0x08003129   Thumb Code    38  stm32f4xx_adc.o(.text)
    ADC_ClearITPendingBit                    0x0800314f   Thumb Code    10  stm32f4xx_adc.o(.text)
    SPI_I2S_DeInit                           0x08003159   Thumb Code   152  stm32f4xx_spi.o(.text)
    SPI_Init                                 0x080031f1   Thumb Code    60  stm32f4xx_spi.o(.text)
    I2S_Init                                 0x0800322d   Thumb Code   396  stm32f4xx_spi.o(.text)
    SPI_StructInit                           0x080033b9   Thumb Code    24  stm32f4xx_spi.o(.text)
    I2S_StructInit                           0x080033d1   Thumb Code    20  stm32f4xx_spi.o(.text)
    SPI_Cmd                                  0x080033e5   Thumb Code    24  stm32f4xx_spi.o(.text)
    I2S_Cmd                                  0x080033fd   Thumb Code    24  stm32f4xx_spi.o(.text)
    SPI_DataSizeConfig                       0x08003415   Thumb Code    18  stm32f4xx_spi.o(.text)
    SPI_BiDirectionalLineConfig              0x08003427   Thumb Code    28  stm32f4xx_spi.o(.text)
    SPI_NSSInternalSoftwareConfig            0x08003443   Thumb Code    30  stm32f4xx_spi.o(.text)
    SPI_SSOutputCmd                          0x08003461   Thumb Code    24  stm32f4xx_spi.o(.text)
    SPI_TIModeCmd                            0x08003479   Thumb Code    24  stm32f4xx_spi.o(.text)
    I2S_FullDuplexConfig                     0x08003491   Thumb Code    80  stm32f4xx_spi.o(.text)
    SPI_I2S_ReceiveData                      0x080034e1   Thumb Code     6  stm32f4xx_spi.o(.text)
    SPI_I2S_SendData                         0x080034e7   Thumb Code     4  stm32f4xx_spi.o(.text)
    SPI_CalculateCRC                         0x080034eb   Thumb Code    24  stm32f4xx_spi.o(.text)
    SPI_TransmitCRC                          0x08003503   Thumb Code    10  stm32f4xx_spi.o(.text)
    SPI_GetCRC                               0x0800350d   Thumb Code    16  stm32f4xx_spi.o(.text)
    SPI_GetCRCPolynomial                     0x0800351d   Thumb Code     6  stm32f4xx_spi.o(.text)
    SPI_I2S_DMACmd                           0x08003523   Thumb Code    18  stm32f4xx_spi.o(.text)
    SPI_I2S_ITConfig                         0x08003535   Thumb Code    68  stm32f4xx_spi.o(.text)
    SPI_I2S_GetFlagStatus                    0x08003579   Thumb Code    18  stm32f4xx_spi.o(.text)
    SPI_I2S_ClearFlag                        0x0800358b   Thumb Code     6  stm32f4xx_spi.o(.text)
    SPI_I2S_GetITStatus                      0x08003591   Thumb Code    52  stm32f4xx_spi.o(.text)
    SPI_I2S_ClearITPendingBit                0x080035c5   Thumb Code    20  stm32f4xx_spi.o(.text)
    TIM_DeInit                               0x080035d9   Thumb Code   346  stm32f4xx_tim.o(.text)
    TIM_TimeBaseInit                         0x08003733   Thumb Code   104  stm32f4xx_tim.o(.text)
    TIM_TimeBaseStructInit                   0x0800379b   Thumb Code    18  stm32f4xx_tim.o(.text)
    TIM_PrescalerConfig                      0x080037ad   Thumb Code     6  stm32f4xx_tim.o(.text)
    TIM_CounterModeConfig                    0x080037b3   Thumb Code    18  stm32f4xx_tim.o(.text)
    TIM_SetCounter                           0x080037c5   Thumb Code     4  stm32f4xx_tim.o(.text)
    TIM_SetAutoreload                        0x080037c9   Thumb Code     4  stm32f4xx_tim.o(.text)
    TIM_GetCounter                           0x080037cd   Thumb Code     6  stm32f4xx_tim.o(.text)
    TIM_GetPrescaler                         0x080037d3   Thumb Code     6  stm32f4xx_tim.o(.text)
    TIM_UpdateDisableConfig                  0x080037d9   Thumb Code    24  stm32f4xx_tim.o(.text)
    TIM_UpdateRequestConfig                  0x080037f1   Thumb Code    24  stm32f4xx_tim.o(.text)
    TIM_ARRPreloadConfig                     0x08003809   Thumb Code    24  stm32f4xx_tim.o(.text)
    TIM_SelectOnePulseMode                   0x08003821   Thumb Code    18  stm32f4xx_tim.o(.text)
    TIM_SetClockDivision                     0x08003833   Thumb Code    18  stm32f4xx_tim.o(.text)
    TIM_Cmd                                  0x08003845   Thumb Code    24  stm32f4xx_tim.o(.text)
    TIM_OC1Init                              0x0800385d   Thumb Code   114  stm32f4xx_tim.o(.text)
    TIM_OC2Init                              0x080038cf   Thumb Code   154  stm32f4xx_tim.o(.text)
    TIM_OC3Init                              0x08003969   Thumb Code   204  stm32f4xx_tim.o(.text)
    TIM_OC4Init                              0x08003a35   Thumb Code   112  stm32f4xx_tim.o(.text)
    TIM_OCStructInit                         0x08003aa5   Thumb Code    20  stm32f4xx_tim.o(.text)
    TIM_SelectOCxM                           0x08003ab9   Thumb Code    86  stm32f4xx_tim.o(.text)
    TIM_SetCompare1                          0x08003b0f   Thumb Code     4  stm32f4xx_tim.o(.text)
    TIM_SetCompare2                          0x08003b13   Thumb Code     4  stm32f4xx_tim.o(.text)
    TIM_SetCompare3                          0x08003b17   Thumb Code     4  stm32f4xx_tim.o(.text)
    TIM_SetCompare4                          0x08003b1b   Thumb Code     4  stm32f4xx_tim.o(.text)
    TIM_ForcedOC1Config                      0x08003b1f   Thumb Code    18  stm32f4xx_tim.o(.text)
    TIM_ForcedOC2Config                      0x08003b31   Thumb Code    26  stm32f4xx_tim.o(.text)
    TIM_ForcedOC3Config                      0x08003b4b   Thumb Code    18  stm32f4xx_tim.o(.text)
    TIM_ForcedOC4Config                      0x08003b5d   Thumb Code    26  stm32f4xx_tim.o(.text)
    TIM_OC1PreloadConfig                     0x08003b77   Thumb Code    18  stm32f4xx_tim.o(.text)
    TIM_OC2PreloadConfig                     0x08003b89   Thumb Code    26  stm32f4xx_tim.o(.text)
    TIM_OC3PreloadConfig                     0x08003ba3   Thumb Code    18  stm32f4xx_tim.o(.text)
    TIM_OC4PreloadConfig                     0x08003bb5   Thumb Code    26  stm32f4xx_tim.o(.text)
    TIM_OC1FastConfig                        0x08003bcf   Thumb Code    18  stm32f4xx_tim.o(.text)
    TIM_OC2FastConfig                        0x08003be1   Thumb Code    26  stm32f4xx_tim.o(.text)
    TIM_OC3FastConfig                        0x08003bfb   Thumb Code    18  stm32f4xx_tim.o(.text)
    TIM_OC4FastConfig                        0x08003c0d   Thumb Code    26  stm32f4xx_tim.o(.text)
    TIM_ClearOC1Ref                          0x08003c27   Thumb Code    18  stm32f4xx_tim.o(.text)
    TIM_ClearOC2Ref                          0x08003c39   Thumb Code    24  stm32f4xx_tim.o(.text)
    TIM_ClearOC3Ref                          0x08003c51   Thumb Code    18  stm32f4xx_tim.o(.text)
    TIM_ClearOC4Ref                          0x08003c63   Thumb Code    24  stm32f4xx_tim.o(.text)
    TIM_OC1PolarityConfig                    0x08003c7b   Thumb Code    18  stm32f4xx_tim.o(.text)
    TIM_OC1NPolarityConfig                   0x08003c8d   Thumb Code    18  stm32f4xx_tim.o(.text)
    TIM_OC2PolarityConfig                    0x08003c9f   Thumb Code    26  stm32f4xx_tim.o(.text)
    TIM_OC2NPolarityConfig                   0x08003cb9   Thumb Code    26  stm32f4xx_tim.o(.text)
    TIM_OC3PolarityConfig                    0x08003cd3   Thumb Code    26  stm32f4xx_tim.o(.text)
    TIM_OC3NPolarityConfig                   0x08003ced   Thumb Code    26  stm32f4xx_tim.o(.text)
    TIM_OC4PolarityConfig                    0x08003d07   Thumb Code    26  stm32f4xx_tim.o(.text)
    TIM_CCxCmd                               0x08003d21   Thumb Code    30  stm32f4xx_tim.o(.text)
    TIM_CCxNCmd                              0x08003d3f   Thumb Code    30  stm32f4xx_tim.o(.text)
    TIM_SetIC4Prescaler                      0x08003d5d   Thumb Code    26  stm32f4xx_tim.o(.text)
    TIM_SetIC3Prescaler                      0x08003dc7   Thumb Code    18  stm32f4xx_tim.o(.text)
    TIM_SetIC2Prescaler                      0x08003e21   Thumb Code    26  stm32f4xx_tim.o(.text)
    TIM_SetIC1Prescaler                      0x08003e95   Thumb Code    18  stm32f4xx_tim.o(.text)
    TIM_ICInit                               0x08003ee1   Thumb Code   110  stm32f4xx_tim.o(.text)
    TIM_ICStructInit                         0x08003f4f   Thumb Code    18  stm32f4xx_tim.o(.text)
    TIM_PWMIConfig                           0x08003f61   Thumb Code   124  stm32f4xx_tim.o(.text)
    TIM_GetCapture1                          0x08003fdd   Thumb Code     6  stm32f4xx_tim.o(.text)
    TIM_GetCapture2                          0x08003fe3   Thumb Code     6  stm32f4xx_tim.o(.text)
    TIM_GetCapture3                          0x08003fe9   Thumb Code     6  stm32f4xx_tim.o(.text)
    TIM_GetCapture4                          0x08003fef   Thumb Code     6  stm32f4xx_tim.o(.text)
    TIM_BDTRConfig                           0x08003ff5   Thumb Code    32  stm32f4xx_tim.o(.text)
    TIM_BDTRStructInit                       0x08004015   Thumb Code    18  stm32f4xx_tim.o(.text)
    TIM_CtrlPWMOutputs                       0x08004027   Thumb Code    30  stm32f4xx_tim.o(.text)
    TIM_SelectCOM                            0x08004045   Thumb Code    24  stm32f4xx_tim.o(.text)
    TIM_CCPreloadControl                     0x0800405d   Thumb Code    24  stm32f4xx_tim.o(.text)
    TIM_ITConfig                             0x08004075   Thumb Code    18  stm32f4xx_tim.o(.text)
    TIM_GenerateEvent                        0x08004087   Thumb Code     4  stm32f4xx_tim.o(.text)
    TIM_GetFlagStatus                        0x0800408b   Thumb Code    18  stm32f4xx_tim.o(.text)
    TIM_ClearFlag                            0x0800409d   Thumb Code     6  stm32f4xx_tim.o(.text)
    TIM_GetITStatus                          0x080040a3   Thumb Code    34  stm32f4xx_tim.o(.text)
    TIM_ClearITPendingBit                    0x080040c5   Thumb Code     6  stm32f4xx_tim.o(.text)
    TIM_DMAConfig                            0x080040cb   Thumb Code    10  stm32f4xx_tim.o(.text)
    TIM_DMACmd                               0x080040d5   Thumb Code    18  stm32f4xx_tim.o(.text)
    TIM_SelectCCDMA                          0x080040e7   Thumb Code    24  stm32f4xx_tim.o(.text)
    TIM_InternalClockConfig                  0x080040ff   Thumb Code    12  stm32f4xx_tim.o(.text)
    TIM_SelectInputTrigger                   0x0800410b   Thumb Code    18  stm32f4xx_tim.o(.text)
    TIM_ITRxExternalClockConfig              0x0800411d   Thumb Code    24  stm32f4xx_tim.o(.text)
    TIM_TIxExternalClockConfig               0x08004135   Thumb Code    62  stm32f4xx_tim.o(.text)
    TIM_ETRConfig                            0x08004173   Thumb Code    28  stm32f4xx_tim.o(.text)
    TIM_ETRClockMode1Config                  0x0800418f   Thumb Code    54  stm32f4xx_tim.o(.text)
    TIM_ETRClockMode2Config                  0x080041c5   Thumb Code    32  stm32f4xx_tim.o(.text)
    TIM_SelectOutputTrigger                  0x080041e5   Thumb Code    18  stm32f4xx_tim.o(.text)
    TIM_SelectSlaveMode                      0x080041f7   Thumb Code    18  stm32f4xx_tim.o(.text)
    TIM_SelectMasterSlaveMode                0x08004209   Thumb Code    18  stm32f4xx_tim.o(.text)
    TIM_EncoderInterfaceConfig               0x0800421b   Thumb Code    66  stm32f4xx_tim.o(.text)
    TIM_SelectHallSensor                     0x0800425d   Thumb Code    24  stm32f4xx_tim.o(.text)
    TIM_RemapConfig                          0x08004275   Thumb Code     6  stm32f4xx_tim.o(.text)
    EXTI_DeInit                              0x0800427d   Thumb Code    28  stm32f4xx_exti.o(.text)
    EXTI_Init                                0x08004299   Thumb Code   142  stm32f4xx_exti.o(.text)
    EXTI_StructInit                          0x08004327   Thumb Code    16  stm32f4xx_exti.o(.text)
    EXTI_GenerateSWInterrupt                 0x08004337   Thumb Code    16  stm32f4xx_exti.o(.text)
    EXTI_GetFlagStatus                       0x08004347   Thumb Code    22  stm32f4xx_exti.o(.text)
    EXTI_ClearFlag                           0x0800435d   Thumb Code     8  stm32f4xx_exti.o(.text)
    EXTI_GetITStatus                         0x08004365   Thumb Code    22  stm32f4xx_exti.o(.text)
    EXTI_ClearITPendingBit                   0x0800437b   Thumb Code     8  stm32f4xx_exti.o(.text)
    __use_no_semihosting                     0x0800438d   Thumb Code     2  use_no_semi_2.o(.text)
    __2printf                                0x08004391   Thumb Code    20  noretval__2printf.o(.text)
    _printf_pre_padding                      0x080043a9   Thumb Code    44  _printf_pad.o(.text)
    _printf_post_padding                     0x080043d5   Thumb Code    34  _printf_pad.o(.text)
    _printf_int_dec                          0x080043f9   Thumb Code   104  _printf_dec.o(.text)
    __printf                                 0x08004471   Thumb Code   270  __printf_wp.o(.text)
    __use_two_region_memory                  0x0800457f   Thumb Code     2  heapauxi.o(.text)
    __rt_heap_escrow$2region                 0x08004581   Thumb Code     2  heapauxi.o(.text)
    __rt_heap_expand$2region                 0x08004583   Thumb Code     2  heapauxi.o(.text)
    __I$use$semihosting                      0x08004585   Thumb Code     0  use_no_semi.o(.text)
    __use_no_semihosting_swi                 0x08004585   Thumb Code     2  use_no_semi.o(.text)
    _printf_int_common                       0x08004587   Thumb Code   178  _printf_intcommon.o(.text)
    __lib_sel_fp_printf                      0x08004639   Thumb Code     2  _printf_fp_dec.o(.text)
    _printf_fp_dec_real                      0x080047eb   Thumb Code   620  _printf_fp_dec.o(.text)
    _printf_char_file                        0x08004a59   Thumb Code    32  _printf_char_file.o(.text)
    __rt_locale                              0x08004a7d   Thumb Code     8  rt_locale_intlibspace.o(.text)
    _ll_udiv10                               0x08004a85   Thumb Code   138  lludiv10.o(.text)
    _printf_char_common                      0x08004b1b   Thumb Code    32  _printf_char_common.o(.text)
    _printf_fp_infnan                        0x08004b41   Thumb Code   112  _printf_fp_infnan.o(.text)
    _btod_etento                             0x08004bc1   Thumb Code   224  bigflt0.o(.text)
    ferror                                   0x08004ca5   Thumb Code     8  ferror.o(.text)
    __user_libspace                          0x08004cad   Thumb Code     8  libspace.o(.text)
    __user_perproc_libspace                  0x08004cad   Thumb Code     0  libspace.o(.text)
    __user_perthread_libspace                0x08004cad   Thumb Code     0  libspace.o(.text)
    __user_setup_stackheap                   0x08004cb5   Thumb Code    74  sys_stackheap_outer.o(.text)
    exit                                     0x08004cff   Thumb Code    18  exit.o(.text)
    strcmp                                   0x08004d11   Thumb Code   128  strcmpv7m.o(.text)
    _btod_d2e                                0x08004d91   Thumb Code    62  btod.o(CL$$btod_d2e)
    _d2e_denorm_low                          0x08004dcf   Thumb Code    70  btod.o(CL$$btod_d2e_denorm_low)
    _d2e_norm_op1                            0x08004e15   Thumb Code    96  btod.o(CL$$btod_d2e_norm_op1)
    __btod_div_common                        0x08004e75   Thumb Code   696  btod.o(CL$$btod_div_common)
    _e2e                                     0x080051ad   Thumb Code   220  btod.o(CL$$btod_e2e)
    _btod_ediv                               0x08005289   Thumb Code    42  btod.o(CL$$btod_ediv)
    _btod_emul                               0x080052b3   Thumb Code    42  btod.o(CL$$btod_emul)
    __btod_mult_common                       0x080052dd   Thumb Code   580  btod.o(CL$$btod_mult_common)
    __ARM_fpclassify                         0x08005521   Thumb Code    48  fpclassify.o(i.__ARM_fpclassify)
    _is_digit                                0x08005551   Thumb Code    14  __printf_wp.o(i._is_digit)
    _get_lc_numeric                          0x08005561   Thumb Code    44  lc_numeric_c.o(locale$$code)
    __aeabi_ddiv                             0x0800558d   Thumb Code     0  ddiv.o(x$fpl$ddiv)
    _ddiv                                    0x0800558d   Thumb Code   552  ddiv.o(x$fpl$ddiv)
    __aeabi_d2uiz                            0x0800583d   Thumb Code     0  dfixu.o(x$fpl$dfixu)
    _dfixu                                   0x0800583d   Thumb Code    90  dfixu.o(x$fpl$dfixu)
    __aeabi_ui2d                             0x08005897   Thumb Code     0  dflt_clz.o(x$fpl$dfltu)
    _dfltu                                   0x08005897   Thumb Code    38  dflt_clz.o(x$fpl$dfltu)
    __aeabi_dmul                             0x080058bd   Thumb Code     0  dmul.o(x$fpl$dmul)
    _dmul                                    0x080058bd   Thumb Code   332  dmul.o(x$fpl$dmul)
    __fpl_dnaninf                            0x08005a11   Thumb Code   156  dnaninf.o(x$fpl$dnaninf)
    __fpl_dretinf                            0x08005aad   Thumb Code    12  dretinf.o(x$fpl$dretinf)
    __aeabi_f2d                              0x08005ab9   Thumb Code     0  f2d.o(x$fpl$f2d)
    _f2d                                     0x08005ab9   Thumb Code    86  f2d.o(x$fpl$f2d)
    __fpl_fnaninf                            0x08005b0f   Thumb Code   140  fnaninf.o(x$fpl$fnaninf)
    _fp_init                                 0x08005b9b   Thumb Code    10  fpinit.o(x$fpl$fpinit)
    __fplib_config_fpu_vfp                   0x08005ba3   Thumb Code     0  fpinit.o(x$fpl$fpinit)
    __fplib_config_pureend_doubles           0x08005ba3   Thumb Code     0  fpinit.o(x$fpl$fpinit)
    _printf_fp_dec                           0x08005ba5   Thumb Code     4  printf1.o(x$fpl$printf1)
    __I$use$fp                               0x08005ba8   Number         0  usenofp.o(x$fpl$usenofp)
    Region$$Table$$Base                      0x08005c3c   Number         0  anon$$obj.o(Region$$Table)
    Region$$Table$$Limit                     0x08005c5c   Number         0  anon$$obj.o(Region$$Table)
    SystemCoreClock                          0x20000000   Data           4  system_stm32f4xx.o(.data)
    AHBPrescTable                            0x20000004   Data          16  system_stm32f4xx.o(.data)
    switch_vlaue                             0x20000014   Data           4  key.o(.data)
    ok_ack                                   0x20000018   Data           8  wifi.o(.data)
    point                                    0x20000020   Data           4  wifi.o(.data)
    frame_s                                  0x20000024   Data           4  wifi.o(.data)
    chanenl                                  0x20000028   Data           8  74hc4051.o(.data)
    bak                                      0x20000030   Data           4  74hc4051.o(.data)
    ADS_CS                                   0x20000034   Data           4  ads1256.o(.data)
    ADS_WAIT_DRDY                            0x20000038   Data           4  ads1256.o(.data)
    high                                     0x20000040   Data           4  pwm_check.o(.data)
    all                                      0x20000044   Data           4  pwm_check.o(.data)
    __stdout                                 0x2000004c   Data           4  usart.o(.data)
    data_io_infos                            0x20000060   Data          72  relay_control.o(.bss)
    lock_io_infos                            0x200000a8   Data          72  relay_control.o(.bss)
    relay                                    0x200000f0   Data         328  relay_control.o(.bss)
    RecBuff                                  0x20000238   Data          17  wifi.o(.bss)
    frame_send_char                          0x20000249   Data          87  wifi.o(.bss)
    ADS_Value                                0x200002a0   Data          32  ads1256.o(.bss)
    __libspace_start                         0x200002c0   Data          96  libspace.o(.bss)
    __temporary_stack_top$libspace           0x20000320   Data           0  libspace.o(.bss)



==============================================================================

Memory Map of the image

  Image Entry point : 0x08000189

  Load Region LR_IROM1 (Base: 0x08000000, Size: 0x00005cd8, Max: 0x00100000, ABSOLUTE)

    Execution Region ER_IROM1 (Exec base: 0x08000000, Load base: 0x08000000, Size: 0x00005c78, Max: 0x00100000, ABSOLUTE)

    Exec Addr    Load Addr    Size         Type   Attr      Idx    E Section Name        Object

    0x08000000   0x08000000   0x00000188   Data   RO          511    RESET               startup_stm32f40_41xxx.o
    0x08000188   0x08000188   0x00000008   Code   RO          780  * !!!main             c_w.l(__main.o)
    0x08000190   0x08000190   0x00000034   Code   RO         1020    !!!scatter          c_w.l(__scatter.o)
    0x080001c4   0x080001c4   0x0000001a   Code   RO         1022    !!handler_copy      c_w.l(__scatter_copy.o)
    0x080001de   0x080001de   0x00000002   PAD
    0x080001e0   0x080001e0   0x0000001c   Code   RO         1024    !!handler_zi        c_w.l(__scatter_zi.o)
    0x080001fc   0x080001fc   0x00000000   Code   RO          777    .ARM.Collect$$_printf_percent$$00000000  c_w.l(_printf_percent.o)
    0x080001fc   0x080001fc   0x00000006   Code   RO          776    .ARM.Collect$$_printf_percent$$00000003  c_w.l(_printf_f.o)
    0x08000202   0x08000202   0x00000006   Code   RO          775    .ARM.Collect$$_printf_percent$$00000009  c_w.l(_printf_d.o)
    0x08000208   0x08000208   0x00000004   Code   RO          811    .ARM.Collect$$_printf_percent$$00000017  c_w.l(_printf_percent_end.o)
    0x0800020c   0x0800020c   0x00000002   Code   RO          897    .ARM.Collect$$libinit$$00000000  c_w.l(libinit.o)
    0x0800020e   0x0800020e   0x00000004   Code   RO          898    .ARM.Collect$$libinit$$00000001  c_w.l(libinit2.o)
    0x08000212   0x08000212   0x00000000   Code   RO          901    .ARM.Collect$$libinit$$00000004  c_w.l(libinit2.o)
    0x08000212   0x08000212   0x00000000   Code   RO          904    .ARM.Collect$$libinit$$0000000A  c_w.l(libinit2.o)
    0x08000212   0x08000212   0x00000000   Code   RO          906    .ARM.Collect$$libinit$$0000000C  c_w.l(libinit2.o)
    0x08000212   0x08000212   0x00000000   Code   RO          908    .ARM.Collect$$libinit$$0000000E  c_w.l(libinit2.o)
    0x08000212   0x08000212   0x00000006   Code   RO          909    .ARM.Collect$$libinit$$0000000F  c_w.l(libinit2.o)
    0x08000218   0x08000218   0x00000000   Code   RO          911    .ARM.Collect$$libinit$$00000011  c_w.l(libinit2.o)
    0x08000218   0x08000218   0x00000000   Code   RO          913    .ARM.Collect$$libinit$$00000013  c_w.l(libinit2.o)
    0x08000218   0x08000218   0x00000000   Code   RO          915    .ARM.Collect$$libinit$$00000015  c_w.l(libinit2.o)
    0x08000218   0x08000218   0x0000000a   Code   RO          916    .ARM.Collect$$libinit$$00000016  c_w.l(libinit2.o)
    0x08000222   0x08000222   0x00000000   Code   RO          917    .ARM.Collect$$libinit$$00000017  c_w.l(libinit2.o)
    0x08000222   0x08000222   0x00000000   Code   RO          919    .ARM.Collect$$libinit$$00000019  c_w.l(libinit2.o)
    0x08000222   0x08000222   0x00000000   Code   RO          921    .ARM.Collect$$libinit$$0000001B  c_w.l(libinit2.o)
    0x08000222   0x08000222   0x00000000   Code   RO          923    .ARM.Collect$$libinit$$0000001D  c_w.l(libinit2.o)
    0x08000222   0x08000222   0x00000000   Code   RO          925    .ARM.Collect$$libinit$$0000001F  c_w.l(libinit2.o)
    0x08000222   0x08000222   0x00000000   Code   RO          927    .ARM.Collect$$libinit$$00000021  c_w.l(libinit2.o)
    0x08000222   0x08000222   0x00000000   Code   RO          929    .ARM.Collect$$libinit$$00000023  c_w.l(libinit2.o)
    0x08000222   0x08000222   0x00000000   Code   RO          931    .ARM.Collect$$libinit$$00000025  c_w.l(libinit2.o)
    0x08000222   0x08000222   0x00000000   Code   RO          935    .ARM.Collect$$libinit$$0000002C  c_w.l(libinit2.o)
    0x08000222   0x08000222   0x00000000   Code   RO          937    .ARM.Collect$$libinit$$0000002E  c_w.l(libinit2.o)
    0x08000222   0x08000222   0x00000000   Code   RO          939    .ARM.Collect$$libinit$$00000030  c_w.l(libinit2.o)
    0x08000222   0x08000222   0x00000000   Code   RO          941    .ARM.Collect$$libinit$$00000032  c_w.l(libinit2.o)
    0x08000222   0x08000222   0x00000002   Code   RO          942    .ARM.Collect$$libinit$$00000033  c_w.l(libinit2.o)
    0x08000224   0x08000224   0x00000002   Code   RO          970    .ARM.Collect$$libshutdown$$00000000  c_w.l(libshutdown.o)
    0x08000226   0x08000226   0x00000000   Code   RO          979    .ARM.Collect$$libshutdown$$00000002  c_w.l(libshutdown2.o)
    0x08000226   0x08000226   0x00000000   Code   RO          981    .ARM.Collect$$libshutdown$$00000004  c_w.l(libshutdown2.o)
    0x08000226   0x08000226   0x00000000   Code   RO          984    .ARM.Collect$$libshutdown$$00000007  c_w.l(libshutdown2.o)
    0x08000226   0x08000226   0x00000000   Code   RO          987    .ARM.Collect$$libshutdown$$0000000A  c_w.l(libshutdown2.o)
    0x08000226   0x08000226   0x00000000   Code   RO          989    .ARM.Collect$$libshutdown$$0000000C  c_w.l(libshutdown2.o)
    0x08000226   0x08000226   0x00000000   Code   RO          992    .ARM.Collect$$libshutdown$$0000000F  c_w.l(libshutdown2.o)
    0x08000226   0x08000226   0x00000002   Code   RO          993    .ARM.Collect$$libshutdown$$00000010  c_w.l(libshutdown2.o)
    0x08000228   0x08000228   0x00000000   Code   RO          804    .ARM.Collect$$rtentry$$00000000  c_w.l(__rtentry.o)
    0x08000228   0x08000228   0x00000000   Code   RO          820    .ARM.Collect$$rtentry$$00000002  c_w.l(__rtentry2.o)
    0x08000228   0x08000228   0x00000006   Code   RO          832    .ARM.Collect$$rtentry$$00000004  c_w.l(__rtentry4.o)
    0x0800022e   0x0800022e   0x00000000   Code   RO          822    .ARM.Collect$$rtentry$$00000009  c_w.l(__rtentry2.o)
    0x0800022e   0x0800022e   0x00000004   Code   RO          823    .ARM.Collect$$rtentry$$0000000A  c_w.l(__rtentry2.o)
    0x08000232   0x08000232   0x00000000   Code   RO          825    .ARM.Collect$$rtentry$$0000000C  c_w.l(__rtentry2.o)
    0x08000232   0x08000232   0x00000008   Code   RO          826    .ARM.Collect$$rtentry$$0000000D  c_w.l(__rtentry2.o)
    0x0800023a   0x0800023a   0x00000002   Code   RO          943    .ARM.Collect$$rtexit$$00000000  c_w.l(rtexit.o)
    0x0800023c   0x0800023c   0x00000000   Code   RO          950    .ARM.Collect$$rtexit$$00000002  c_w.l(rtexit2.o)
    0x0800023c   0x0800023c   0x00000004   Code   RO          951    .ARM.Collect$$rtexit$$00000003  c_w.l(rtexit2.o)
    0x08000240   0x08000240   0x00000006   Code   RO          952    .ARM.Collect$$rtexit$$00000004  c_w.l(rtexit2.o)
    0x08000246   0x08000246   0x00000002   PAD
    0x08000248   0x08000248   0x000000a8   Code   RO            3    .text               main.o
    0x080002f0   0x080002f0   0x0000001a   Code   RO          173    .text               stm32f4xx_it.o
    0x0800030a   0x0800030a   0x00000002   PAD
    0x0800030c   0x0800030c   0x00000210   Code   RO          233    .text               system_stm32f4xx.o
    0x0800051c   0x0800051c   0x0000003c   Code   RO          259    .text               led.o
    0x08000558   0x08000558   0x000000a4   Code   RO          279    .text               key.o
    0x080005fc   0x080005fc   0x0000010c   Code   RO          302    .text               dma.o
    0x08000708   0x08000708   0x00000274   Code   RO          322    .text               relay_control.o
    0x0800097c   0x0800097c   0x000002dc   Code   RO          345    .text               wifi.o
    0x08000c58   0x08000c58   0x00000408   Code   RO          370    .text               74hc4051.o
    0x08001060   0x08001060   0x000006ec   Code   RO          394    .text               ads1256.o
    0x0800174c   0x0800174c   0x0000015c   Code   RO          421    .text               pwm_check.o
    0x080018a8   0x080018a8   0x00000104   Code   RO          444    .text               delay.o
    0x080019ac   0x080019ac   0x0000013c   Code   RO          484    .text               usart.o
    0x08001ae8   0x08001ae8   0x00000040   Code   RO          512    .text               startup_stm32f40_41xxx.o
    0x08001b28   0x08001b28   0x000000e0   Code   RO          518    .text               misc.o
    0x08001c08   0x08001c08   0x000003a8   Code   RO          538    .text               stm32f4xx_dma.o
    0x08001fb0   0x08001fb0   0x00000294   Code   RO          558    .text               stm32f4xx_gpio.o
    0x08002244   0x08002244   0x00000454   Code   RO          601    .text               stm32f4xx_usart.o
    0x08002698   0x08002698   0x0000065c   Code   RO          641    .text               stm32f4xx_rcc.o
    0x08002cf4   0x08002cf4   0x00000464   Code   RO          663    .text               stm32f4xx_adc.o
    0x08003158   0x08003158   0x00000480   Code   RO          683    .text               stm32f4xx_spi.o
    0x080035d8   0x080035d8   0x00000ca2   Code   RO          703    .text               stm32f4xx_tim.o
    0x0800427a   0x0800427a   0x00000002   PAD
    0x0800427c   0x0800427c   0x00000110   Code   RO          723    .text               stm32f4xx_exti.o
    0x0800438c   0x0800438c   0x00000002   Code   RO          743    .text               c_w.l(use_no_semi_2.o)
    0x0800438e   0x0800438e   0x00000002   PAD
    0x08004390   0x08004390   0x00000018   Code   RO          747    .text               c_w.l(noretval__2printf.o)
    0x080043a8   0x080043a8   0x0000004e   Code   RO          751    .text               c_w.l(_printf_pad.o)
    0x080043f6   0x080043f6   0x00000002   PAD
    0x080043f8   0x080043f8   0x00000078   Code   RO          753    .text               c_w.l(_printf_dec.o)
    0x08004470   0x08004470   0x0000010e   Code   RO          763    .text               c_w.l(__printf_wp.o)
    0x0800457e   0x0800457e   0x00000006   Code   RO          778    .text               c_w.l(heapauxi.o)
    0x08004584   0x08004584   0x00000002   Code   RO          802    .text               c_w.l(use_no_semi.o)
    0x08004586   0x08004586   0x000000b2   Code   RO          805    .text               c_w.l(_printf_intcommon.o)
    0x08004638   0x08004638   0x0000041e   Code   RO          807    .text               c_w.l(_printf_fp_dec.o)
    0x08004a56   0x08004a56   0x00000002   PAD
    0x08004a58   0x08004a58   0x00000024   Code   RO          809    .text               c_w.l(_printf_char_file.o)
    0x08004a7c   0x08004a7c   0x00000008   Code   RO          837    .text               c_w.l(rt_locale_intlibspace.o)
    0x08004a84   0x08004a84   0x0000008a   Code   RO          839    .text               c_w.l(lludiv10.o)
    0x08004b0e   0x08004b0e   0x00000002   PAD
    0x08004b10   0x08004b10   0x00000030   Code   RO          841    .text               c_w.l(_printf_char_common.o)
    0x08004b40   0x08004b40   0x00000080   Code   RO          843    .text               c_w.l(_printf_fp_infnan.o)
    0x08004bc0   0x08004bc0   0x000000e4   Code   RO          845    .text               c_w.l(bigflt0.o)
    0x08004ca4   0x08004ca4   0x00000008   Code   RO          870    .text               c_w.l(ferror.o)
    0x08004cac   0x08004cac   0x00000008   Code   RO          881    .text               c_w.l(libspace.o)
    0x08004cb4   0x08004cb4   0x0000004a   Code   RO          884    .text               c_w.l(sys_stackheap_outer.o)
    0x08004cfe   0x08004cfe   0x00000012   Code   RO          888    .text               c_w.l(exit.o)
    0x08004d10   0x08004d10   0x00000080   Code   RO          890    .text               c_w.l(strcmpv7m.o)
    0x08004d90   0x08004d90   0x0000003e   Code   RO          848    CL$$btod_d2e        c_w.l(btod.o)
    0x08004dce   0x08004dce   0x00000046   Code   RO          850    CL$$btod_d2e_denorm_low  c_w.l(btod.o)
    0x08004e14   0x08004e14   0x00000060   Code   RO          849    CL$$btod_d2e_norm_op1  c_w.l(btod.o)
    0x08004e74   0x08004e74   0x00000338   Code   RO          858    CL$$btod_div_common  c_w.l(btod.o)
    0x080051ac   0x080051ac   0x000000dc   Code   RO          855    CL$$btod_e2e        c_w.l(btod.o)
    0x08005288   0x08005288   0x0000002a   Code   RO          852    CL$$btod_ediv       c_w.l(btod.o)
    0x080052b2   0x080052b2   0x0000002a   Code   RO          851    CL$$btod_emul       c_w.l(btod.o)
    0x080052dc   0x080052dc   0x00000244   Code   RO          857    CL$$btod_mult_common  c_w.l(btod.o)
    0x08005520   0x08005520   0x00000030   Code   RO          879    i.__ARM_fpclassify  m_wm.l(fpclassify.o)
    0x08005550   0x08005550   0x0000000e   Code   RO          765    i._is_digit         c_w.l(__printf_wp.o)
    0x0800555e   0x0800555e   0x00000002   PAD
    0x08005560   0x08005560   0x0000002c   Code   RO          875    locale$$code        c_w.l(lc_numeric_c.o)
    0x0800558c   0x0800558c   0x000002b0   Code   RO          783    x$fpl$ddiv          fz_wm.l(ddiv.o)
    0x0800583c   0x0800583c   0x0000005a   Code   RO          786    x$fpl$dfixu         fz_wm.l(dfixu.o)
    0x08005896   0x08005896   0x00000026   Code   RO          790    x$fpl$dfltu         fz_wm.l(dflt_clz.o)
    0x080058bc   0x080058bc   0x00000154   Code   RO          796    x$fpl$dmul          fz_wm.l(dmul.o)
    0x08005a10   0x08005a10   0x0000009c   Code   RO          812    x$fpl$dnaninf       fz_wm.l(dnaninf.o)
    0x08005aac   0x08005aac   0x0000000c   Code   RO          814    x$fpl$dretinf       fz_wm.l(dretinf.o)
    0x08005ab8   0x08005ab8   0x00000056   Code   RO          798    x$fpl$f2d           fz_wm.l(f2d.o)
    0x08005b0e   0x08005b0e   0x0000008c   Code   RO          816    x$fpl$fnaninf       fz_wm.l(fnaninf.o)
    0x08005b9a   0x08005b9a   0x0000000a   Code   RO          947    x$fpl$fpinit        fz_wm.l(fpinit.o)
    0x08005ba4   0x08005ba4   0x00000004   Code   RO          800    x$fpl$printf1       fz_wm.l(printf1.o)
    0x08005ba8   0x08005ba8   0x00000000   Code   RO          818    x$fpl$usenofp       fz_wm.l(usenofp.o)
    0x08005ba8   0x08005ba8   0x00000094   Data   RO          846    .constdata          c_w.l(bigflt0.o)
    0x08005c3c   0x08005c3c   0x00000020   Data   RO         1018    Region$$Table       anon$$obj.o
    0x08005c5c   0x08005c5c   0x0000001c   Data   RO          874    locale$$data        c_w.l(lc_numeric_c.o)


    Execution Region RW_IRAM1 (Exec base: 0x20000000, Load base: 0x08005c78, Size: 0x00000920, Max: 0x00020000, ABSOLUTE)

    Exec Addr    Load Addr    Size         Type   Attr      Idx    E Section Name        Object

    0x20000000   0x08005c78   0x00000014   Data   RW          234    .data               system_stm32f4xx.o
    0x20000014   0x08005c8c   0x00000004   Data   RW          280    .data               key.o
    0x20000018   0x08005c90   0x00000010   Data   RW          347    .data               wifi.o
    0x20000028   0x08005ca0   0x0000000c   Data   RW          371    .data               74hc4051.o
    0x20000034   0x08005cac   0x00000009   Data   RW          396    .data               ads1256.o
    0x2000003d   0x08005cb5   0x00000003   PAD
    0x20000040   0x08005cb8   0x00000008   Data   RW          422    .data               pwm_check.o
    0x20000048   0x08005cc0   0x00000004   Data   RW          445    .data               delay.o
    0x2000004c   0x08005cc4   0x00000004   Data   RW          485    .data               usart.o
    0x20000050   0x08005cc8   0x00000010   Data   RW          642    .data               stm32f4xx_rcc.o
    0x20000060        -       0x000001d8   Zero   RW          323    .bss                relay_control.o
    0x20000238        -       0x00000068   Zero   RW          346    .bss                wifi.o
    0x200002a0        -       0x00000020   Zero   RW          395    .bss                ads1256.o
    0x200002c0        -       0x00000060   Zero   RW          882    .bss                c_w.l(libspace.o)
    0x20000320        -       0x00000200   Zero   RW          510    HEAP                startup_stm32f40_41xxx.o
    0x20000520        -       0x00000400   Zero   RW          509    STACK               startup_stm32f40_41xxx.o


==============================================================================

Image component sizes


      Code (inc. data)   RO Data    RW Data    ZI Data      Debug   Object Name

      1032         36          0         12          0       2693   74hc4051.o
      1772         64          0          9         32       4366   ads1256.o
       260          8          0          4          0       1477   delay.o
       268          6          0          0          0       1589   dma.o
       164          8          0          4          0        765   key.o
        60          4          0          0          0        523   led.o
       168         26          0          0          0     320415   main.o
       224         20          0          0          0       1813   misc.o
       348         50          0          8          0       1975   pwm_check.o
       628         30          0          0        472       2151   relay_control.o
        64         26        392          0       1536        828   startup_stm32f40_41xxx.o
      1124         24          0          0          0      10686   stm32f4xx_adc.o
       936         32          0          0          0       6389   stm32f4xx_dma.o
       272         10          0          0          0       2283   stm32f4xx_exti.o
       660         44          0          0          0       4153   stm32f4xx_gpio.o
        26          0          0          0          0       1222   stm32f4xx_it.o
      1628         52          0         16          0      13028   stm32f4xx_rcc.o
      1152         36          0          0          0       6905   stm32f4xx_spi.o
      3234         60          0          0          0      23012   stm32f4xx_tim.o
      1108         34          0          0          0       7880   stm32f4xx_usart.o
       528         46          0         20          0       1771   system_stm32f4xx.o
       316         18          0          4          0       3335   usart.o
       732         56          0         16        104       2906   wifi.o

    ----------------------------------------------------------------------
     16708        690        424         96       2144     422165   Object Totals
         0          0         32          0          0          0   (incl. Generated)
         4          0          0          3          0          0   (incl. Padding)

    ----------------------------------------------------------------------

      Code (inc. data)   RO Data    RW Data    ZI Data      Debug   Library Member Name

         8          0          0          0          0         68   __main.o
       284          0          0          0          0        156   __printf_wp.o
         0          0          0          0          0          0   __rtentry.o
        12          0          0          0          0          0   __rtentry2.o
         6          0          0          0          0          0   __rtentry4.o
        52          8          0          0          0          0   __scatter.o
        26          0          0          0          0          0   __scatter_copy.o
        28          0          0          0          0          0   __scatter_zi.o
        48          6          0          0          0         96   _printf_char_common.o
        36          4          0          0          0         80   _printf_char_file.o
         6          0          0          0          0          0   _printf_d.o
       120         16          0          0          0         92   _printf_dec.o
         6          0          0          0          0          0   _printf_f.o
      1054          0          0          0          0        216   _printf_fp_dec.o
       128         16          0          0          0         84   _printf_fp_infnan.o
       178          0          0          0          0         88   _printf_intcommon.o
        78          0          0          0          0        108   _printf_pad.o
         0          0          0          0          0          0   _printf_percent.o
         4          0          0          0          0          0   _printf_percent_end.o
       228          4        148          0          0         96   bigflt0.o
      1936        128          0          0          0        672   btod.o
        18          0          0          0          0         80   exit.o
         8          0          0          0          0         68   ferror.o
         6          0          0          0          0        152   heapauxi.o
        44         10         28          0          0         76   lc_numeric_c.o
         2          0          0          0          0          0   libinit.o
        22          0          0          0          0          0   libinit2.o
         2          0          0          0          0          0   libshutdown.o
         2          0          0          0          0          0   libshutdown2.o
         8          4          0          0         96         68   libspace.o
       138          0          0          0          0         80   lludiv10.o
        24          4          0          0          0         84   noretval__2printf.o
         8          4          0          0          0         68   rt_locale_intlibspace.o
         2          0          0          0          0          0   rtexit.o
        10          0          0          0          0          0   rtexit2.o
       128          0          0          0          0         68   strcmpv7m.o
        74          0          0          0          0         80   sys_stackheap_outer.o
         2          0          0          0          0         68   use_no_semi.o
         2          0          0          0          0         68   use_no_semi_2.o
       688        140          0          0          0        256   ddiv.o
        90          4          0          0          0        140   dfixu.o
        38          0          0          0          0        116   dflt_clz.o
       340         12          0          0          0        152   dmul.o
       156          4          0          0          0        140   dnaninf.o
        12          0          0          0          0        116   dretinf.o
        86          4          0          0          0        132   f2d.o
       140          4          0          0          0        132   fnaninf.o
        10          0          0          0          0        116   fpinit.o
         4          0          0          0          0        116   printf1.o
         0          0          0          0          0          0   usenofp.o
        48          0          0          0          0        124   fpclassify.o

    ----------------------------------------------------------------------
      6364        372        176          0         96       4256   Library Totals
        14          0          0          0          0          0   (incl. Padding)

    ----------------------------------------------------------------------

      Code (inc. data)   RO Data    RW Data    ZI Data      Debug   Library Name

      4738        204        176          0         96       2716   c_w.l
      1564        168          0          0          0       1416   fz_wm.l
        48          0          0          0          0        124   m_wm.l

    ----------------------------------------------------------------------
      6364        372        176          0         96       4256   Library Totals

    ----------------------------------------------------------------------

==============================================================================


      Code (inc. data)   RO Data    RW Data    ZI Data      Debug   

     23072       1062        600         96       2240     419465   Grand Totals
     23072       1062        600         96       2240     419465   ELF Image Totals
     23072       1062        600         96          0          0   ROM Totals

==============================================================================

    Total RO  Size (Code + RO Data)                23672 (  23.12kB)
    Total RW  Size (RW Data + ZI Data)              2336 (   2.28kB)
    Total ROM Size (Code + RO Data + RW Data)      23768 (  23.21kB)

==============================================================================

